mode: set
github.com/GoMudEngine/GoMud/internal/items/attack_messages.go:55.89,57.2 1 0
github.com/GoMudEngine/GoMud/internal/items/attack_messages.go:59.58,61.27 1 0
github.com/GoMudEngine/GoMud/internal/items/attack_messages.go:61.27,63.43 1 0
github.com/GoMudEngine/GoMud/internal/items/attack_messages.go:63.43,65.4 1 0
github.com/GoMudEngine/GoMud/internal/items/attack_messages.go:67.3,67.22 1 0
github.com/GoMudEngine/GoMud/internal/items/attack_messages.go:67.22,69.4 1 0
github.com/GoMudEngine/GoMud/internal/items/attack_messages.go:71.3,71.32 1 0
github.com/GoMudEngine/GoMud/internal/items/attack_messages.go:74.2,74.24 1 0
github.com/GoMudEngine/GoMud/internal/items/attack_messages.go:82.93,90.22 3 0
github.com/GoMudEngine/GoMud/internal/items/attack_messages.go:90.22,92.3 1 0
github.com/GoMudEngine/GoMud/internal/items/attack_messages.go:95.2,95.22 1 0
github.com/GoMudEngine/GoMud/internal/items/attack_messages.go:95.22,97.3 1 0
github.com/GoMudEngine/GoMud/internal/items/attack_messages.go:100.2,100.27 1 0
github.com/GoMudEngine/GoMud/internal/items/attack_messages.go:100.27,102.3 1 0
github.com/GoMudEngine/GoMud/internal/items/attack_messages.go:105.2,105.41 1 0
github.com/GoMudEngine/GoMud/internal/items/attack_messages.go:105.41,107.3 1 0
github.com/GoMudEngine/GoMud/internal/items/attack_messages.go:109.2,109.49 1 0
github.com/GoMudEngine/GoMud/internal/items/attack_messages.go:113.53,115.2 1 0
github.com/GoMudEngine/GoMud/internal/items/attack_messages.go:118.53,122.40 2 0
github.com/GoMudEngine/GoMud/internal/items/attack_messages.go:122.40,123.38 1 0
github.com/GoMudEngine/GoMud/internal/items/attack_messages.go:123.38,125.4 1 0
github.com/GoMudEngine/GoMud/internal/items/attack_messages.go:128.2,128.12 1 0
github.com/GoMudEngine/GoMud/internal/items/attack_messages.go:131.54,133.2 1 0
github.com/GoMudEngine/GoMud/internal/items/attack_messages.go:135.84,138.57 1 0
github.com/GoMudEngine/GoMud/internal/items/attack_messages.go:138.57,139.72 1 0
github.com/GoMudEngine/GoMud/internal/items/attack_messages.go:139.72,142.4 1 0
github.com/GoMudEngine/GoMud/internal/items/attack_messages.go:145.2,145.50 1 0
github.com/GoMudEngine/GoMud/internal/items/attack_messages.go:148.73,151.22 2 0
github.com/GoMudEngine/GoMud/internal/items/attack_messages.go:151.22,153.3 1 0
github.com/GoMudEngine/GoMud/internal/items/attack_messages.go:153.8,153.28 1 0
github.com/GoMudEngine/GoMud/internal/items/attack_messages.go:153.28,155.3 1 0
github.com/GoMudEngine/GoMud/internal/items/attack_messages.go:155.8,155.28 1 0
github.com/GoMudEngine/GoMud/internal/items/attack_messages.go:155.28,157.3 1 0
github.com/GoMudEngine/GoMud/internal/items/attack_messages.go:157.8,157.27 1 0
github.com/GoMudEngine/GoMud/internal/items/attack_messages.go:157.27,159.3 1 0
github.com/GoMudEngine/GoMud/internal/items/attack_messages.go:159.8,161.3 1 0
github.com/GoMudEngine/GoMud/internal/items/attack_messages.go:164.2,164.57 1 0
github.com/GoMudEngine/GoMud/internal/items/attack_messages.go:164.57,165.70 1 0
github.com/GoMudEngine/GoMud/internal/items/attack_messages.go:165.70,168.4 1 0
github.com/GoMudEngine/GoMud/internal/items/attack_messages.go:171.2,171.45 1 0
github.com/GoMudEngine/GoMud/internal/items/defensive_messages.go:38.48,40.2 1 0
github.com/GoMudEngine/GoMud/internal/items/defensive_messages.go:43.48,47.40 2 0
github.com/GoMudEngine/GoMud/internal/items/defensive_messages.go:47.40,48.38 1 0
github.com/GoMudEngine/GoMud/internal/items/defensive_messages.go:48.38,50.4 1 0
github.com/GoMudEngine/GoMud/internal/items/defensive_messages.go:53.2,53.12 1 0
github.com/GoMudEngine/GoMud/internal/items/defensive_messages.go:56.49,58.2 1 0
github.com/GoMudEngine/GoMud/internal/items/defensive_messages.go:61.80,67.19 2 0
github.com/GoMudEngine/GoMud/internal/items/defensive_messages.go:67.19,69.3 1 0
github.com/GoMudEngine/GoMud/internal/items/defensive_messages.go:69.8,69.26 1 0
github.com/GoMudEngine/GoMud/internal/items/defensive_messages.go:69.26,71.3 1 0
github.com/GoMudEngine/GoMud/internal/items/defensive_messages.go:71.8,73.3 1 0
github.com/GoMudEngine/GoMud/internal/items/defensive_messages.go:76.2,76.63 1 0
github.com/GoMudEngine/GoMud/internal/items/defensive_messages.go:76.63,77.72 1 0
github.com/GoMudEngine/GoMud/internal/items/defensive_messages.go:77.72,79.4 1 0
github.com/GoMudEngine/GoMud/internal/items/defensive_messages.go:83.2,83.25 1 0
github.com/GoMudEngine/GoMud/internal/items/items.go:58.27,62.21 3 1
github.com/GoMudEngine/GoMud/internal/items/items.go:62.21,65.24 3 1
github.com/GoMudEngine/GoMud/internal/items/items.go:65.24,67.4 1 0
github.com/GoMudEngine/GoMud/internal/items/items.go:70.2,72.15 2 1
github.com/GoMudEngine/GoMud/internal/items/items.go:75.35,77.2 1 0
github.com/GoMudEngine/GoMud/internal/items/items.go:79.46,80.25 1 1
github.com/GoMudEngine/GoMud/internal/items/items.go:80.25,82.3 1 1
github.com/GoMudEngine/GoMud/internal/items/items.go:84.2,84.33 1 1
github.com/GoMudEngine/GoMud/internal/items/items.go:84.33,85.15 1 1
github.com/GoMudEngine/GoMud/internal/items/items.go:85.15,87.4 1 1
github.com/GoMudEngine/GoMud/internal/items/items.go:90.2,90.14 1 1
github.com/GoMudEngine/GoMud/internal/items/items.go:93.57,94.25 1 1
github.com/GoMudEngine/GoMud/internal/items/items.go:94.25,96.3 1 1
github.com/GoMudEngine/GoMud/internal/items/items.go:97.2,97.35 1 1
github.com/GoMudEngine/GoMud/internal/items/items.go:97.35,98.15 1 1
github.com/GoMudEngine/GoMud/internal/items/items.go:98.15,99.17 1 1
github.com/GoMudEngine/GoMud/internal/items/items.go:99.17,101.5 1 1
github.com/GoMudEngine/GoMud/internal/items/items.go:101.10,104.5 2 1
github.com/GoMudEngine/GoMud/internal/items/items.go:107.2,107.15 1 1
github.com/GoMudEngine/GoMud/internal/items/items.go:107.15,109.3 1 1
github.com/GoMudEngine/GoMud/internal/items/items.go:114.54,116.12 2 0
github.com/GoMudEngine/GoMud/internal/items/items.go:116.12,118.3 1 0
github.com/GoMudEngine/GoMud/internal/items/items.go:119.2,120.29 2 0
github.com/GoMudEngine/GoMud/internal/items/items.go:120.29,121.42 1 0
github.com/GoMudEngine/GoMud/internal/items/items.go:121.42,123.4 1 0
github.com/GoMudEngine/GoMud/internal/items/items.go:123.9,125.4 1 0
github.com/GoMudEngine/GoMud/internal/items/items.go:127.2,127.21 1 0
github.com/GoMudEngine/GoMud/internal/items/items.go:130.51,132.28 1 1
github.com/GoMudEngine/GoMud/internal/items/items.go:132.28,134.3 1 1
github.com/GoMudEngine/GoMud/internal/items/items.go:136.2,136.18 1 1
github.com/GoMudEngine/GoMud/internal/items/items.go:136.18,139.3 2 1
github.com/GoMudEngine/GoMud/internal/items/items.go:140.2,140.30 1 1
github.com/GoMudEngine/GoMud/internal/items/items.go:143.44,145.28 1 1
github.com/GoMudEngine/GoMud/internal/items/items.go:145.28,147.3 1 0
github.com/GoMudEngine/GoMud/internal/items/items.go:149.2,149.43 1 1
github.com/GoMudEngine/GoMud/internal/items/items.go:149.43,151.3 1 1
github.com/GoMudEngine/GoMud/internal/items/items.go:152.2,152.12 1 1
github.com/GoMudEngine/GoMud/internal/items/items.go:156.47,158.2 1 1
github.com/GoMudEngine/GoMud/internal/items/items.go:160.33,162.2 1 1
github.com/GoMudEngine/GoMud/internal/items/items.go:164.27,165.18 1 1
github.com/GoMudEngine/GoMud/internal/items/items.go:165.18,167.3 1 0
github.com/GoMudEngine/GoMud/internal/items/items.go:170.2,170.20 1 1
github.com/GoMudEngine/GoMud/internal/items/items.go:170.20,172.3 1 0
github.com/GoMudEngine/GoMud/internal/items/items.go:174.2,175.22 2 1
github.com/GoMudEngine/GoMud/internal/items/items.go:175.22,176.36 1 1
github.com/GoMudEngine/GoMud/internal/items/items.go:176.36,178.4 1 0
github.com/GoMudEngine/GoMud/internal/items/items.go:183.44,191.28 4 1
github.com/GoMudEngine/GoMud/internal/items/items.go:191.28,196.3 2 0
github.com/GoMudEngine/GoMud/internal/items/items.go:196.8,196.39 1 1
github.com/GoMudEngine/GoMud/internal/items/items.go:196.39,201.3 2 0
github.com/GoMudEngine/GoMud/internal/items/items.go:201.8,201.36 1 1
github.com/GoMudEngine/GoMud/internal/items/items.go:201.36,206.3 2 0
github.com/GoMudEngine/GoMud/internal/items/items.go:206.8,206.36 1 1
github.com/GoMudEngine/GoMud/internal/items/items.go:206.36,211.3 2 0
github.com/GoMudEngine/GoMud/internal/items/items.go:211.8,211.30 1 1
github.com/GoMudEngine/GoMud/internal/items/items.go:211.30,216.3 2 1
github.com/GoMudEngine/GoMud/internal/items/items.go:216.8,216.38 1 1
github.com/GoMudEngine/GoMud/internal/items/items.go:216.38,221.3 2 0
github.com/GoMudEngine/GoMud/internal/items/items.go:221.8,221.33 1 1
github.com/GoMudEngine/GoMud/internal/items/items.go:221.33,226.29 3 1
github.com/GoMudEngine/GoMud/internal/items/items.go:226.29,231.4 2 0
github.com/GoMudEngine/GoMud/internal/items/items.go:231.9,231.39 1 1
github.com/GoMudEngine/GoMud/internal/items/items.go:231.39,236.4 2 0
github.com/GoMudEngine/GoMud/internal/items/items.go:238.3,238.27 1 1
github.com/GoMudEngine/GoMud/internal/items/items.go:238.27,243.4 2 0
github.com/GoMudEngine/GoMud/internal/items/items.go:245.8,245.36 1 1
github.com/GoMudEngine/GoMud/internal/items/items.go:245.36,250.3 2 1
github.com/GoMudEngine/GoMud/internal/items/items.go:252.2,252.26 1 1
github.com/GoMudEngine/GoMud/internal/items/items.go:255.49,257.25 1 1
github.com/GoMudEngine/GoMud/internal/items/items.go:257.25,259.3 1 1
github.com/GoMudEngine/GoMud/internal/items/items.go:261.2,261.53 1 1
github.com/GoMudEngine/GoMud/internal/items/items.go:264.35,265.19 1 1
github.com/GoMudEngine/GoMud/internal/items/items.go:265.19,267.3 1 1
github.com/GoMudEngine/GoMud/internal/items/items.go:268.2,269.18 2 1
github.com/GoMudEngine/GoMud/internal/items/items.go:269.18,271.3 1 1
github.com/GoMudEngine/GoMud/internal/items/items.go:272.2,272.15 1 1
github.com/GoMudEngine/GoMud/internal/items/items.go:275.40,276.19 1 1
github.com/GoMudEngine/GoMud/internal/items/items.go:276.19,279.3 2 1
github.com/GoMudEngine/GoMud/internal/items/items.go:281.2,281.57 1 1
github.com/GoMudEngine/GoMud/internal/items/items.go:284.69,285.19 1 1
github.com/GoMudEngine/GoMud/internal/items/items.go:285.19,288.3 2 1
github.com/GoMudEngine/GoMud/internal/items/items.go:290.2,292.33 2 1
github.com/GoMudEngine/GoMud/internal/items/items.go:292.33,296.3 1 1
github.com/GoMudEngine/GoMud/internal/items/items.go:296.8,298.3 1 0
github.com/GoMudEngine/GoMud/internal/items/items.go:301.50,302.19 1 1
github.com/GoMudEngine/GoMud/internal/items/items.go:302.19,305.3 2 1
github.com/GoMudEngine/GoMud/internal/items/items.go:307.2,307.37 1 1
github.com/GoMudEngine/GoMud/internal/items/items.go:310.35,312.2 1 1
github.com/GoMudEngine/GoMud/internal/items/items.go:314.28,315.21 1 1
github.com/GoMudEngine/GoMud/internal/items/items.go:315.21,318.3 2 1
github.com/GoMudEngine/GoMud/internal/items/items.go:322.98,326.19 2 1
github.com/GoMudEngine/GoMud/internal/items/items.go:326.19,329.3 2 1
github.com/GoMudEngine/GoMud/internal/items/items.go:329.8,331.3 1 0
github.com/GoMudEngine/GoMud/internal/items/items.go:333.2,333.35 1 1
github.com/GoMudEngine/GoMud/internal/items/items.go:333.35,335.3 1 1
github.com/GoMudEngine/GoMud/internal/items/items.go:335.8,337.3 1 0
github.com/GoMudEngine/GoMud/internal/items/items.go:338.2,341.48 2 1
github.com/GoMudEngine/GoMud/internal/items/items.go:341.48,343.3 1 1
github.com/GoMudEngine/GoMud/internal/items/items.go:345.2,349.36 3 1
github.com/GoMudEngine/GoMud/internal/items/items.go:349.36,351.3 1 0
github.com/GoMudEngine/GoMud/internal/items/items.go:352.2,354.19 2 1
github.com/GoMudEngine/GoMud/internal/items/items.go:357.26,359.2 1 1
github.com/GoMudEngine/GoMud/internal/items/items.go:361.32,363.2 1 1
github.com/GoMudEngine/GoMud/internal/items/items.go:367.97,368.18 1 1
github.com/GoMudEngine/GoMud/internal/items/items.go:368.18,370.3 1 1
github.com/GoMudEngine/GoMud/internal/items/items.go:371.2,372.84 2 1
github.com/GoMudEngine/GoMud/internal/items/items.go:379.110,380.18 1 1
github.com/GoMudEngine/GoMud/internal/items/items.go:380.18,382.3 1 1
github.com/GoMudEngine/GoMud/internal/items/items.go:383.2,385.17 3 1
github.com/GoMudEngine/GoMud/internal/items/items.go:385.17,387.3 1 0
github.com/GoMudEngine/GoMud/internal/items/items.go:388.2,388.24 1 1
github.com/GoMudEngine/GoMud/internal/items/items.go:388.24,390.3 1 1
github.com/GoMudEngine/GoMud/internal/items/items.go:392.2,393.71 2 1
github.com/GoMudEngine/GoMud/internal/items/items.go:396.33,398.21 2 1
github.com/GoMudEngine/GoMud/internal/items/items.go:398.21,400.3 1 1
github.com/GoMudEngine/GoMud/internal/items/items.go:401.2,401.44 1 1
github.com/GoMudEngine/GoMud/internal/items/items.go:401.44,403.3 1 1
github.com/GoMudEngine/GoMud/internal/items/items.go:404.2,404.19 1 1
github.com/GoMudEngine/GoMud/internal/items/items.go:404.19,406.3 1 1
github.com/GoMudEngine/GoMud/internal/items/items.go:408.2,408.14 1 1
github.com/GoMudEngine/GoMud/internal/items/items.go:411.35,413.2 1 1
github.com/GoMudEngine/GoMud/internal/items/items.go:416.33,419.2 2 1
github.com/GoMudEngine/GoMud/internal/items/items.go:421.36,423.2 1 1
github.com/GoMudEngine/GoMud/internal/items/items.go:425.31,427.56 1 1
github.com/GoMudEngine/GoMud/internal/items/items.go:427.56,429.3 1 1
github.com/GoMudEngine/GoMud/internal/items/items.go:430.2,430.14 1 1
github.com/GoMudEngine/GoMud/internal/items/items.go:433.33,434.22 1 0
github.com/GoMudEngine/GoMud/internal/items/items.go:434.22,436.3 1 0
github.com/GoMudEngine/GoMud/internal/items/items.go:438.2,439.41 2 0
github.com/GoMudEngine/GoMud/internal/items/items.go:442.37,445.2 2 0
github.com/GoMudEngine/GoMud/internal/items/items.go:447.36,451.18 2 1
github.com/GoMudEngine/GoMud/internal/items/items.go:451.18,453.3 1 1
github.com/GoMudEngine/GoMud/internal/items/items.go:454.2,454.21 1 1
github.com/GoMudEngine/GoMud/internal/items/items.go:454.21,456.3 1 1
github.com/GoMudEngine/GoMud/internal/items/items.go:458.2,458.21 1 1
github.com/GoMudEngine/GoMud/internal/items/items.go:458.21,460.3 1 1
github.com/GoMudEngine/GoMud/internal/items/items.go:462.2,462.82 1 1
github.com/GoMudEngine/GoMud/internal/items/items.go:465.37,466.18 1 1
github.com/GoMudEngine/GoMud/internal/items/items.go:466.18,467.20 1 1
github.com/GoMudEngine/GoMud/internal/items/items.go:467.20,469.4 1 1
github.com/GoMudEngine/GoMud/internal/items/items.go:469.9,471.4 1 1
github.com/GoMudEngine/GoMud/internal/items/items.go:474.2,475.34 2 1
github.com/GoMudEngine/GoMud/internal/items/items.go:475.34,477.3 1 1
github.com/GoMudEngine/GoMud/internal/items/items.go:479.2,480.45 2 1
github.com/GoMudEngine/GoMud/internal/items/items.go:480.45,482.36 2 1
github.com/GoMudEngine/GoMud/internal/items/items.go:482.36,483.45 1 1
github.com/GoMudEngine/GoMud/internal/items/items.go:483.45,485.5 1 0
github.com/GoMudEngine/GoMud/internal/items/items.go:485.10,487.5 1 1
github.com/GoMudEngine/GoMud/internal/items/items.go:488.4,488.20 1 1
github.com/GoMudEngine/GoMud/internal/items/items.go:488.20,490.5 1 0
github.com/GoMudEngine/GoMud/internal/items/items.go:492.3,492.23 1 1
github.com/GoMudEngine/GoMud/internal/items/items.go:495.2,496.28 2 1
github.com/GoMudEngine/GoMud/internal/items/items.go:496.28,497.35 1 0
github.com/GoMudEngine/GoMud/internal/items/items.go:497.35,499.4 1 0
github.com/GoMudEngine/GoMud/internal/items/items.go:499.9,501.4 1 0
github.com/GoMudEngine/GoMud/internal/items/items.go:503.2,503.36 1 1
github.com/GoMudEngine/GoMud/internal/items/items.go:506.30,508.18 1 1
github.com/GoMudEngine/GoMud/internal/items/items.go:508.18,509.20 1 1
github.com/GoMudEngine/GoMud/internal/items/items.go:509.20,511.4 1 1
github.com/GoMudEngine/GoMud/internal/items/items.go:511.9,513.4 1 1
github.com/GoMudEngine/GoMud/internal/items/items.go:516.2,516.25 1 1
github.com/GoMudEngine/GoMud/internal/items/items.go:519.37,520.18 1 1
github.com/GoMudEngine/GoMud/internal/items/items.go:520.18,522.3 1 1
github.com/GoMudEngine/GoMud/internal/items/items.go:524.2,524.57 1 1
github.com/GoMudEngine/GoMud/internal/items/items.go:527.36,529.18 1 1
github.com/GoMudEngine/GoMud/internal/items/items.go:529.18,530.20 1 1
github.com/GoMudEngine/GoMud/internal/items/items.go:530.20,532.4 1 1
github.com/GoMudEngine/GoMud/internal/items/items.go:532.9,534.4 1 1
github.com/GoMudEngine/GoMud/internal/items/items.go:537.2,537.31 1 1
github.com/GoMudEngine/GoMud/internal/items/items.go:540.37,542.18 1 1
github.com/GoMudEngine/GoMud/internal/items/items.go:542.18,543.20 1 1
github.com/GoMudEngine/GoMud/internal/items/items.go:543.20,545.4 1 1
github.com/GoMudEngine/GoMud/internal/items/items.go:545.9,547.4 1 0
github.com/GoMudEngine/GoMud/internal/items/items.go:550.2,552.40 2 1
github.com/GoMudEngine/GoMud/internal/items/items.go:552.40,554.3 1 0
github.com/GoMudEngine/GoMud/internal/items/items.go:555.2,556.20 2 1
github.com/GoMudEngine/GoMud/internal/items/items.go:556.20,558.3 1 1
github.com/GoMudEngine/GoMud/internal/items/items.go:559.2,559.11 1 1
github.com/GoMudEngine/GoMud/internal/items/items.go:562.96,564.18 1 1
github.com/GoMudEngine/GoMud/internal/items/items.go:564.18,566.3 1 1
github.com/GoMudEngine/GoMud/internal/items/items.go:568.2,571.19 3 1
github.com/GoMudEngine/GoMud/internal/items/items.go:571.19,572.42 1 1
github.com/GoMudEngine/GoMud/internal/items/items.go:572.42,573.27 1 1
github.com/GoMudEngine/GoMud/internal/items/items.go:573.27,575.5 1 0
github.com/GoMudEngine/GoMud/internal/items/items.go:576.4,576.22 1 1
github.com/GoMudEngine/GoMud/internal/items/items.go:580.2,580.42 1 1
github.com/GoMudEngine/GoMud/internal/items/items.go:580.42,581.26 1 1
github.com/GoMudEngine/GoMud/internal/items/items.go:581.26,583.4 1 1
github.com/GoMudEngine/GoMud/internal/items/items.go:584.3,584.21 1 1
github.com/GoMudEngine/GoMud/internal/items/items.go:587.2,587.21 1 1
github.com/GoMudEngine/GoMud/internal/items/items.go:590.48,592.18 1 1
github.com/GoMudEngine/GoMud/internal/items/items.go:592.18,594.3 1 1
github.com/GoMudEngine/GoMud/internal/items/items.go:596.2,598.43 2 1
github.com/GoMudEngine/GoMud/internal/items/items.go:601.37,602.17 1 1
github.com/GoMudEngine/GoMud/internal/items/items.go:602.17,604.3 1 1
github.com/GoMudEngine/GoMud/internal/items/items.go:606.2,607.105 2 1
github.com/GoMudEngine/GoMud/internal/items/items.go:613.77,615.23 1 1
github.com/GoMudEngine/GoMud/internal/items/items.go:615.23,616.25 1 1
github.com/GoMudEngine/GoMud/internal/items/items.go:616.25,624.22 5 1
github.com/GoMudEngine/GoMud/internal/items/items.go:624.22,626.5 1 0
github.com/GoMudEngine/GoMud/internal/items/items.go:628.4,628.30 1 1
github.com/GoMudEngine/GoMud/internal/items/items.go:628.30,631.31 1 1
github.com/GoMudEngine/GoMud/internal/items/items.go:631.31,632.35 1 0
github.com/GoMudEngine/GoMud/internal/items/items.go:632.35,633.15 1 0
github.com/GoMudEngine/GoMud/internal/items/items.go:635.6,635.21 1 0
github.com/GoMudEngine/GoMud/internal/items/items.go:638.5,638.24 1 1
github.com/GoMudEngine/GoMud/internal/items/items.go:638.24,639.35 1 1
github.com/GoMudEngine/GoMud/internal/items/items.go:639.35,640.15 1 0
github.com/GoMudEngine/GoMud/internal/items/items.go:642.6,642.21 1 1
github.com/GoMudEngine/GoMud/internal/items/items.go:645.4,645.25 1 0
github.com/GoMudEngine/GoMud/internal/items/items.go:649.2,657.26 6 1
github.com/GoMudEngine/GoMud/internal/items/items.go:657.26,661.11 2 1
github.com/GoMudEngine/GoMud/internal/items/items.go:661.11,663.38 2 1
github.com/GoMudEngine/GoMud/internal/items/items.go:663.38,665.5 1 1
github.com/GoMudEngine/GoMud/internal/items/items.go:668.3,668.11 1 1
github.com/GoMudEngine/GoMud/internal/items/items.go:668.11,670.33 2 1
github.com/GoMudEngine/GoMud/internal/items/items.go:670.33,672.10 2 1
github.com/GoMudEngine/GoMud/internal/items/items.go:680.2,680.32 1 1
github.com/GoMudEngine/GoMud/internal/items/items.go:680.32,682.27 2 1
github.com/GoMudEngine/GoMud/internal/items/items.go:682.27,685.12 2 1
github.com/GoMudEngine/GoMud/internal/items/items.go:685.12,687.39 2 0
github.com/GoMudEngine/GoMud/internal/items/items.go:687.39,689.11 2 0
github.com/GoMudEngine/GoMud/internal/items/items.go:697.2,697.26 1 1
github.com/GoMudEngine/GoMud/internal/items/items.go:697.26,699.3 1 1
github.com/GoMudEngine/GoMud/internal/items/items.go:701.2,701.31 1 1
github.com/GoMudEngine/GoMud/internal/items/items.go:701.31,703.3 1 1
github.com/GoMudEngine/GoMud/internal/items/items.go:705.2,705.23 1 1
github.com/GoMudEngine/GoMud/internal/items/itemspec.go:41.33,71.2 1 1
github.com/GoMudEngine/GoMud/internal/items/itemspec.go:74.36,98.2 1 1
github.com/GoMudEngine/GoMud/internal/items/itemspec.go:252.34,254.2 1 1
github.com/GoMudEngine/GoMud/internal/items/itemspec.go:256.35,258.2 1 1
github.com/GoMudEngine/GoMud/internal/items/itemspec.go:260.38,262.2 1 1
github.com/GoMudEngine/GoMud/internal/items/itemspec.go:264.34,265.22 1 1
github.com/GoMudEngine/GoMud/internal/items/itemspec.go:265.22,267.3 1 1
github.com/GoMudEngine/GoMud/internal/items/itemspec.go:268.2,268.22 1 1
github.com/GoMudEngine/GoMud/internal/items/itemspec.go:268.22,270.3 1 1
github.com/GoMudEngine/GoMud/internal/items/itemspec.go:271.2,271.19 1 1
github.com/GoMudEngine/GoMud/internal/items/itemspec.go:274.42,279.2 2 1
github.com/GoMudEngine/GoMud/internal/items/itemspec.go:281.45,283.20 1 1
github.com/GoMudEngine/GoMud/internal/items/itemspec.go:283.20,285.3 1 1
github.com/GoMudEngine/GoMud/internal/items/itemspec.go:287.2,287.83 1 0
github.com/GoMudEngine/GoMud/internal/items/itemspec.go:292.48,293.24 1 1
github.com/GoMudEngine/GoMud/internal/items/itemspec.go:293.24,295.3 1 1
github.com/GoMudEngine/GoMud/internal/items/itemspec.go:299.2,299.17 1 1
github.com/GoMudEngine/GoMud/internal/items/itemspec.go:300.14,302.11 1 1
github.com/GoMudEngine/GoMud/internal/items/itemspec.go:303.10,304.11 1 1
github.com/GoMudEngine/GoMud/internal/items/itemspec.go:311.49,312.28 1 1
github.com/GoMudEngine/GoMud/internal/items/itemspec.go:312.28,314.3 1 1
github.com/GoMudEngine/GoMud/internal/items/itemspec.go:318.2,318.12 1 1
github.com/GoMudEngine/GoMud/internal/items/itemspec.go:323.40,325.2 1 1
github.com/GoMudEngine/GoMud/internal/items/itemspec.go:327.36,328.55 1 1
github.com/GoMudEngine/GoMud/internal/items/itemspec.go:328.55,329.42 1 1
github.com/GoMudEngine/GoMud/internal/items/itemspec.go:329.42,331.4 1 1
github.com/GoMudEngine/GoMud/internal/items/itemspec.go:334.2,334.33 1 1
github.com/GoMudEngine/GoMud/internal/items/itemspec.go:337.41,339.29 1 1
github.com/GoMudEngine/GoMud/internal/items/itemspec.go:339.29,340.23 1 1
github.com/GoMudEngine/GoMud/internal/items/itemspec.go:340.23,341.12 1 1
github.com/GoMudEngine/GoMud/internal/items/itemspec.go:343.3,343.31 1 1
github.com/GoMudEngine/GoMud/internal/items/itemspec.go:343.31,345.4 1 1
github.com/GoMudEngine/GoMud/internal/items/itemspec.go:348.2,348.10 1 1
github.com/GoMudEngine/GoMud/internal/items/itemspec.go:351.38,354.29 2 1
github.com/GoMudEngine/GoMud/internal/items/itemspec.go:354.29,355.41 1 1
github.com/GoMudEngine/GoMud/internal/items/itemspec.go:355.41,357.4 1 1
github.com/GoMudEngine/GoMud/internal/items/itemspec.go:360.2,360.29 1 1
github.com/GoMudEngine/GoMud/internal/items/itemspec.go:360.29,361.58 1 1
github.com/GoMudEngine/GoMud/internal/items/itemspec.go:361.58,363.4 1 1
github.com/GoMudEngine/GoMud/internal/items/itemspec.go:366.2,366.29 1 1
github.com/GoMudEngine/GoMud/internal/items/itemspec.go:366.29,367.57 1 1
github.com/GoMudEngine/GoMud/internal/items/itemspec.go:367.57,369.4 1 1
github.com/GoMudEngine/GoMud/internal/items/itemspec.go:372.2,372.10 1 1
github.com/GoMudEngine/GoMud/internal/items/itemspec.go:375.35,378.29 2 1
github.com/GoMudEngine/GoMud/internal/items/itemspec.go:378.29,380.3 1 1
github.com/GoMudEngine/GoMud/internal/items/itemspec.go:381.2,381.18 1 1
github.com/GoMudEngine/GoMud/internal/items/itemspec.go:384.33,387.29 2 1
github.com/GoMudEngine/GoMud/internal/items/itemspec.go:387.29,389.3 1 1
github.com/GoMudEngine/GoMud/internal/items/itemspec.go:390.2,390.18 1 1
github.com/GoMudEngine/GoMud/internal/items/itemspec.go:394.29,396.2 1 1
github.com/GoMudEngine/GoMud/internal/items/itemspec.go:398.45,399.95 1 1
github.com/GoMudEngine/GoMud/internal/items/itemspec.go:399.95,401.3 1 1
github.com/GoMudEngine/GoMud/internal/items/itemspec.go:402.2,402.14 1 1
github.com/GoMudEngine/GoMud/internal/items/itemspec.go:405.41,410.29 2 1
github.com/GoMudEngine/GoMud/internal/items/itemspec.go:410.29,412.3 1 1
github.com/GoMudEngine/GoMud/internal/items/itemspec.go:412.8,415.3 2 1
github.com/GoMudEngine/GoMud/internal/items/itemspec.go:417.2,420.35 2 1
github.com/GoMudEngine/GoMud/internal/items/itemspec.go:420.35,421.61 1 0
github.com/GoMudEngine/GoMud/internal/items/itemspec.go:421.61,423.4 1 0
github.com/GoMudEngine/GoMud/internal/items/itemspec.go:426.2,426.37 1 1
github.com/GoMudEngine/GoMud/internal/items/itemspec.go:426.37,428.3 1 0
github.com/GoMudEngine/GoMud/internal/items/itemspec.go:431.2,431.16 1 1
github.com/GoMudEngine/GoMud/internal/items/itemspec.go:431.16,433.3 1 0
github.com/GoMudEngine/GoMud/internal/items/itemspec.go:435.2,435.25 1 1
github.com/GoMudEngine/GoMud/internal/items/itemspec.go:435.25,437.3 1 0
github.com/GoMudEngine/GoMud/internal/items/itemspec.go:439.2,439.17 1 1
github.com/GoMudEngine/GoMud/internal/items/itemspec.go:439.17,441.3 1 0
github.com/GoMudEngine/GoMud/internal/items/itemspec.go:443.2,443.20 1 1
github.com/GoMudEngine/GoMud/internal/items/itemspec.go:443.20,446.3 1 0
github.com/GoMudEngine/GoMud/internal/items/itemspec.go:448.2,448.15 1 1
github.com/GoMudEngine/GoMud/internal/items/itemspec.go:451.56,453.23 2 1
github.com/GoMudEngine/GoMud/internal/items/itemspec.go:453.23,455.3 1 1
github.com/GoMudEngine/GoMud/internal/items/itemspec.go:455.8,455.30 1 1
github.com/GoMudEngine/GoMud/internal/items/itemspec.go:455.30,457.3 1 1
github.com/GoMudEngine/GoMud/internal/items/itemspec.go:457.8,457.30 1 1
github.com/GoMudEngine/GoMud/internal/items/itemspec.go:457.30,459.39 1 1
github.com/GoMudEngine/GoMud/internal/items/itemspec.go:459.39,461.4 1 1
github.com/GoMudEngine/GoMud/internal/items/itemspec.go:461.9,463.4 1 1
github.com/GoMudEngine/GoMud/internal/items/itemspec.go:465.8,465.30 1 1
github.com/GoMudEngine/GoMud/internal/items/itemspec.go:465.30,467.3 1 1
github.com/GoMudEngine/GoMud/internal/items/itemspec.go:467.8,469.3 1 1
github.com/GoMudEngine/GoMud/internal/items/itemspec.go:471.2,471.19 1 1
github.com/GoMudEngine/GoMud/internal/items/itemspec.go:475.37,477.22 1 1
github.com/GoMudEngine/GoMud/internal/items/itemspec.go:477.22,478.19 1 1
github.com/GoMudEngine/GoMud/internal/items/itemspec.go:478.19,480.4 1 1
github.com/GoMudEngine/GoMud/internal/items/itemspec.go:481.3,481.27 1 1
github.com/GoMudEngine/GoMud/internal/items/itemspec.go:481.27,483.4 1 1
github.com/GoMudEngine/GoMud/internal/items/itemspec.go:486.2,486.24 1 1
github.com/GoMudEngine/GoMud/internal/items/itemspec.go:486.24,488.3 1 1
github.com/GoMudEngine/GoMud/internal/items/itemspec.go:490.2,490.25 1 1
github.com/GoMudEngine/GoMud/internal/items/itemspec.go:490.25,492.3 1 0
github.com/GoMudEngine/GoMud/internal/items/itemspec.go:494.2,494.30 1 1
github.com/GoMudEngine/GoMud/internal/items/itemspec.go:494.30,497.3 2 1
github.com/GoMudEngine/GoMud/internal/items/itemspec.go:499.2,499.17 1 1
github.com/GoMudEngine/GoMud/internal/items/itemspec.go:499.17,501.3 1 1
github.com/GoMudEngine/GoMud/internal/items/itemspec.go:503.2,503.12 1 1
github.com/GoMudEngine/GoMud/internal/items/itemspec.go:506.38,510.2 2 1
github.com/GoMudEngine/GoMud/internal/items/itemspec.go:512.38,514.2 1 1
github.com/GoMudEngine/GoMud/internal/items/itemspec.go:516.38,521.47 2 0
github.com/GoMudEngine/GoMud/internal/items/itemspec.go:521.47,522.56 1 0
github.com/GoMudEngine/GoMud/internal/items/itemspec.go:522.56,524.4 1 0
github.com/GoMudEngine/GoMud/internal/items/itemspec.go:527.2,527.11 1 0
github.com/GoMudEngine/GoMud/internal/items/itemspec.go:530.43,533.2 1 0
github.com/GoMudEngine/GoMud/internal/items/itemspec.go:535.40,536.16 1 1
github.com/GoMudEngine/GoMud/internal/items/itemspec.go:536.16,538.9 2 1
github.com/GoMudEngine/GoMud/internal/items/itemspec.go:538.9,540.4 1 1
github.com/GoMudEngine/GoMud/internal/items/itemspec.go:542.2,542.12 1 1
github.com/GoMudEngine/GoMud/internal/items/itemspec.go:546.22,552.16 4 0
github.com/GoMudEngine/GoMud/internal/items/itemspec.go:552.16,553.58 1 0
github.com/GoMudEngine/GoMud/internal/items/itemspec.go:556.2,559.16 3 0
github.com/GoMudEngine/GoMud/internal/items/itemspec.go:559.16,560.68 1 0
github.com/GoMudEngine/GoMud/internal/items/itemspec.go:563.2,566.16 3 0
github.com/GoMudEngine/GoMud/internal/items/itemspec.go:566.16,567.69 1 0
github.com/GoMudEngine/GoMud/internal/items/itemspec.go:570.2,572.193 2 0
github.com/GoMudEngine/GoMud/internal/items/memory.go:5.52,11.2 3 0
github.com/GoMudEngine/GoMud/internal/items/memory.go:13.13,15.2 1 1
github.com/GoMudEngine/GoMud/internal/items/newitemfile.go:10.59,13.29 2 0
github.com/GoMudEngine/GoMud/internal/items/newitemfile.go:13.29,15.3 1 0
github.com/GoMudEngine/GoMud/internal/items/newitemfile.go:17.2,17.47 1 0
github.com/GoMudEngine/GoMud/internal/items/newitemfile.go:17.47,19.3 1 0
github.com/GoMudEngine/GoMud/internal/items/newitemfile.go:25.2,33.51 5 0
github.com/GoMudEngine/GoMud/internal/items/newitemfile.go:33.51,35.3 1 0
github.com/GoMudEngine/GoMud/internal/items/newitemfile.go:37.2,37.145 1 0
github.com/GoMudEngine/GoMud/internal/items/newitemfile.go:37.145,39.3 1 0
github.com/GoMudEngine/GoMud/internal/items/newitemfile.go:42.2,44.30 2 0
github.com/GoMudEngine/GoMud/internal/items/newitemfile.go:47.36,53.36 4 0
github.com/GoMudEngine/GoMud/internal/items/newitemfile.go:53.36,55.28 1 0
github.com/GoMudEngine/GoMud/internal/items/newitemfile.go:55.28,58.9 3 0
github.com/GoMudEngine/GoMud/internal/items/newitemfile.go:63.2,63.36 1 0
github.com/GoMudEngine/GoMud/internal/items/newitemfile.go:63.36,65.3 1 0
github.com/GoMudEngine/GoMud/internal/items/newitemfile.go:67.2,68.30 2 0
github.com/GoMudEngine/GoMud/internal/items/newitemfile.go:68.30,70.57 1 0
github.com/GoMudEngine/GoMud/internal/items/newitemfile.go:70.57,71.12 1 0
github.com/GoMudEngine/GoMud/internal/items/newitemfile.go:74.3,74.35 1 0
github.com/GoMudEngine/GoMud/internal/items/newitemfile.go:74.35,76.4 1 0
github.com/GoMudEngine/GoMud/internal/items/newitemfile.go:79.2,79.56 1 0
github.com/GoMudEngine/GoMud/internal/items/newitemfile.go:79.56,81.3 1 0
github.com/GoMudEngine/GoMud/internal/items/newitemfile.go:83.2,83.21 1 0
