mode: set
github.com/GoMudEngine/GoMud/internal/mobs/crafter.go:26.42,27.18 1 1
github.com/GoMudEngine/GoMud/internal/mobs/crafter.go:27.18,29.3 1 1
github.com/GoMudEngine/GoMud/internal/mobs/crafter.go:30.2,31.29 2 0
github.com/GoMudEngine/GoMud/internal/mobs/crafter.go:31.29,33.3 1 0
github.com/GoMudEngine/GoMud/internal/mobs/crafter.go:34.2,34.32 1 0
github.com/GoMudEngine/GoMud/internal/mobs/crafter.go:34.32,36.3 1 0
github.com/GoMudEngine/GoMud/internal/mobs/crafter.go:38.2,42.22 3 0
github.com/GoMudEngine/GoMud/internal/mobs/crafter.go:42.22,44.3 1 0
github.com/GoMudEngine/GoMud/internal/mobs/crafter.go:45.2,45.38 1 0
github.com/GoMudEngine/GoMud/internal/mobs/crafter.go:45.38,48.3 2 0
github.com/GoMudEngine/GoMud/internal/mobs/crafter.go:51.2,51.58 1 0
github.com/GoMudEngine/GoMud/internal/mobs/crafter.go:51.58,53.3 1 0
github.com/GoMudEngine/GoMud/internal/mobs/crafter.go:54.2,57.53 2 0
github.com/GoMudEngine/GoMud/internal/mobs/crafter.go:57.53,59.21 2 0
github.com/GoMudEngine/GoMud/internal/mobs/crafter.go:59.21,61.4 1 0
github.com/GoMudEngine/GoMud/internal/mobs/crafter.go:65.2,66.19 2 0
github.com/GoMudEngine/GoMud/internal/mobs/crafter.go:66.19,68.3 1 0
github.com/GoMudEngine/GoMud/internal/mobs/crafter.go:71.2,87.29 7 0
github.com/GoMudEngine/GoMud/internal/mobs/crafter.go:87.29,90.31 2 0
github.com/GoMudEngine/GoMud/internal/mobs/crafter.go:90.31,91.48 1 0
github.com/GoMudEngine/GoMud/internal/mobs/crafter.go:91.48,93.5 1 0
github.com/GoMudEngine/GoMud/internal/mobs/crafter.go:96.3,96.44 1 0
github.com/GoMudEngine/GoMud/internal/mobs/crafter.go:99.2,99.15 1 0
github.com/GoMudEngine/GoMud/internal/mobs/crafter.go:103.56,107.48 3 0
github.com/GoMudEngine/GoMud/internal/mobs/crafter.go:107.48,109.20 2 0
github.com/GoMudEngine/GoMud/internal/mobs/crafter.go:109.20,110.12 1 0
github.com/GoMudEngine/GoMud/internal/mobs/crafter.go:113.3,113.39 1 0
github.com/GoMudEngine/GoMud/internal/mobs/crafter.go:113.39,114.12 1 0
github.com/GoMudEngine/GoMud/internal/mobs/crafter.go:117.3,118.39 2 0
github.com/GoMudEngine/GoMud/internal/mobs/crafter.go:118.39,119.12 1 0
github.com/GoMudEngine/GoMud/internal/mobs/crafter.go:122.3,123.10 2 0
github.com/GoMudEngine/GoMud/internal/mobs/crafter.go:123.10,124.12 1 0
github.com/GoMudEngine/GoMud/internal/mobs/crafter.go:126.3,126.38 1 0
github.com/GoMudEngine/GoMud/internal/mobs/crafter.go:129.2,129.24 1 0
github.com/GoMudEngine/GoMud/internal/mobs/crafter.go:129.24,131.3 1 0
github.com/GoMudEngine/GoMud/internal/mobs/crafter.go:132.2,132.43 1 0
github.com/GoMudEngine/GoMud/internal/mobs/instance_save.go:33.75,35.2 1 1
github.com/GoMudEngine/GoMud/internal/mobs/instance_save.go:38.84,44.2 3 1
github.com/GoMudEngine/GoMud/internal/mobs/instance_save.go:48.38,50.36 2 0
github.com/GoMudEngine/GoMud/internal/mobs/instance_save.go:50.36,52.3 1 0
github.com/GoMudEngine/GoMud/internal/mobs/instance_save.go:55.2,55.26 1 0
github.com/GoMudEngine/GoMud/internal/mobs/instance_save.go:55.26,57.3 1 0
github.com/GoMudEngine/GoMud/internal/mobs/instance_save.go:59.2,69.35 2 0
github.com/GoMudEngine/GoMud/internal/mobs/instance_save.go:69.35,71.3 1 0
github.com/GoMudEngine/GoMud/internal/mobs/instance_save.go:72.2,72.42 1 0
github.com/GoMudEngine/GoMud/internal/mobs/instance_save.go:72.42,74.3 1 0
github.com/GoMudEngine/GoMud/internal/mobs/instance_save.go:75.2,75.41 1 0
github.com/GoMudEngine/GoMud/internal/mobs/instance_save.go:75.41,77.3 1 0
github.com/GoMudEngine/GoMud/internal/mobs/instance_save.go:78.2,78.38 1 0
github.com/GoMudEngine/GoMud/internal/mobs/instance_save.go:78.38,80.3 1 0
github.com/GoMudEngine/GoMud/internal/mobs/instance_save.go:82.2,86.47 3 0
github.com/GoMudEngine/GoMud/internal/mobs/instance_save.go:86.47,88.3 1 0
github.com/GoMudEngine/GoMud/internal/mobs/instance_save.go:90.2,91.16 2 0
github.com/GoMudEngine/GoMud/internal/mobs/instance_save.go:91.16,93.3 1 0
github.com/GoMudEngine/GoMud/internal/mobs/instance_save.go:95.2,95.60 1 0
github.com/GoMudEngine/GoMud/internal/mobs/instance_save.go:95.60,97.3 1 0
github.com/GoMudEngine/GoMud/internal/mobs/instance_save.go:99.2,99.12 1 0
github.com/GoMudEngine/GoMud/internal/mobs/instance_save.go:104.97,108.16 3 1
github.com/GoMudEngine/GoMud/internal/mobs/instance_save.go:108.16,110.3 1 1
github.com/GoMudEngine/GoMud/internal/mobs/instance_save.go:112.2,113.53 2 0
github.com/GoMudEngine/GoMud/internal/mobs/instance_save.go:113.53,116.3 2 0
github.com/GoMudEngine/GoMud/internal/mobs/instance_save.go:118.2,118.14 1 0
github.com/GoMudEngine/GoMud/internal/mobs/instance_save.go:123.82,126.2 2 1
github.com/GoMudEngine/GoMud/internal/mobs/instance_save.go:130.42,138.78 4 0
github.com/GoMudEngine/GoMud/internal/mobs/instance_save.go:138.78,139.17 1 0
github.com/GoMudEngine/GoMud/internal/mobs/instance_save.go:139.17,141.4 1 0
github.com/GoMudEngine/GoMud/internal/mobs/instance_save.go:142.3,142.19 1 0
github.com/GoMudEngine/GoMud/internal/mobs/instance_save.go:142.19,144.4 1 0
github.com/GoMudEngine/GoMud/internal/mobs/instance_save.go:145.3,145.36 1 0
github.com/GoMudEngine/GoMud/internal/mobs/instance_save.go:145.36,146.54 1 0
github.com/GoMudEngine/GoMud/internal/mobs/instance_save.go:146.54,148.5 1 0
github.com/GoMudEngine/GoMud/internal/mobs/instance_save.go:150.3,150.13 1 0
github.com/GoMudEngine/GoMud/internal/mobs/instance_save.go:153.2,153.16 1 0
github.com/GoMudEngine/GoMud/internal/mobs/instance_save.go:153.16,155.3 1 0
github.com/GoMudEngine/GoMud/internal/mobs/instance_save.go:160.36,164.57 2 1
github.com/GoMudEngine/GoMud/internal/mobs/instance_save.go:164.57,166.3 1 1
github.com/GoMudEngine/GoMud/internal/mobs/instance_save.go:167.2,167.35 1 1
github.com/GoMudEngine/GoMud/internal/mobs/instance_save.go:167.35,169.3 1 1
github.com/GoMudEngine/GoMud/internal/mobs/instance_save.go:170.2,170.42 1 1
github.com/GoMudEngine/GoMud/internal/mobs/instance_save.go:170.42,172.3 1 1
github.com/GoMudEngine/GoMud/internal/mobs/instance_save.go:173.2,173.41 1 1
github.com/GoMudEngine/GoMud/internal/mobs/instance_save.go:173.41,175.3 1 1
github.com/GoMudEngine/GoMud/internal/mobs/instance_save.go:176.2,176.38 1 1
github.com/GoMudEngine/GoMud/internal/mobs/instance_save.go:176.38,178.3 1 1
github.com/GoMudEngine/GoMud/internal/mobs/instance_save.go:179.2,179.40 1 1
github.com/GoMudEngine/GoMud/internal/mobs/instance_save.go:179.40,181.3 1 1
github.com/GoMudEngine/GoMud/internal/mobs/instance_save.go:182.2,182.14 1 1
github.com/GoMudEngine/GoMud/internal/mobs/memory.go:7.52,17.2 6 1
github.com/GoMudEngine/GoMud/internal/mobs/memory.go:19.13,21.2 1 1
github.com/GoMudEngine/GoMud/internal/mobs/mobs.go:101.45,105.2 2 1
github.com/GoMudEngine/GoMud/internal/mobs/mobs.go:108.28,110.25 2 1
github.com/GoMudEngine/GoMud/internal/mobs/mobs.go:110.25,112.3 1 1
github.com/GoMudEngine/GoMud/internal/mobs/mobs.go:113.2,113.12 1 1
github.com/GoMudEngine/GoMud/internal/mobs/mobs.go:116.32,118.2 1 1
github.com/GoMudEngine/GoMud/internal/mobs/mobs.go:120.39,122.2 1 1
github.com/GoMudEngine/GoMud/internal/mobs/mobs.go:124.40,126.28 1 1
github.com/GoMudEngine/GoMud/internal/mobs/mobs.go:126.28,128.34 2 1
github.com/GoMudEngine/GoMud/internal/mobs/mobs.go:128.34,129.23 1 1
github.com/GoMudEngine/GoMud/internal/mobs/mobs.go:129.23,131.5 1 1
github.com/GoMudEngine/GoMud/internal/mobs/mobs.go:135.2,137.11 2 1
github.com/GoMudEngine/GoMud/internal/mobs/mobs.go:140.40,143.17 2 1
github.com/GoMudEngine/GoMud/internal/mobs/mobs.go:143.17,145.3 1 1
github.com/GoMudEngine/GoMud/internal/mobs/mobs.go:146.2,146.17 1 1
github.com/GoMudEngine/GoMud/internal/mobs/mobs.go:146.17,148.3 1 1
github.com/GoMudEngine/GoMud/internal/mobs/mobs.go:150.2,150.25 1 1
github.com/GoMudEngine/GoMud/internal/mobs/mobs.go:150.25,151.32 1 1
github.com/GoMudEngine/GoMud/internal/mobs/mobs.go:151.32,153.4 1 1
github.com/GoMudEngine/GoMud/internal/mobs/mobs.go:156.2,156.25 1 0
github.com/GoMudEngine/GoMud/internal/mobs/mobs.go:156.25,157.49 1 0
github.com/GoMudEngine/GoMud/internal/mobs/mobs.go:157.49,159.4 1 0
github.com/GoMudEngine/GoMud/internal/mobs/mobs.go:162.2,162.25 1 0
github.com/GoMudEngine/GoMud/internal/mobs/mobs.go:162.25,163.48 1 0
github.com/GoMudEngine/GoMud/internal/mobs/mobs.go:163.48,165.4 1 0
github.com/GoMudEngine/GoMud/internal/mobs/mobs.go:168.2,168.10 1 0
github.com/GoMudEngine/GoMud/internal/mobs/mobs.go:171.73,173.35 1 1
github.com/GoMudEngine/GoMud/internal/mobs/mobs.go:173.35,188.27 9 1
github.com/GoMudEngine/GoMud/internal/mobs/mobs.go:188.27,196.35 7 0
github.com/GoMudEngine/GoMud/internal/mobs/mobs.go:196.35,198.5 1 0
github.com/GoMudEngine/GoMud/internal/mobs/mobs.go:199.4,199.42 1 0
github.com/GoMudEngine/GoMud/internal/mobs/mobs.go:199.42,201.5 1 0
github.com/GoMudEngine/GoMud/internal/mobs/mobs.go:202.4,202.41 1 0
github.com/GoMudEngine/GoMud/internal/mobs/mobs.go:202.41,204.5 1 0
github.com/GoMudEngine/GoMud/internal/mobs/mobs.go:205.4,205.38 1 0
github.com/GoMudEngine/GoMud/internal/mobs/mobs.go:205.38,207.5 1 0
github.com/GoMudEngine/GoMud/internal/mobs/mobs.go:208.4,208.67 1 0
github.com/GoMudEngine/GoMud/internal/mobs/mobs.go:209.9,212.54 2 1
github.com/GoMudEngine/GoMud/internal/mobs/mobs.go:212.54,214.5 1 1
github.com/GoMudEngine/GoMud/internal/mobs/mobs.go:216.4,216.34 1 1
github.com/GoMudEngine/GoMud/internal/mobs/mobs.go:216.34,218.26 2 1
github.com/GoMudEngine/GoMud/internal/mobs/mobs.go:219.21,221.29 1 1
github.com/GoMudEngine/GoMud/internal/mobs/mobs.go:221.29,223.7 1 1
github.com/GoMudEngine/GoMud/internal/mobs/mobs.go:223.12,225.7 1 1
github.com/GoMudEngine/GoMud/internal/mobs/mobs.go:226.20,228.29 1 1
github.com/GoMudEngine/GoMud/internal/mobs/mobs.go:228.29,230.7 1 1
github.com/GoMudEngine/GoMud/internal/mobs/mobs.go:230.12,232.7 1 1
github.com/GoMudEngine/GoMud/internal/mobs/mobs.go:233.13,235.28 1 1
github.com/GoMudEngine/GoMud/internal/mobs/mobs.go:237.5,237.20 1 1
github.com/GoMudEngine/GoMud/internal/mobs/mobs.go:238.12,239.45 1 1
github.com/GoMudEngine/GoMud/internal/mobs/mobs.go:240.12,241.46 1 1
github.com/GoMudEngine/GoMud/internal/mobs/mobs.go:242.12,243.45 1 1
github.com/GoMudEngine/GoMud/internal/mobs/mobs.go:244.12,245.47 1 1
github.com/GoMudEngine/GoMud/internal/mobs/mobs.go:246.12,247.46 1 1
github.com/GoMudEngine/GoMud/internal/mobs/mobs.go:248.12,249.45 1 1
github.com/GoMudEngine/GoMud/internal/mobs/mobs.go:253.3,261.43 6 1
github.com/GoMudEngine/GoMud/internal/mobs/mobs.go:261.43,263.4 1 0
github.com/GoMudEngine/GoMud/internal/mobs/mobs.go:266.3,266.26 1 1
github.com/GoMudEngine/GoMud/internal/mobs/mobs.go:266.26,268.4 1 1
github.com/GoMudEngine/GoMud/internal/mobs/mobs.go:269.3,269.33 1 1
github.com/GoMudEngine/GoMud/internal/mobs/mobs.go:269.33,271.4 1 1
github.com/GoMudEngine/GoMud/internal/mobs/mobs.go:274.3,274.34 1 1
github.com/GoMudEngine/GoMud/internal/mobs/mobs.go:274.34,275.38 1 0
github.com/GoMudEngine/GoMud/internal/mobs/mobs.go:275.38,277.5 1 0
github.com/GoMudEngine/GoMud/internal/mobs/mobs.go:278.4,278.45 1 0
github.com/GoMudEngine/GoMud/internal/mobs/mobs.go:278.45,279.44 1 0
github.com/GoMudEngine/GoMud/internal/mobs/mobs.go:279.44,281.6 1 0
github.com/GoMudEngine/GoMud/internal/mobs/mobs.go:285.3,285.68 1 1
github.com/GoMudEngine/GoMud/internal/mobs/mobs.go:285.68,286.38 1 0
github.com/GoMudEngine/GoMud/internal/mobs/mobs.go:286.38,288.5 1 0
github.com/GoMudEngine/GoMud/internal/mobs/mobs.go:289.4,290.21 2 0
github.com/GoMudEngine/GoMud/internal/mobs/mobs.go:290.21,293.5 2 0
github.com/GoMudEngine/GoMud/internal/mobs/mobs.go:296.3,313.38 14 1
github.com/GoMudEngine/GoMud/internal/mobs/mobs.go:315.2,315.12 1 1
github.com/GoMudEngine/GoMud/internal/mobs/mobs.go:318.35,319.35 1 1
github.com/GoMudEngine/GoMud/internal/mobs/mobs.go:319.35,322.3 2 1
github.com/GoMudEngine/GoMud/internal/mobs/mobs.go:323.2,323.12 1 1
github.com/GoMudEngine/GoMud/internal/mobs/mobs.go:326.39,328.43 1 1
github.com/GoMudEngine/GoMud/internal/mobs/mobs.go:328.43,330.3 1 1
github.com/GoMudEngine/GoMud/internal/mobs/mobs.go:331.2,331.12 1 1
github.com/GoMudEngine/GoMud/internal/mobs/mobs.go:334.35,337.31 2 1
github.com/GoMudEngine/GoMud/internal/mobs/mobs.go:337.31,339.3 1 1
github.com/GoMudEngine/GoMud/internal/mobs/mobs.go:340.2,340.12 1 1
github.com/GoMudEngine/GoMud/internal/mobs/mobs.go:343.38,346.2 1 1
github.com/GoMudEngine/GoMud/internal/mobs/mobs.go:348.36,350.2 1 1
github.com/GoMudEngine/GoMud/internal/mobs/mobs.go:352.50,360.2 1 0
github.com/GoMudEngine/GoMud/internal/mobs/mobs.go:362.42,363.30 1 1
github.com/GoMudEngine/GoMud/internal/mobs/mobs.go:363.30,365.3 1 1
github.com/GoMudEngine/GoMud/internal/mobs/mobs.go:366.2,366.40 1 1
github.com/GoMudEngine/GoMud/internal/mobs/mobs.go:369.50,370.30 1 1
github.com/GoMudEngine/GoMud/internal/mobs/mobs.go:370.30,372.3 1 1
github.com/GoMudEngine/GoMud/internal/mobs/mobs.go:373.2,374.11 2 1
github.com/GoMudEngine/GoMud/internal/mobs/mobs.go:377.37,379.2 1 1
github.com/GoMudEngine/GoMud/internal/mobs/mobs.go:381.39,383.2 1 1
github.com/GoMudEngine/GoMud/internal/mobs/mobs.go:385.26,392.35 4 0
github.com/GoMudEngine/GoMud/internal/mobs/mobs.go:392.35,395.3 2 0
github.com/GoMudEngine/GoMud/internal/mobs/mobs.go:395.8,398.3 2 0
github.com/GoMudEngine/GoMud/internal/mobs/mobs.go:400.2,400.32 1 0
github.com/GoMudEngine/GoMud/internal/mobs/mobs.go:400.32,402.18 2 0
github.com/GoMudEngine/GoMud/internal/mobs/mobs.go:402.18,404.4 1 0
github.com/GoMudEngine/GoMud/internal/mobs/mobs.go:405.3,405.18 1 0
github.com/GoMudEngine/GoMud/internal/mobs/mobs.go:405.18,407.4 1 0
github.com/GoMudEngine/GoMud/internal/mobs/mobs.go:408.3,408.9 1 0
github.com/GoMudEngine/GoMud/internal/mobs/mobs.go:411.2,411.30 1 0
github.com/GoMudEngine/GoMud/internal/mobs/mobs.go:411.30,412.20 1 0
github.com/GoMudEngine/GoMud/internal/mobs/mobs.go:412.20,420.23 5 0
github.com/GoMudEngine/GoMud/internal/mobs/mobs.go:420.23,422.5 1 0
github.com/GoMudEngine/GoMud/internal/mobs/mobs.go:422.10,424.5 1 0
github.com/GoMudEngine/GoMud/internal/mobs/mobs.go:428.2,428.48 1 0
github.com/GoMudEngine/GoMud/internal/mobs/mobs.go:428.48,433.3 4 0
github.com/GoMudEngine/GoMud/internal/mobs/mobs.go:437.34,439.2 1 1
github.com/GoMudEngine/GoMud/internal/mobs/mobs.go:441.64,449.35 3 1
github.com/GoMudEngine/GoMud/internal/mobs/mobs.go:449.35,451.3 1 0
github.com/GoMudEngine/GoMud/internal/mobs/mobs.go:451.8,453.3 1 1
github.com/GoMudEngine/GoMud/internal/mobs/mobs.go:455.2,455.26 1 1
github.com/GoMudEngine/GoMud/internal/mobs/mobs.go:455.26,457.3 1 1
github.com/GoMudEngine/GoMud/internal/mobs/mobs.go:459.2,459.51 1 1
github.com/GoMudEngine/GoMud/internal/mobs/mobs.go:459.51,470.3 2 1
github.com/GoMudEngine/GoMud/internal/mobs/mobs.go:474.30,476.2 1 1
github.com/GoMudEngine/GoMud/internal/mobs/mobs.go:478.33,479.17 1 1
github.com/GoMudEngine/GoMud/internal/mobs/mobs.go:479.17,481.3 1 1
github.com/GoMudEngine/GoMud/internal/mobs/mobs.go:482.2,482.26 1 1
github.com/GoMudEngine/GoMud/internal/mobs/mobs.go:482.26,484.3 1 1
github.com/GoMudEngine/GoMud/internal/mobs/mobs.go:485.2,485.62 1 0
github.com/GoMudEngine/GoMud/internal/mobs/mobs.go:485.62,486.18 1 0
github.com/GoMudEngine/GoMud/internal/mobs/mobs.go:486.18,488.4 1 0
github.com/GoMudEngine/GoMud/internal/mobs/mobs.go:490.2,490.13 1 0
github.com/GoMudEngine/GoMud/internal/mobs/mobs.go:493.50,495.28 1 1
github.com/GoMudEngine/GoMud/internal/mobs/mobs.go:495.28,497.3 1 1
github.com/GoMudEngine/GoMud/internal/mobs/mobs.go:499.2,499.18 1 1
github.com/GoMudEngine/GoMud/internal/mobs/mobs.go:499.18,502.3 2 1
github.com/GoMudEngine/GoMud/internal/mobs/mobs.go:503.2,503.30 1 1
github.com/GoMudEngine/GoMud/internal/mobs/mobs.go:506.43,508.28 1 1
github.com/GoMudEngine/GoMud/internal/mobs/mobs.go:508.28,510.3 1 1
github.com/GoMudEngine/GoMud/internal/mobs/mobs.go:512.2,512.43 1 1
github.com/GoMudEngine/GoMud/internal/mobs/mobs.go:512.43,514.3 1 1
github.com/GoMudEngine/GoMud/internal/mobs/mobs.go:515.2,515.12 1 1
github.com/GoMudEngine/GoMud/internal/mobs/mobs.go:518.31,519.17 1 1
github.com/GoMudEngine/GoMud/internal/mobs/mobs.go:519.17,521.3 1 1
github.com/GoMudEngine/GoMud/internal/mobs/mobs.go:522.2,522.13 1 1
github.com/GoMudEngine/GoMud/internal/mobs/mobs.go:525.49,527.22 1 1
github.com/GoMudEngine/GoMud/internal/mobs/mobs.go:527.22,529.3 1 1
github.com/GoMudEngine/GoMud/internal/mobs/mobs.go:531.2,541.44 9 1
github.com/GoMudEngine/GoMud/internal/mobs/mobs.go:541.44,542.27 1 0
github.com/GoMudEngine/GoMud/internal/mobs/mobs.go:542.27,543.12 1 0
github.com/GoMudEngine/GoMud/internal/mobs/mobs.go:546.3,546.37 1 0
github.com/GoMudEngine/GoMud/internal/mobs/mobs.go:546.37,553.9 6 0
github.com/GoMudEngine/GoMud/internal/mobs/mobs.go:556.3,557.25 2 0
github.com/GoMudEngine/GoMud/internal/mobs/mobs.go:557.25,558.12 1 0
github.com/GoMudEngine/GoMud/internal/mobs/mobs.go:561.3,561.54 1 0
github.com/GoMudEngine/GoMud/internal/mobs/mobs.go:561.54,564.4 2 0
github.com/GoMudEngine/GoMud/internal/mobs/mobs.go:566.3,566.63 1 0
github.com/GoMudEngine/GoMud/internal/mobs/mobs.go:566.63,569.4 2 0
github.com/GoMudEngine/GoMud/internal/mobs/mobs.go:573.2,573.48 1 1
github.com/GoMudEngine/GoMud/internal/mobs/mobs.go:573.48,575.3 1 0
github.com/GoMudEngine/GoMud/internal/mobs/mobs.go:577.2,577.16 1 1
github.com/GoMudEngine/GoMud/internal/mobs/mobs.go:577.16,579.3 1 1
github.com/GoMudEngine/GoMud/internal/mobs/mobs.go:581.2,581.20 1 1
github.com/GoMudEngine/GoMud/internal/mobs/mobs.go:581.20,583.3 1 0
github.com/GoMudEngine/GoMud/internal/mobs/mobs.go:583.8,583.29 1 1
github.com/GoMudEngine/GoMud/internal/mobs/mobs.go:583.29,585.3 1 0
github.com/GoMudEngine/GoMud/internal/mobs/mobs.go:587.2,589.52 2 1
github.com/GoMudEngine/GoMud/internal/mobs/mobs.go:592.50,594.36 2 1
github.com/GoMudEngine/GoMud/internal/mobs/mobs.go:594.36,595.28 1 1
github.com/GoMudEngine/GoMud/internal/mobs/mobs.go:595.28,597.4 1 1
github.com/GoMudEngine/GoMud/internal/mobs/mobs.go:599.2,599.14 1 1
github.com/GoMudEngine/GoMud/internal/mobs/mobs.go:602.37,603.24 1 1
github.com/GoMudEngine/GoMud/internal/mobs/mobs.go:603.24,605.3 1 1
github.com/GoMudEngine/GoMud/internal/mobs/mobs.go:607.2,609.34 3 0
github.com/GoMudEngine/GoMud/internal/mobs/mobs.go:609.34,610.25 1 0
github.com/GoMudEngine/GoMud/internal/mobs/mobs.go:610.25,612.4 1 0
github.com/GoMudEngine/GoMud/internal/mobs/mobs.go:613.3,613.35 1 0
github.com/GoMudEngine/GoMud/internal/mobs/mobs.go:613.35,614.24 1 0
github.com/GoMudEngine/GoMud/internal/mobs/mobs.go:614.24,616.5 1 0
github.com/GoMudEngine/GoMud/internal/mobs/mobs.go:620.2,620.36 1 0
github.com/GoMudEngine/GoMud/internal/mobs/mobs.go:620.36,621.23 1 0
github.com/GoMudEngine/GoMud/internal/mobs/mobs.go:621.23,623.4 1 0
github.com/GoMudEngine/GoMud/internal/mobs/mobs.go:624.3,624.35 1 0
github.com/GoMudEngine/GoMud/internal/mobs/mobs.go:624.35,625.27 1 0
github.com/GoMudEngine/GoMud/internal/mobs/mobs.go:625.27,627.5 1 0
github.com/GoMudEngine/GoMud/internal/mobs/mobs.go:630.2,630.14 1 0
github.com/GoMudEngine/GoMud/internal/mobs/mobs.go:633.40,636.30 1 1
github.com/GoMudEngine/GoMud/internal/mobs/mobs.go:636.30,638.3 1 1
github.com/GoMudEngine/GoMud/internal/mobs/mobs.go:641.2,643.18 3 1
github.com/GoMudEngine/GoMud/internal/mobs/mobs.go:643.18,645.3 1 0
github.com/GoMudEngine/GoMud/internal/mobs/mobs.go:646.2,646.11 1 0
github.com/GoMudEngine/GoMud/internal/mobs/mobs.go:649.39,655.25 1 1
github.com/GoMudEngine/GoMud/internal/mobs/mobs.go:655.25,657.3 1 0
github.com/GoMudEngine/GoMud/internal/mobs/mobs.go:660.2,660.29 1 1
github.com/GoMudEngine/GoMud/internal/mobs/mobs.go:660.29,662.3 1 1
github.com/GoMudEngine/GoMud/internal/mobs/mobs.go:664.2,664.11 1 1
github.com/GoMudEngine/GoMud/internal/mobs/mobs.go:667.44,669.24 1 1
github.com/GoMudEngine/GoMud/internal/mobs/mobs.go:669.24,671.3 1 1
github.com/GoMudEngine/GoMud/internal/mobs/mobs.go:673.2,673.46 1 1
github.com/GoMudEngine/GoMud/internal/mobs/mobs.go:673.46,675.3 1 1
github.com/GoMudEngine/GoMud/internal/mobs/mobs.go:680.2,680.23 1 1
github.com/GoMudEngine/GoMud/internal/mobs/mobs.go:680.23,682.40 1 1
github.com/GoMudEngine/GoMud/internal/mobs/mobs.go:682.40,683.39 1 1
github.com/GoMudEngine/GoMud/internal/mobs/mobs.go:683.39,684.33 1 1
github.com/GoMudEngine/GoMud/internal/mobs/mobs.go:684.33,686.6 1 1
github.com/GoMudEngine/GoMud/internal/mobs/mobs.go:691.2,691.14 1 1
github.com/GoMudEngine/GoMud/internal/mobs/mobs.go:694.24,696.2 1 1
github.com/GoMudEngine/GoMud/internal/mobs/mobs.go:698.32,700.25 1 1
github.com/GoMudEngine/GoMud/internal/mobs/mobs.go:700.25,702.3 1 1
github.com/GoMudEngine/GoMud/internal/mobs/mobs.go:702.8,702.34 1 1
github.com/GoMudEngine/GoMud/internal/mobs/mobs.go:702.34,704.3 1 1
github.com/GoMudEngine/GoMud/internal/mobs/mobs.go:706.2,708.12 2 1
github.com/GoMudEngine/GoMud/internal/mobs/mobs.go:711.33,712.43 1 1
github.com/GoMudEngine/GoMud/internal/mobs/mobs.go:712.43,714.3 1 1
github.com/GoMudEngine/GoMud/internal/mobs/mobs.go:716.2,717.52 2 1
github.com/GoMudEngine/GoMud/internal/mobs/mobs.go:720.33,723.2 2 1
github.com/GoMudEngine/GoMud/internal/mobs/mobs.go:725.28,730.16 3 0
github.com/GoMudEngine/GoMud/internal/mobs/mobs.go:730.16,732.3 1 0
github.com/GoMudEngine/GoMud/internal/mobs/mobs.go:734.2,737.16 3 0
github.com/GoMudEngine/GoMud/internal/mobs/mobs.go:737.16,739.3 1 0
github.com/GoMudEngine/GoMud/internal/mobs/mobs.go:741.2,741.12 1 0
github.com/GoMudEngine/GoMud/internal/mobs/mobs.go:744.32,748.47 2 1
github.com/GoMudEngine/GoMud/internal/mobs/mobs.go:748.47,750.3 1 0
github.com/GoMudEngine/GoMud/internal/mobs/mobs.go:752.2,752.14 1 1
github.com/GoMudEngine/GoMud/internal/mobs/mobs.go:755.34,759.47 2 1
github.com/GoMudEngine/GoMud/internal/mobs/mobs.go:759.47,760.56 1 0
github.com/GoMudEngine/GoMud/internal/mobs/mobs.go:760.56,762.4 1 0
github.com/GoMudEngine/GoMud/internal/mobs/mobs.go:765.2,765.11 1 1
github.com/GoMudEngine/GoMud/internal/mobs/mobs.go:768.38,774.23 3 1
github.com/GoMudEngine/GoMud/internal/mobs/mobs.go:774.23,776.3 1 1
github.com/GoMudEngine/GoMud/internal/mobs/mobs.go:778.2,785.38 3 1
github.com/GoMudEngine/GoMud/internal/mobs/mobs.go:788.24,790.48 1 1
github.com/GoMudEngine/GoMud/internal/mobs/mobs.go:790.48,791.37 1 1
github.com/GoMudEngine/GoMud/internal/mobs/mobs.go:791.37,793.18 2 1
github.com/GoMudEngine/GoMud/internal/mobs/mobs.go:793.18,795.5 1 1
github.com/GoMudEngine/GoMud/internal/mobs/mobs.go:795.10,797.5 1 1
github.com/GoMudEngine/GoMud/internal/mobs/mobs.go:799.3,799.42 1 1
github.com/GoMudEngine/GoMud/internal/mobs/mobs.go:799.42,801.4 1 1
github.com/GoMudEngine/GoMud/internal/mobs/mobs.go:805.51,807.46 1 1
github.com/GoMudEngine/GoMud/internal/mobs/mobs.go:807.46,809.3 1 1
github.com/GoMudEngine/GoMud/internal/mobs/mobs.go:811.2,811.54 1 1
github.com/GoMudEngine/GoMud/internal/mobs/mobs.go:811.54,813.3 1 1
github.com/GoMudEngine/GoMud/internal/mobs/mobs.go:815.2,815.13 1 1
github.com/GoMudEngine/GoMud/internal/mobs/mobs.go:818.60,820.46 1 1
github.com/GoMudEngine/GoMud/internal/mobs/mobs.go:820.46,824.3 3 1
github.com/GoMudEngine/GoMud/internal/mobs/mobs.go:825.2,825.49 1 1
github.com/GoMudEngine/GoMud/internal/mobs/mobs.go:825.49,827.3 1 1
github.com/GoMudEngine/GoMud/internal/mobs/mobs.go:830.43,831.16 1 1
github.com/GoMudEngine/GoMud/internal/mobs/mobs.go:831.16,833.3 1 1
github.com/GoMudEngine/GoMud/internal/mobs/mobs.go:835.2,837.30 2 1
github.com/GoMudEngine/GoMud/internal/mobs/mobs.go:841.22,847.16 4 0
github.com/GoMudEngine/GoMud/internal/mobs/mobs.go:847.16,848.49 1 0
github.com/GoMudEngine/GoMud/internal/mobs/mobs.go:851.2,855.27 3 0
github.com/GoMudEngine/GoMud/internal/mobs/mobs.go:855.27,860.3 3 0
github.com/GoMudEngine/GoMud/internal/mobs/mobs.go:862.2,862.96 1 0
github.com/GoMudEngine/GoMud/internal/mobs/mobs_path.go:14.30,16.2 1 1
github.com/GoMudEngine/GoMud/internal/mobs/mobs_path.go:18.29,21.2 2 1
github.com/GoMudEngine/GoMud/internal/mobs/mobs_path.go:23.39,25.2 1 1
github.com/GoMudEngine/GoMud/internal/mobs/mobs_path.go:27.37,28.27 1 1
github.com/GoMudEngine/GoMud/internal/mobs/mobs_path.go:28.27,30.3 1 1
github.com/GoMudEngine/GoMud/internal/mobs/mobs_path.go:31.2,33.22 3 1
github.com/GoMudEngine/GoMud/internal/mobs/mobs_path.go:37.39,39.54 2 1
github.com/GoMudEngine/GoMud/internal/mobs/mobs_path.go:39.54,41.3 1 1
github.com/GoMudEngine/GoMud/internal/mobs/mobs_path.go:43.2,43.32 1 1
github.com/GoMudEngine/GoMud/internal/mobs/mobs_path.go:43.32,44.19 1 1
github.com/GoMudEngine/GoMud/internal/mobs/mobs_path.go:44.19,46.4 1 1
github.com/GoMudEngine/GoMud/internal/mobs/mobs_path.go:49.2,49.15 1 1
github.com/GoMudEngine/GoMud/internal/mobs/mobs_path.go:52.46,55.2 2 1
github.com/GoMudEngine/GoMud/internal/mobs/newmobfile.go:23.73,27.27 2 0
github.com/GoMudEngine/GoMud/internal/mobs/newmobfile.go:27.27,29.3 1 0
github.com/GoMudEngine/GoMud/internal/mobs/newmobfile.go:31.2,31.39 1 0
github.com/GoMudEngine/GoMud/internal/mobs/newmobfile.go:31.39,33.3 1 0
github.com/GoMudEngine/GoMud/internal/mobs/newmobfile.go:35.2,35.46 1 0
github.com/GoMudEngine/GoMud/internal/mobs/newmobfile.go:35.46,37.3 1 0
github.com/GoMudEngine/GoMud/internal/mobs/newmobfile.go:39.2,39.27 1 0
github.com/GoMudEngine/GoMud/internal/mobs/newmobfile.go:39.27,41.3 1 0
github.com/GoMudEngine/GoMud/internal/mobs/newmobfile.go:43.2,45.51 2 0
github.com/GoMudEngine/GoMud/internal/mobs/newmobfile.go:45.51,47.3 1 0
github.com/GoMudEngine/GoMud/internal/mobs/newmobfile.go:49.2,49.138 1 0
github.com/GoMudEngine/GoMud/internal/mobs/newmobfile.go:49.138,51.3 1 0
github.com/GoMudEngine/GoMud/internal/mobs/newmobfile.go:54.2,58.22 4 0
github.com/GoMudEngine/GoMud/internal/mobs/newmobfile.go:58.22,67.3 3 0
github.com/GoMudEngine/GoMud/internal/mobs/newmobfile.go:69.2,69.30 1 0
github.com/GoMudEngine/GoMud/internal/mobs/newmobfile.go:72.27,75.29 2 0
github.com/GoMudEngine/GoMud/internal/mobs/newmobfile.go:75.29,77.34 1 0
github.com/GoMudEngine/GoMud/internal/mobs/newmobfile.go:77.34,79.4 1 0
github.com/GoMudEngine/GoMud/internal/mobs/newmobfile.go:82.2,82.21 1 0
github.com/GoMudEngine/GoMud/internal/mobs/pack_scaling.go:25.37,27.33 2 0
github.com/GoMudEngine/GoMud/internal/mobs/pack_scaling.go:27.33,29.3 1 0
github.com/GoMudEngine/GoMud/internal/mobs/pack_scaling.go:32.2,33.48 2 0
github.com/GoMudEngine/GoMud/internal/mobs/pack_scaling.go:33.48,35.17 2 0
github.com/GoMudEngine/GoMud/internal/mobs/pack_scaling.go:35.17,36.12 1 0
github.com/GoMudEngine/GoMud/internal/mobs/pack_scaling.go:38.3,38.34 1 0
github.com/GoMudEngine/GoMud/internal/mobs/pack_scaling.go:38.34,40.4 1 0
github.com/GoMudEngine/GoMud/internal/mobs/pack_scaling.go:43.2,46.41 2 0
github.com/GoMudEngine/GoMud/internal/mobs/pack_scaling.go:46.41,47.23 1 0
github.com/GoMudEngine/GoMud/internal/mobs/pack_scaling.go:47.23,50.12 3 0
github.com/GoMudEngine/GoMud/internal/mobs/pack_scaling.go:53.3,56.42 3 0
github.com/GoMudEngine/GoMud/internal/mobs/pack_scaling.go:56.42,59.12 2 0
github.com/GoMudEngine/GoMud/internal/mobs/pack_scaling.go:62.3,64.61 2 0
github.com/GoMudEngine/GoMud/internal/mobs/pack_scaling.go:64.61,71.35 3 0
github.com/GoMudEngine/GoMud/internal/mobs/pack_scaling.go:71.35,73.19 2 0
github.com/GoMudEngine/GoMud/internal/mobs/pack_scaling.go:73.19,74.14 1 0
github.com/GoMudEngine/GoMud/internal/mobs/pack_scaling.go:76.5,76.50 1 0
github.com/GoMudEngine/GoMud/internal/mobs/pack_scaling.go:76.50,77.14 1 0
github.com/GoMudEngine/GoMud/internal/mobs/pack_scaling.go:80.5,85.50 5 0
github.com/GoMudEngine/GoMud/internal/mobs/pack_scaling.go:85.50,87.6 1 0
github.com/GoMudEngine/GoMud/internal/mobs/pack_scaling.go:90.4,90.32 1 0
github.com/GoMudEngine/GoMud/internal/mobs/pack_scaling.go:90.32,92.5 1 0
github.com/GoMudEngine/GoMud/internal/mobs/pack_scaling.go:97.2,97.40 1 0
github.com/GoMudEngine/GoMud/internal/mobs/pack_scaling.go:97.40,98.46 1 0
github.com/GoMudEngine/GoMud/internal/mobs/pack_scaling.go:98.46,101.4 2 0
github.com/GoMudEngine/GoMud/internal/mobs/pack_scaling.go:104.2,104.16 1 0
github.com/GoMudEngine/GoMud/internal/mobs/pack_scaling.go:108.52,109.19 1 1
github.com/GoMudEngine/GoMud/internal/mobs/pack_scaling.go:110.18,111.20 1 1
github.com/GoMudEngine/GoMud/internal/mobs/pack_scaling.go:112.17,113.21 1 1
github.com/GoMudEngine/GoMud/internal/mobs/pack_scaling.go:114.10,115.20 1 1
