mode: set
github.com/GoMudEngine/GoMud/internal/mobcommands/aid.go:14.70,17.29 2 1
github.com/GoMudEngine/GoMud/internal/mobcommands/aid.go:17.29,22.3 2 1
github.com/GoMudEngine/GoMud/internal/mobcommands/aid.go:24.2,24.20 1 0
github.com/GoMudEngine/GoMud/internal/mobcommands/aid.go:24.20,26.3 1 0
github.com/GoMudEngine/GoMud/internal/mobcommands/aid.go:28.2,28.16 1 0
github.com/GoMudEngine/GoMud/internal/mobcommands/aid.go:28.16,30.3 1 0
github.com/GoMudEngine/GoMud/internal/mobcommands/aid.go:32.2,34.21 2 0
github.com/GoMudEngine/GoMud/internal/mobcommands/aid.go:34.21,38.15 2 0
github.com/GoMudEngine/GoMud/internal/mobcommands/aid.go:38.15,40.30 1 0
github.com/GoMudEngine/GoMud/internal/mobcommands/aid.go:40.30,42.5 1 0
github.com/GoMudEngine/GoMud/internal/mobcommands/aid.go:44.4,55.114 4 0
github.com/GoMudEngine/GoMud/internal/mobcommands/aid.go:55.114,57.5 1 0
github.com/GoMudEngine/GoMud/internal/mobcommands/aid.go:59.4,59.23 1 0
github.com/GoMudEngine/GoMud/internal/mobcommands/aid.go:59.23,64.5 3 0
github.com/GoMudEngine/GoMud/internal/mobcommands/aid.go:70.2,70.18 1 0
github.com/GoMudEngine/GoMud/internal/mobcommands/alchemy.go:14.74,18.25 2 1
github.com/GoMudEngine/GoMud/internal/mobcommands/alchemy.go:18.25,20.35 1 0
github.com/GoMudEngine/GoMud/internal/mobcommands/alchemy.go:20.35,24.4 2 0
github.com/GoMudEngine/GoMud/internal/mobcommands/alchemy.go:25.3,25.19 1 0
github.com/GoMudEngine/GoMud/internal/mobcommands/alchemy.go:28.2,28.22 1 1
github.com/GoMudEngine/GoMud/internal/mobcommands/alchemy.go:28.22,31.44 2 0
github.com/GoMudEngine/GoMud/internal/mobcommands/alchemy.go:31.44,33.4 1 0
github.com/GoMudEngine/GoMud/internal/mobcommands/alchemy.go:35.3,35.32 1 0
github.com/GoMudEngine/GoMud/internal/mobcommands/alchemy.go:35.32,37.4 1 0
github.com/GoMudEngine/GoMud/internal/mobcommands/alchemy.go:39.3,39.19 1 0
github.com/GoMudEngine/GoMud/internal/mobcommands/alchemy.go:43.2,45.11 2 1
github.com/GoMudEngine/GoMud/internal/mobcommands/alchemy.go:45.11,57.3 4 0
github.com/GoMudEngine/GoMud/internal/mobcommands/alchemy.go:59.2,59.18 1 1
github.com/GoMudEngine/GoMud/internal/mobcommands/attack.go:15.73,19.19 2 1
github.com/GoMudEngine/GoMud/internal/mobcommands/attack.go:19.19,21.3 1 1
github.com/GoMudEngine/GoMud/internal/mobcommands/attack.go:23.2,26.16 3 1
github.com/GoMudEngine/GoMud/internal/mobcommands/attack.go:26.16,28.59 1 0
github.com/GoMudEngine/GoMud/internal/mobcommands/attack.go:28.59,30.85 2 0
github.com/GoMudEngine/GoMud/internal/mobcommands/attack.go:30.85,32.10 2 0
github.com/GoMudEngine/GoMud/internal/mobcommands/attack.go:36.3,36.31 1 0
github.com/GoMudEngine/GoMud/internal/mobcommands/attack.go:36.31,37.63 1 0
github.com/GoMudEngine/GoMud/internal/mobcommands/attack.go:37.63,39.86 2 0
github.com/GoMudEngine/GoMud/internal/mobcommands/attack.go:39.86,41.11 2 0
github.com/GoMudEngine/GoMud/internal/mobcommands/attack.go:45.8,45.27 1 1
github.com/GoMudEngine/GoMud/internal/mobcommands/attack.go:45.27,47.18 1 1
github.com/GoMudEngine/GoMud/internal/mobcommands/attack.go:47.18,51.49 3 1
github.com/GoMudEngine/GoMud/internal/mobcommands/attack.go:51.49,52.40 1 1
github.com/GoMudEngine/GoMud/internal/mobcommands/attack.go:52.40,53.14 1 1
github.com/GoMudEngine/GoMud/internal/mobcommands/attack.go:55.5,55.45 1 1
github.com/GoMudEngine/GoMud/internal/mobcommands/attack.go:58.4,60.38 2 1
github.com/GoMudEngine/GoMud/internal/mobcommands/attack.go:60.38,62.5 1 0
github.com/GoMudEngine/GoMud/internal/mobcommands/attack.go:62.10,65.5 2 1
github.com/GoMudEngine/GoMud/internal/mobcommands/attack.go:67.9,67.28 1 0
github.com/GoMudEngine/GoMud/internal/mobcommands/attack.go:67.28,70.49 2 0
github.com/GoMudEngine/GoMud/internal/mobcommands/attack.go:70.49,71.40 1 0
github.com/GoMudEngine/GoMud/internal/mobcommands/attack.go:71.40,72.14 1 0
github.com/GoMudEngine/GoMud/internal/mobcommands/attack.go:74.5,74.45 1 0
github.com/GoMudEngine/GoMud/internal/mobcommands/attack.go:77.4,77.24 1 0
github.com/GoMudEngine/GoMud/internal/mobcommands/attack.go:77.24,79.5 1 0
github.com/GoMudEngine/GoMud/internal/mobcommands/attack.go:81.9,83.60 1 0
github.com/GoMudEngine/GoMud/internal/mobcommands/attack.go:83.60,85.5 1 0
github.com/GoMudEngine/GoMud/internal/mobcommands/attack.go:89.8,91.3 1 1
github.com/GoMudEngine/GoMud/internal/mobcommands/attack.go:93.2,93.43 1 1
github.com/GoMudEngine/GoMud/internal/mobcommands/attack.go:93.43,95.3 1 0
github.com/GoMudEngine/GoMud/internal/mobcommands/attack.go:97.2,107.24 2 1
github.com/GoMudEngine/GoMud/internal/mobcommands/attack.go:107.24,111.15 2 1
github.com/GoMudEngine/GoMud/internal/mobcommands/attack.go:111.15,118.19 3 1
github.com/GoMudEngine/GoMud/internal/mobcommands/attack.go:118.19,126.5 2 1
github.com/GoMudEngine/GoMud/internal/mobcommands/attack.go:129.3,129.19 1 1
github.com/GoMudEngine/GoMud/internal/mobcommands/attack.go:131.8,131.36 1 1
github.com/GoMudEngine/GoMud/internal/mobcommands/attack.go:131.36,135.15 2 0
github.com/GoMudEngine/GoMud/internal/mobcommands/attack.go:135.15,139.19 2 0
github.com/GoMudEngine/GoMud/internal/mobcommands/attack.go:139.19,144.5 1 0
github.com/GoMudEngine/GoMud/internal/mobcommands/attack.go:148.3,148.19 1 0
github.com/GoMudEngine/GoMud/internal/mobcommands/attack.go:151.2,151.17 1 1
github.com/GoMudEngine/GoMud/internal/mobcommands/attack.go:151.17,154.3 1 1
github.com/GoMudEngine/GoMud/internal/mobcommands/attack.go:156.2,156.18 1 1
github.com/GoMudEngine/GoMud/internal/mobcommands/backstab.go:11.75,15.17 2 1
github.com/GoMudEngine/GoMud/internal/mobcommands/backstab.go:15.17,17.3 1 1
github.com/GoMudEngine/GoMud/internal/mobcommands/backstab.go:19.2,22.16 3 0
github.com/GoMudEngine/GoMud/internal/mobcommands/backstab.go:22.16,24.33 1 0
github.com/GoMudEngine/GoMud/internal/mobcommands/backstab.go:24.33,27.4 2 0
github.com/GoMudEngine/GoMud/internal/mobcommands/backstab.go:27.9,29.60 1 0
github.com/GoMudEngine/GoMud/internal/mobcommands/backstab.go:29.60,31.86 2 0
github.com/GoMudEngine/GoMud/internal/mobcommands/backstab.go:31.86,33.11 2 0
github.com/GoMudEngine/GoMud/internal/mobcommands/backstab.go:37.4,37.32 1 0
github.com/GoMudEngine/GoMud/internal/mobcommands/backstab.go:37.32,38.64 1 0
github.com/GoMudEngine/GoMud/internal/mobcommands/backstab.go:38.64,40.87 2 0
github.com/GoMudEngine/GoMud/internal/mobcommands/backstab.go:40.87,42.12 2 0
github.com/GoMudEngine/GoMud/internal/mobcommands/backstab.go:48.8,50.3 1 0
github.com/GoMudEngine/GoMud/internal/mobcommands/backstab.go:52.2,52.43 1 0
github.com/GoMudEngine/GoMud/internal/mobcommands/backstab.go:52.43,54.3 1 0
github.com/GoMudEngine/GoMud/internal/mobcommands/backstab.go:56.2,56.29 1 0
github.com/GoMudEngine/GoMud/internal/mobcommands/backstab.go:56.29,60.15 2 0
github.com/GoMudEngine/GoMud/internal/mobcommands/backstab.go:60.15,62.4 1 0
github.com/GoMudEngine/GoMud/internal/mobcommands/backstab.go:64.8,64.31 1 0
github.com/GoMudEngine/GoMud/internal/mobcommands/backstab.go:64.31,68.15 2 0
github.com/GoMudEngine/GoMud/internal/mobcommands/backstab.go:68.15,70.4 1 0
github.com/GoMudEngine/GoMud/internal/mobcommands/backstab.go:74.2,74.18 1 0
github.com/GoMudEngine/GoMud/internal/mobcommands/bash.go:16.71,19.32 1 1
github.com/GoMudEngine/GoMud/internal/mobcommands/bash.go:19.32,21.3 1 1
github.com/GoMudEngine/GoMud/internal/mobcommands/bash.go:24.2,24.32 1 1
github.com/GoMudEngine/GoMud/internal/mobcommands/bash.go:24.32,26.3 1 1
github.com/GoMudEngine/GoMud/internal/mobcommands/bash.go:29.2,30.101 2 0
github.com/GoMudEngine/GoMud/internal/mobcommands/bash.go:30.101,32.3 1 0
github.com/GoMudEngine/GoMud/internal/mobcommands/bash.go:35.2,43.21 7 0
github.com/GoMudEngine/GoMud/internal/mobcommands/bash.go:43.21,45.23 2 0
github.com/GoMudEngine/GoMud/internal/mobcommands/bash.go:45.23,47.4 1 0
github.com/GoMudEngine/GoMud/internal/mobcommands/bash.go:48.3,49.34 2 0
github.com/GoMudEngine/GoMud/internal/mobcommands/bash.go:50.8,50.31 1 0
github.com/GoMudEngine/GoMud/internal/mobcommands/bash.go:50.31,52.24 2 0
github.com/GoMudEngine/GoMud/internal/mobcommands/bash.go:52.24,54.4 1 0
github.com/GoMudEngine/GoMud/internal/mobcommands/bash.go:55.3,56.34 2 0
github.com/GoMudEngine/GoMud/internal/mobcommands/bash.go:57.8,59.3 1 0
github.com/GoMudEngine/GoMud/internal/mobcommands/bash.go:62.2,76.16 2 0
github.com/GoMudEngine/GoMud/internal/mobcommands/bash.go:76.16,77.25 1 0
github.com/GoMudEngine/GoMud/internal/mobcommands/bash.go:77.25,78.25 1 0
github.com/GoMudEngine/GoMud/internal/mobcommands/bash.go:78.25,80.5 1 0
github.com/GoMudEngine/GoMud/internal/mobcommands/bash.go:81.4,84.5 1 0
github.com/GoMudEngine/GoMud/internal/mobcommands/bash.go:85.9,86.25 1 0
github.com/GoMudEngine/GoMud/internal/mobcommands/bash.go:86.25,88.5 1 0
github.com/GoMudEngine/GoMud/internal/mobcommands/bash.go:89.4,92.5 1 0
github.com/GoMudEngine/GoMud/internal/mobcommands/bash.go:94.8,95.24 1 0
github.com/GoMudEngine/GoMud/internal/mobcommands/bash.go:95.24,97.4 1 0
github.com/GoMudEngine/GoMud/internal/mobcommands/bash.go:98.3,101.4 1 0
github.com/GoMudEngine/GoMud/internal/mobcommands/bash.go:105.2,106.16 2 0
github.com/GoMudEngine/GoMud/internal/mobcommands/bash.go:106.16,108.3 1 0
github.com/GoMudEngine/GoMud/internal/mobcommands/bash.go:109.2,110.22 2 0
github.com/GoMudEngine/GoMud/internal/mobcommands/bash.go:110.22,112.3 1 0
github.com/GoMudEngine/GoMud/internal/mobcommands/bash.go:113.2,116.32 2 0
github.com/GoMudEngine/GoMud/internal/mobcommands/bash.go:116.32,118.3 1 0
github.com/GoMudEngine/GoMud/internal/mobcommands/bash.go:120.2,120.18 1 0
github.com/GoMudEngine/GoMud/internal/mobcommands/befriend.go:12.75,14.22 1 1
github.com/GoMudEngine/GoMud/internal/mobcommands/befriend.go:14.22,16.32 1 0
github.com/GoMudEngine/GoMud/internal/mobcommands/befriend.go:16.32,18.71 1 0
github.com/GoMudEngine/GoMud/internal/mobcommands/befriend.go:18.71,19.76 1 0
github.com/GoMudEngine/GoMud/internal/mobcommands/befriend.go:19.76,21.6 1 0
github.com/GoMudEngine/GoMud/internal/mobcommands/befriend.go:26.3,26.19 1 0
github.com/GoMudEngine/GoMud/internal/mobcommands/befriend.go:29.2,31.18 2 1
github.com/GoMudEngine/GoMud/internal/mobcommands/befriend.go:31.18,35.69 2 1
github.com/GoMudEngine/GoMud/internal/mobcommands/befriend.go:35.69,37.4 1 1
github.com/GoMudEngine/GoMud/internal/mobcommands/befriend.go:39.3,40.89 1 1
github.com/GoMudEngine/GoMud/internal/mobcommands/befriend.go:44.2,44.18 1 1
github.com/GoMudEngine/GoMud/internal/mobcommands/break.go:10.72,12.32 1 1
github.com/GoMudEngine/GoMud/internal/mobcommands/break.go:12.32,16.3 2 0
github.com/GoMudEngine/GoMud/internal/mobcommands/break.go:18.2,18.18 1 1
github.com/GoMudEngine/GoMud/internal/mobcommands/broadcast.go:13.76,20.2 2 1
github.com/GoMudEngine/GoMud/internal/mobcommands/callforhelp.go:21.78,28.43 3 1
github.com/GoMudEngine/GoMud/internal/mobcommands/callforhelp.go:28.43,30.61 2 0
github.com/GoMudEngine/GoMud/internal/mobcommands/callforhelp.go:30.61,32.23 2 0
github.com/GoMudEngine/GoMud/internal/mobcommands/callforhelp.go:32.23,34.5 1 0
github.com/GoMudEngine/GoMud/internal/mobcommands/callforhelp.go:34.10,36.5 1 0
github.com/GoMudEngine/GoMud/internal/mobcommands/callforhelp.go:40.2,43.43 2 1
github.com/GoMudEngine/GoMud/internal/mobcommands/callforhelp.go:43.43,46.22 2 0
github.com/GoMudEngine/GoMud/internal/mobcommands/callforhelp.go:46.22,48.4 1 0
github.com/GoMudEngine/GoMud/internal/mobcommands/callforhelp.go:48.9,50.4 1 0
github.com/GoMudEngine/GoMud/internal/mobcommands/callforhelp.go:53.2,56.34 3 1
github.com/GoMudEngine/GoMud/internal/mobcommands/callforhelp.go:56.34,58.22 2 1
github.com/GoMudEngine/GoMud/internal/mobcommands/callforhelp.go:58.22,59.12 1 0
github.com/GoMudEngine/GoMud/internal/mobcommands/callforhelp.go:62.3,62.94 1 1
github.com/GoMudEngine/GoMud/internal/mobcommands/callforhelp.go:62.94,64.72 1 0
github.com/GoMudEngine/GoMud/internal/mobcommands/callforhelp.go:64.72,66.28 1 0
github.com/GoMudEngine/GoMud/internal/mobcommands/callforhelp.go:66.28,67.39 1 0
github.com/GoMudEngine/GoMud/internal/mobcommands/callforhelp.go:67.39,68.15 1 0
github.com/GoMudEngine/GoMud/internal/mobcommands/callforhelp.go:70.11,71.66 1 0
github.com/GoMudEngine/GoMud/internal/mobcommands/callforhelp.go:71.66,72.15 1 0
github.com/GoMudEngine/GoMud/internal/mobcommands/callforhelp.go:76.5,76.23 1 0
github.com/GoMudEngine/GoMud/internal/mobcommands/callforhelp.go:76.23,79.20 2 0
github.com/GoMudEngine/GoMud/internal/mobcommands/callforhelp.go:79.20,81.7 1 0
github.com/GoMudEngine/GoMud/internal/mobcommands/callforhelp.go:81.12,83.7 1 0
github.com/GoMudEngine/GoMud/internal/mobcommands/callforhelp.go:86.5,88.25 2 0
github.com/GoMudEngine/GoMud/internal/mobcommands/callforhelp.go:88.25,90.6 1 0
github.com/GoMudEngine/GoMud/internal/mobcommands/callforhelp.go:92.5,94.69 2 0
github.com/GoMudEngine/GoMud/internal/mobcommands/callforhelp.go:94.69,96.6 1 0
github.com/GoMudEngine/GoMud/internal/mobcommands/callforhelp.go:102.2,102.18 1 1
github.com/GoMudEngine/GoMud/internal/mobcommands/cast.go:19.71,23.19 2 1
github.com/GoMudEngine/GoMud/internal/mobcommands/cast.go:23.19,25.3 1 1
github.com/GoMudEngine/GoMud/internal/mobcommands/cast.go:28.2,29.99 2 1
github.com/GoMudEngine/GoMud/internal/mobcommands/cast.go:29.99,31.3 1 0
github.com/GoMudEngine/GoMud/internal/mobcommands/cast.go:33.2,36.19 3 1
github.com/GoMudEngine/GoMud/internal/mobcommands/cast.go:36.19,37.22 1 0
github.com/GoMudEngine/GoMud/internal/mobcommands/cast.go:37.22,39.4 1 0
github.com/GoMudEngine/GoMud/internal/mobcommands/cast.go:42.2,46.22 3 1
github.com/GoMudEngine/GoMud/internal/mobcommands/cast.go:46.22,48.3 1 0
github.com/GoMudEngine/GoMud/internal/mobcommands/cast.go:54.2,57.20 3 1
github.com/GoMudEngine/GoMud/internal/mobcommands/cast.go:57.20,59.3 1 0
github.com/GoMudEngine/GoMud/internal/mobcommands/cast.go:61.2,68.38 2 1
github.com/GoMudEngine/GoMud/internal/mobcommands/cast.go:68.38,72.3 1 0
github.com/GoMudEngine/GoMud/internal/mobcommands/cast.go:72.8,72.48 1 1
github.com/GoMudEngine/GoMud/internal/mobcommands/cast.go:72.48,74.21 1 0
github.com/GoMudEngine/GoMud/internal/mobcommands/cast.go:74.21,79.4 1 0
github.com/GoMudEngine/GoMud/internal/mobcommands/cast.go:79.9,81.26 1 0
github.com/GoMudEngine/GoMud/internal/mobcommands/cast.go:81.26,83.5 1 0
github.com/GoMudEngine/GoMud/internal/mobcommands/cast.go:83.10,83.38 1 0
github.com/GoMudEngine/GoMud/internal/mobcommands/cast.go:83.38,85.5 1 0
github.com/GoMudEngine/GoMud/internal/mobcommands/cast.go:89.8,89.48 1 1
github.com/GoMudEngine/GoMud/internal/mobcommands/cast.go:89.48,91.21 1 1
github.com/GoMudEngine/GoMud/internal/mobcommands/cast.go:91.21,93.34 1 1
github.com/GoMudEngine/GoMud/internal/mobcommands/cast.go:93.34,95.39 1 0
github.com/GoMudEngine/GoMud/internal/mobcommands/cast.go:95.39,97.6 1 0
github.com/GoMudEngine/GoMud/internal/mobcommands/cast.go:97.11,97.53 1 0
github.com/GoMudEngine/GoMud/internal/mobcommands/cast.go:97.53,99.6 1 0
github.com/GoMudEngine/GoMud/internal/mobcommands/cast.go:100.10,103.37 2 1
github.com/GoMudEngine/GoMud/internal/mobcommands/cast.go:103.37,105.50 1 0
github.com/GoMudEngine/GoMud/internal/mobcommands/cast.go:105.50,107.52 1 0
github.com/GoMudEngine/GoMud/internal/mobcommands/cast.go:107.52,108.50 1 0
github.com/GoMudEngine/GoMud/internal/mobcommands/cast.go:108.50,110.14 2 0
github.com/GoMudEngine/GoMud/internal/mobcommands/cast.go:119.5,119.49 1 1
github.com/GoMudEngine/GoMud/internal/mobcommands/cast.go:119.49,121.35 2 1
github.com/GoMudEngine/GoMud/internal/mobcommands/cast.go:121.35,123.44 1 0
github.com/GoMudEngine/GoMud/internal/mobcommands/cast.go:123.44,125.48 1 0
github.com/GoMudEngine/GoMud/internal/mobcommands/cast.go:125.48,126.51 1 0
github.com/GoMudEngine/GoMud/internal/mobcommands/cast.go:126.51,128.15 2 0
github.com/GoMudEngine/GoMud/internal/mobcommands/cast.go:139.9,141.26 1 0
github.com/GoMudEngine/GoMud/internal/mobcommands/cast.go:141.26,143.5 1 0
github.com/GoMudEngine/GoMud/internal/mobcommands/cast.go:143.10,143.38 1 0
github.com/GoMudEngine/GoMud/internal/mobcommands/cast.go:143.38,145.5 1 0
github.com/GoMudEngine/GoMud/internal/mobcommands/cast.go:149.8,149.47 1 0
github.com/GoMudEngine/GoMud/internal/mobcommands/cast.go:149.47,153.33 2 0
github.com/GoMudEngine/GoMud/internal/mobcommands/cast.go:153.33,155.45 1 0
github.com/GoMudEngine/GoMud/internal/mobcommands/cast.go:155.45,157.51 1 0
github.com/GoMudEngine/GoMud/internal/mobcommands/cast.go:157.51,159.30 1 0
github.com/GoMudEngine/GoMud/internal/mobcommands/cast.go:159.30,161.7 1 0
github.com/GoMudEngine/GoMud/internal/mobcommands/cast.go:165.9,170.64 2 0
github.com/GoMudEngine/GoMud/internal/mobcommands/cast.go:170.64,172.48 1 0
github.com/GoMudEngine/GoMud/internal/mobcommands/cast.go:172.48,174.53 1 0
github.com/GoMudEngine/GoMud/internal/mobcommands/cast.go:174.53,175.15 1 0
github.com/GoMudEngine/GoMud/internal/mobcommands/cast.go:178.6,178.71 1 0
github.com/GoMudEngine/GoMud/internal/mobcommands/cast.go:178.71,181.7 2 0
github.com/GoMudEngine/GoMud/internal/mobcommands/cast.go:189.8,189.47 1 0
github.com/GoMudEngine/GoMud/internal/mobcommands/cast.go:189.47,197.46 2 0
github.com/GoMudEngine/GoMud/internal/mobcommands/cast.go:197.46,198.50 1 0
github.com/GoMudEngine/GoMud/internal/mobcommands/cast.go:198.50,199.88 1 0
github.com/GoMudEngine/GoMud/internal/mobcommands/cast.go:199.88,201.6 1 0
github.com/GoMudEngine/GoMud/internal/mobcommands/cast.go:205.3,206.43 2 0
github.com/GoMudEngine/GoMud/internal/mobcommands/cast.go:206.43,207.45 1 0
github.com/GoMudEngine/GoMud/internal/mobcommands/cast.go:207.45,208.47 1 0
github.com/GoMudEngine/GoMud/internal/mobcommands/cast.go:208.47,210.6 1 0
github.com/GoMudEngine/GoMud/internal/mobcommands/cast.go:214.8,214.83 1 0
github.com/GoMudEngine/GoMud/internal/mobcommands/cast.go:214.83,219.3 2 0
github.com/GoMudEngine/GoMud/internal/mobcommands/cast.go:221.2,221.116 1 1
github.com/GoMudEngine/GoMud/internal/mobcommands/cast.go:221.116,224.118 2 0
github.com/GoMudEngine/GoMud/internal/mobcommands/cast.go:224.118,226.4 1 0
github.com/GoMudEngine/GoMud/internal/mobcommands/cast.go:228.3,228.22 1 0
github.com/GoMudEngine/GoMud/internal/mobcommands/cast.go:228.22,231.21 3 0
github.com/GoMudEngine/GoMud/internal/mobcommands/cast.go:231.21,233.5 1 0
github.com/GoMudEngine/GoMud/internal/mobcommands/cast.go:234.4,239.26 4 0
github.com/GoMudEngine/GoMud/internal/mobcommands/cast.go:239.26,241.5 1 0
github.com/GoMudEngine/GoMud/internal/mobcommands/cast.go:242.4,261.26 4 0
github.com/GoMudEngine/GoMud/internal/mobcommands/cast.go:262.62,263.72 1 0
github.com/GoMudEngine/GoMud/internal/mobcommands/cast.go:263.72,265.6 1 0
github.com/GoMudEngine/GoMud/internal/mobcommands/cast.go:271.2,271.18 1 1
github.com/GoMudEngine/GoMud/internal/mobcommands/converse.go:12.75,15.26 1 1
github.com/GoMudEngine/GoMud/internal/mobcommands/converse.go:15.26,17.3 1 0
github.com/GoMudEngine/GoMud/internal/mobcommands/converse.go:19.2,19.72 1 1
github.com/GoMudEngine/GoMud/internal/mobcommands/converse.go:19.72,21.3 1 1
github.com/GoMudEngine/GoMud/internal/mobcommands/converse.go:23.2,25.16 2 0
github.com/GoMudEngine/GoMud/internal/mobcommands/converse.go:25.16,27.3 1 0
github.com/GoMudEngine/GoMud/internal/mobcommands/converse.go:29.2,29.43 1 0
github.com/GoMudEngine/GoMud/internal/mobcommands/converse.go:29.43,31.34 1 0
github.com/GoMudEngine/GoMud/internal/mobcommands/converse.go:31.34,32.12 1 0
github.com/GoMudEngine/GoMud/internal/mobcommands/converse.go:35.3,35.49 1 0
github.com/GoMudEngine/GoMud/internal/mobcommands/converse.go:35.49,38.26 1 0
github.com/GoMudEngine/GoMud/internal/mobcommands/converse.go:38.26,39.13 1 0
github.com/GoMudEngine/GoMud/internal/mobcommands/converse.go:42.4,43.18 2 0
github.com/GoMudEngine/GoMud/internal/mobcommands/converse.go:43.18,48.5 2 0
github.com/GoMudEngine/GoMud/internal/mobcommands/converse.go:48.10,52.5 1 0
github.com/GoMudEngine/GoMud/internal/mobcommands/converse.go:54.4,54.26 1 0
github.com/GoMudEngine/GoMud/internal/mobcommands/converse.go:54.26,57.10 3 0
github.com/GoMudEngine/GoMud/internal/mobcommands/converse.go:62.2,62.18 1 0
github.com/GoMudEngine/GoMud/internal/mobcommands/despawn.go:9.74,20.51 4 1
github.com/GoMudEngine/GoMud/internal/mobcommands/despawn.go:20.51,22.3 1 1
github.com/GoMudEngine/GoMud/internal/mobcommands/despawn.go:25.2,27.18 2 1
github.com/GoMudEngine/GoMud/internal/mobcommands/drink.go:12.72,15.67 1 1
github.com/GoMudEngine/GoMud/internal/mobcommands/drink.go:15.67,19.42 2 0
github.com/GoMudEngine/GoMud/internal/mobcommands/drink.go:19.42,21.4 1 0
github.com/GoMudEngine/GoMud/internal/mobcommands/drink.go:23.3,29.43 4 0
github.com/GoMudEngine/GoMud/internal/mobcommands/drink.go:29.43,31.4 1 0
github.com/GoMudEngine/GoMud/internal/mobcommands/drink.go:34.2,34.18 1 1
github.com/GoMudEngine/GoMud/internal/mobcommands/drop.go:16.71,20.22 2 1
github.com/GoMudEngine/GoMud/internal/mobcommands/drop.go:20.22,24.29 2 1
github.com/GoMudEngine/GoMud/internal/mobcommands/drop.go:24.29,26.4 1 1
github.com/GoMudEngine/GoMud/internal/mobcommands/drop.go:28.3,28.44 1 1
github.com/GoMudEngine/GoMud/internal/mobcommands/drop.go:28.44,30.4 1 0
github.com/GoMudEngine/GoMud/internal/mobcommands/drop.go:32.3,32.32 1 1
github.com/GoMudEngine/GoMud/internal/mobcommands/drop.go:32.32,34.4 1 0
github.com/GoMudEngine/GoMud/internal/mobcommands/drop.go:36.3,36.19 1 1
github.com/GoMudEngine/GoMud/internal/mobcommands/drop.go:40.2,40.41 1 1
github.com/GoMudEngine/GoMud/internal/mobcommands/drop.go:40.41,43.18 3 1
github.com/GoMudEngine/GoMud/internal/mobcommands/drop.go:43.18,45.4 1 0
github.com/GoMudEngine/GoMud/internal/mobcommands/drop.go:47.3,47.36 1 1
github.com/GoMudEngine/GoMud/internal/mobcommands/drop.go:47.36,56.4 4 1
github.com/GoMudEngine/GoMud/internal/mobcommands/drop.go:59.2,59.48 1 1
github.com/GoMudEngine/GoMud/internal/mobcommands/drop.go:59.48,61.3 1 0
github.com/GoMudEngine/GoMud/internal/mobcommands/drop.go:64.2,66.11 2 1
github.com/GoMudEngine/GoMud/internal/mobcommands/drop.go:66.11,80.3 4 0
github.com/GoMudEngine/GoMud/internal/mobcommands/drop.go:82.2,82.18 1 1
github.com/GoMudEngine/GoMud/internal/mobcommands/eat.go:12.70,14.67 1 1
github.com/GoMudEngine/GoMud/internal/mobcommands/eat.go:14.67,18.39 2 0
github.com/GoMudEngine/GoMud/internal/mobcommands/eat.go:18.39,20.4 1 0
github.com/GoMudEngine/GoMud/internal/mobcommands/eat.go:22.3,28.43 4 0
github.com/GoMudEngine/GoMud/internal/mobcommands/eat.go:28.43,30.4 1 0
github.com/GoMudEngine/GoMud/internal/mobcommands/eat.go:33.2,33.18 1 1
github.com/GoMudEngine/GoMud/internal/mobcommands/emote.go:96.72,99.25 1 1
github.com/GoMudEngine/GoMud/internal/mobcommands/emote.go:99.25,101.3 1 0
github.com/GoMudEngine/GoMud/internal/mobcommands/emote.go:103.2,103.20 1 1
github.com/GoMudEngine/GoMud/internal/mobcommands/emote.go:103.20,107.3 2 0
github.com/GoMudEngine/GoMud/internal/mobcommands/emote.go:110.2,115.18 3 1
github.com/GoMudEngine/GoMud/internal/mobcommands/equip.go:14.72,16.48 1 1
github.com/GoMudEngine/GoMud/internal/mobcommands/equip.go:16.48,19.3 2 0
github.com/GoMudEngine/GoMud/internal/mobcommands/equip.go:21.2,21.19 1 1
github.com/GoMudEngine/GoMud/internal/mobcommands/equip.go:21.19,25.35 3 1
github.com/GoMudEngine/GoMud/internal/mobcommands/equip.go:25.35,27.69 2 0
github.com/GoMudEngine/GoMud/internal/mobcommands/equip.go:27.69,29.5 1 0
github.com/GoMudEngine/GoMud/internal/mobcommands/equip.go:31.3,31.19 1 1
github.com/GoMudEngine/GoMud/internal/mobcommands/equip.go:34.2,37.22 3 1
github.com/GoMudEngine/GoMud/internal/mobcommands/equip.go:37.22,38.35 1 0
github.com/GoMudEngine/GoMud/internal/mobcommands/equip.go:38.35,41.4 2 0
github.com/GoMudEngine/GoMud/internal/mobcommands/equip.go:44.2,44.12 1 1
github.com/GoMudEngine/GoMud/internal/mobcommands/equip.go:44.12,47.3 1 1
github.com/GoMudEngine/GoMud/internal/mobcommands/equip.go:49.2,49.11 1 1
github.com/GoMudEngine/GoMud/internal/mobcommands/equip.go:49.11,52.68 2 0
github.com/GoMudEngine/GoMud/internal/mobcommands/equip.go:52.68,54.4 1 0
github.com/GoMudEngine/GoMud/internal/mobcommands/equip.go:57.3,59.18 2 0
github.com/GoMudEngine/GoMud/internal/mobcommands/equip.go:59.18,65.59 2 0
github.com/GoMudEngine/GoMud/internal/mobcommands/equip.go:65.59,69.5 1 0
github.com/GoMudEngine/GoMud/internal/mobcommands/equip.go:69.10,73.38 2 0
github.com/GoMudEngine/GoMud/internal/mobcommands/equip.go:73.38,74.29 1 0
github.com/GoMudEngine/GoMud/internal/mobcommands/equip.go:74.29,80.7 2 0
github.com/GoMudEngine/GoMud/internal/mobcommands/equip.go:83.5,83.40 1 0
github.com/GoMudEngine/GoMud/internal/mobcommands/equip.go:83.40,87.6 1 0
github.com/GoMudEngine/GoMud/internal/mobcommands/equip.go:87.11,90.6 1 0
github.com/GoMudEngine/GoMud/internal/mobcommands/equip.go:92.5,98.7 2 0
github.com/GoMudEngine/GoMud/internal/mobcommands/equip.go:104.2,104.18 1 1
github.com/GoMudEngine/GoMud/internal/mobcommands/gearup.go:12.73,14.48 1 1
github.com/GoMudEngine/GoMud/internal/mobcommands/gearup.go:14.48,17.3 2 0
github.com/GoMudEngine/GoMud/internal/mobcommands/gearup.go:19.2,19.16 1 1
github.com/GoMudEngine/GoMud/internal/mobcommands/gearup.go:19.16,23.12 2 0
github.com/GoMudEngine/GoMud/internal/mobcommands/gearup.go:23.12,26.62 2 0
github.com/GoMudEngine/GoMud/internal/mobcommands/gearup.go:26.62,28.74 2 0
github.com/GoMudEngine/GoMud/internal/mobcommands/gearup.go:28.74,33.6 2 0
github.com/GoMudEngine/GoMud/internal/mobcommands/gearup.go:37.8,43.36 4 1
github.com/GoMudEngine/GoMud/internal/mobcommands/gearup.go:43.36,45.4 1 0
github.com/GoMudEngine/GoMud/internal/mobcommands/gearup.go:47.3,49.40 2 1
github.com/GoMudEngine/GoMud/internal/mobcommands/gearup.go:49.40,53.57 2 0
github.com/GoMudEngine/GoMud/internal/mobcommands/gearup.go:53.57,54.52 1 0
github.com/GoMudEngine/GoMud/internal/mobcommands/gearup.go:54.52,56.6 1 0
github.com/GoMudEngine/GoMud/internal/mobcommands/gearup.go:57.5,57.13 1 0
github.com/GoMudEngine/GoMud/internal/mobcommands/gearup.go:61.4,61.51 1 0
github.com/GoMudEngine/GoMud/internal/mobcommands/gearup.go:61.51,62.49 1 0
github.com/GoMudEngine/GoMud/internal/mobcommands/gearup.go:62.49,64.6 1 0
github.com/GoMudEngine/GoMud/internal/mobcommands/gearup.go:65.5,65.13 1 0
github.com/GoMudEngine/GoMud/internal/mobcommands/gearup.go:69.4,69.36 1 0
github.com/GoMudEngine/GoMud/internal/mobcommands/gearup.go:72.3,73.36 2 1
github.com/GoMudEngine/GoMud/internal/mobcommands/gearup.go:73.36,78.17 2 0
github.com/GoMudEngine/GoMud/internal/mobcommands/gearup.go:78.17,79.56 1 0
github.com/GoMudEngine/GoMud/internal/mobcommands/gearup.go:79.56,83.6 1 0
github.com/GoMudEngine/GoMud/internal/mobcommands/gearup.go:88.2,88.18 1 1
github.com/GoMudEngine/GoMud/internal/mobcommands/get.go:15.70,19.20 2 1
github.com/GoMudEngine/GoMud/internal/mobcommands/get.go:19.20,21.3 1 1
github.com/GoMudEngine/GoMud/internal/mobcommands/get.go:23.2,23.22 1 1
github.com/GoMudEngine/GoMud/internal/mobcommands/get.go:23.22,24.20 1 1
github.com/GoMudEngine/GoMud/internal/mobcommands/get.go:24.20,26.4 1 0
github.com/GoMudEngine/GoMud/internal/mobcommands/get.go:28.3,28.26 1 1
github.com/GoMudEngine/GoMud/internal/mobcommands/get.go:28.26,30.36 2 0
github.com/GoMudEngine/GoMud/internal/mobcommands/get.go:30.36,32.5 1 0
github.com/GoMudEngine/GoMud/internal/mobcommands/get.go:34.4,34.33 1 0
github.com/GoMudEngine/GoMud/internal/mobcommands/get.go:34.33,36.5 1 0
github.com/GoMudEngine/GoMud/internal/mobcommands/get.go:39.3,39.19 1 1
github.com/GoMudEngine/GoMud/internal/mobcommands/get.go:42.2,42.23 1 1
github.com/GoMudEngine/GoMud/internal/mobcommands/get.go:42.23,44.20 1 1
github.com/GoMudEngine/GoMud/internal/mobcommands/get.go:44.20,53.4 5 1
github.com/GoMudEngine/GoMud/internal/mobcommands/get.go:55.3,55.19 1 1
github.com/GoMudEngine/GoMud/internal/mobcommands/get.go:58.2,60.20 2 1
github.com/GoMudEngine/GoMud/internal/mobcommands/get.go:60.20,62.35 1 0
github.com/GoMudEngine/GoMud/internal/mobcommands/get.go:62.35,64.35 2 0
github.com/GoMudEngine/GoMud/internal/mobcommands/get.go:64.35,66.5 1 0
github.com/GoMudEngine/GoMud/internal/mobcommands/get.go:66.10,68.5 1 0
github.com/GoMudEngine/GoMud/internal/mobcommands/get.go:71.3,71.36 1 0
github.com/GoMudEngine/GoMud/internal/mobcommands/get.go:71.36,73.35 2 0
github.com/GoMudEngine/GoMud/internal/mobcommands/get.go:73.35,75.5 1 0
github.com/GoMudEngine/GoMud/internal/mobcommands/get.go:75.10,77.5 1 0
github.com/GoMudEngine/GoMud/internal/mobcommands/get.go:83.2,85.11 2 1
github.com/GoMudEngine/GoMud/internal/mobcommands/get.go:85.11,101.3 5 0
github.com/GoMudEngine/GoMud/internal/mobcommands/get.go:103.2,103.18 1 1
github.com/GoMudEngine/GoMud/internal/mobcommands/give.go:17.71,23.19 3 1
github.com/GoMudEngine/GoMud/internal/mobcommands/give.go:23.19,25.3 1 1
github.com/GoMudEngine/GoMud/internal/mobcommands/give.go:27.2,34.63 6 1
github.com/GoMudEngine/GoMud/internal/mobcommands/give.go:34.63,39.42 3 1
github.com/GoMudEngine/GoMud/internal/mobcommands/give.go:39.42,41.4 1 0
github.com/GoMudEngine/GoMud/internal/mobcommands/give.go:43.8,50.13 3 0
github.com/GoMudEngine/GoMud/internal/mobcommands/give.go:50.13,52.4 1 0
github.com/GoMudEngine/GoMud/internal/mobcommands/give.go:56.2,58.18 2 1
github.com/GoMudEngine/GoMud/internal/mobcommands/give.go:58.18,65.26 3 1
github.com/GoMudEngine/GoMud/internal/mobcommands/give.go:65.26,85.4 5 0
github.com/GoMudEngine/GoMud/internal/mobcommands/give.go:85.9,85.32 1 1
github.com/GoMudEngine/GoMud/internal/mobcommands/give.go:85.32,94.4 3 1
github.com/GoMudEngine/GoMud/internal/mobcommands/give.go:96.3,96.19 1 1
github.com/GoMudEngine/GoMud/internal/mobcommands/give.go:103.2,103.15 1 0
github.com/GoMudEngine/GoMud/internal/mobcommands/give.go:103.15,109.15 3 0
github.com/GoMudEngine/GoMud/internal/mobcommands/give.go:109.15,112.27 1 0
github.com/GoMudEngine/GoMud/internal/mobcommands/give.go:112.27,131.5 5 0
github.com/GoMudEngine/GoMud/internal/mobcommands/give.go:131.10,131.33 1 0
github.com/GoMudEngine/GoMud/internal/mobcommands/give.go:131.33,139.5 3 0
github.com/GoMudEngine/GoMud/internal/mobcommands/give.go:145.2,145.18 1 0
github.com/GoMudEngine/GoMud/internal/mobcommands/givequest.go:16.76,19.25 1 1
github.com/GoMudEngine/GoMud/internal/mobcommands/givequest.go:19.25,21.3 1 0
github.com/GoMudEngine/GoMud/internal/mobcommands/givequest.go:23.2,28.20 4 1
github.com/GoMudEngine/GoMud/internal/mobcommands/givequest.go:28.20,30.3 1 1
github.com/GoMudEngine/GoMud/internal/mobcommands/givequest.go:32.2,32.22 1 1
github.com/GoMudEngine/GoMud/internal/mobcommands/givequest.go:32.22,33.53 1 1
github.com/GoMudEngine/GoMud/internal/mobcommands/givequest.go:33.53,40.4 1 0
github.com/GoMudEngine/GoMud/internal/mobcommands/givequest.go:41.8,42.41 1 1
github.com/GoMudEngine/GoMud/internal/mobcommands/givequest.go:42.41,49.4 1 1
github.com/GoMudEngine/GoMud/internal/mobcommands/givequest.go:52.2,52.18 1 1
github.com/GoMudEngine/GoMud/internal/mobcommands/go.go:14.69,17.49 1 1
github.com/GoMudEngine/GoMud/internal/mobcommands/go.go:17.49,19.3 1 0
github.com/GoMudEngine/GoMud/internal/mobcommands/go.go:22.2,22.56 1 1
github.com/GoMudEngine/GoMud/internal/mobcommands/go.go:22.56,25.46 2 0
github.com/GoMudEngine/GoMud/internal/mobcommands/go.go:25.46,26.38 1 0
github.com/GoMudEngine/GoMud/internal/mobcommands/go.go:26.38,29.5 2 0
github.com/GoMudEngine/GoMud/internal/mobcommands/go.go:32.3,32.21 1 0
github.com/GoMudEngine/GoMud/internal/mobcommands/go.go:32.21,35.34 2 0
github.com/GoMudEngine/GoMud/internal/mobcommands/go.go:35.34,37.5 1 0
github.com/GoMudEngine/GoMud/internal/mobcommands/go.go:39.4,40.23 2 0
github.com/GoMudEngine/GoMud/internal/mobcommands/go.go:40.23,42.5 1 0
github.com/GoMudEngine/GoMud/internal/mobcommands/go.go:44.4,60.20 5 0
github.com/GoMudEngine/GoMud/internal/mobcommands/go.go:65.2,70.20 4 1
github.com/GoMudEngine/GoMud/internal/mobcommands/go.go:70.20,73.3 2 0
github.com/GoMudEngine/GoMud/internal/mobcommands/go.go:75.2,76.30 2 1
github.com/GoMudEngine/GoMud/internal/mobcommands/go.go:76.30,81.3 2 0
github.com/GoMudEngine/GoMud/internal/mobcommands/go.go:83.2,83.20 1 1
github.com/GoMudEngine/GoMud/internal/mobcommands/go.go:83.20,87.22 2 1
github.com/GoMudEngine/GoMud/internal/mobcommands/go.go:87.22,89.4 1 0
github.com/GoMudEngine/GoMud/internal/mobcommands/go.go:92.3,94.29 2 1
github.com/GoMudEngine/GoMud/internal/mobcommands/go.go:94.29,96.4 1 0
github.com/GoMudEngine/GoMud/internal/mobcommands/go.go:96.9,101.32 2 1
github.com/GoMudEngine/GoMud/internal/mobcommands/go.go:101.32,107.5 1 0
github.com/GoMudEngine/GoMud/internal/mobcommands/go.go:109.4,109.79 1 1
github.com/GoMudEngine/GoMud/internal/mobcommands/go.go:112.3,136.86 9 1
github.com/GoMudEngine/GoMud/internal/mobcommands/go.go:136.86,142.149 2 0
github.com/GoMudEngine/GoMud/internal/mobcommands/go.go:142.149,144.5 1 0
github.com/GoMudEngine/GoMud/internal/mobcommands/go.go:147.3,147.19 1 1
github.com/GoMudEngine/GoMud/internal/mobcommands/go.go:150.2,150.19 1 1
github.com/GoMudEngine/GoMud/internal/mobcommands/grapple.go:15.74,18.32 1 1
github.com/GoMudEngine/GoMud/internal/mobcommands/grapple.go:18.32,20.3 1 1
github.com/GoMudEngine/GoMud/internal/mobcommands/grapple.go:23.2,24.101 2 1
github.com/GoMudEngine/GoMud/internal/mobcommands/grapple.go:24.101,26.3 1 0
github.com/GoMudEngine/GoMud/internal/mobcommands/grapple.go:29.2,37.21 7 1
github.com/GoMudEngine/GoMud/internal/mobcommands/grapple.go:37.21,39.23 2 0
github.com/GoMudEngine/GoMud/internal/mobcommands/grapple.go:39.23,41.4 1 0
github.com/GoMudEngine/GoMud/internal/mobcommands/grapple.go:42.3,43.34 2 0
github.com/GoMudEngine/GoMud/internal/mobcommands/grapple.go:44.8,44.31 1 1
github.com/GoMudEngine/GoMud/internal/mobcommands/grapple.go:44.31,46.24 2 1
github.com/GoMudEngine/GoMud/internal/mobcommands/grapple.go:46.24,48.4 1 0
github.com/GoMudEngine/GoMud/internal/mobcommands/grapple.go:49.3,50.34 2 1
github.com/GoMudEngine/GoMud/internal/mobcommands/grapple.go:51.8,53.3 1 0
github.com/GoMudEngine/GoMud/internal/mobcommands/grapple.go:56.2,59.20 2 1
github.com/GoMudEngine/GoMud/internal/mobcommands/grapple.go:59.20,60.24 1 0
github.com/GoMudEngine/GoMud/internal/mobcommands/grapple.go:60.24,62.4 1 0
github.com/GoMudEngine/GoMud/internal/mobcommands/grapple.go:63.3,69.33 2 0
github.com/GoMudEngine/GoMud/internal/mobcommands/grapple.go:69.33,70.25 1 0
github.com/GoMudEngine/GoMud/internal/mobcommands/grapple.go:70.25,72.5 1 0
github.com/GoMudEngine/GoMud/internal/mobcommands/grapple.go:73.4,73.66 1 0
github.com/GoMudEngine/GoMud/internal/mobcommands/grapple.go:75.8,76.24 1 1
github.com/GoMudEngine/GoMud/internal/mobcommands/grapple.go:76.24,78.4 1 1
github.com/GoMudEngine/GoMud/internal/mobcommands/grapple.go:79.3,85.32 2 1
github.com/GoMudEngine/GoMud/internal/mobcommands/grapple.go:85.32,86.25 1 0
github.com/GoMudEngine/GoMud/internal/mobcommands/grapple.go:86.25,88.5 1 0
github.com/GoMudEngine/GoMud/internal/mobcommands/grapple.go:89.4,89.65 1 0
github.com/GoMudEngine/GoMud/internal/mobcommands/grapple.go:94.2,95.22 2 1
github.com/GoMudEngine/GoMud/internal/mobcommands/grapple.go:95.22,97.3 1 1
github.com/GoMudEngine/GoMud/internal/mobcommands/grapple.go:98.2,101.32 2 1
github.com/GoMudEngine/GoMud/internal/mobcommands/grapple.go:101.32,103.3 1 1
github.com/GoMudEngine/GoMud/internal/mobcommands/grapple.go:105.2,105.18 1 1
github.com/GoMudEngine/GoMud/internal/mobcommands/kick.go:16.71,19.32 1 1
github.com/GoMudEngine/GoMud/internal/mobcommands/kick.go:19.32,21.3 1 1
github.com/GoMudEngine/GoMud/internal/mobcommands/kick.go:24.2,25.101 2 1
github.com/GoMudEngine/GoMud/internal/mobcommands/kick.go:25.101,27.3 1 1
github.com/GoMudEngine/GoMud/internal/mobcommands/kick.go:30.2,38.21 7 0
github.com/GoMudEngine/GoMud/internal/mobcommands/kick.go:38.21,40.23 2 0
github.com/GoMudEngine/GoMud/internal/mobcommands/kick.go:40.23,42.4 1 0
github.com/GoMudEngine/GoMud/internal/mobcommands/kick.go:43.3,44.34 2 0
github.com/GoMudEngine/GoMud/internal/mobcommands/kick.go:45.8,45.31 1 0
github.com/GoMudEngine/GoMud/internal/mobcommands/kick.go:45.31,47.24 2 0
github.com/GoMudEngine/GoMud/internal/mobcommands/kick.go:47.24,49.4 1 0
github.com/GoMudEngine/GoMud/internal/mobcommands/kick.go:50.3,51.34 2 0
github.com/GoMudEngine/GoMud/internal/mobcommands/kick.go:52.8,54.3 1 0
github.com/GoMudEngine/GoMud/internal/mobcommands/kick.go:57.2,71.16 2 0
github.com/GoMudEngine/GoMud/internal/mobcommands/kick.go:71.16,72.25 1 0
github.com/GoMudEngine/GoMud/internal/mobcommands/kick.go:72.25,73.25 1 0
github.com/GoMudEngine/GoMud/internal/mobcommands/kick.go:73.25,75.5 1 0
github.com/GoMudEngine/GoMud/internal/mobcommands/kick.go:76.4,79.5 1 0
github.com/GoMudEngine/GoMud/internal/mobcommands/kick.go:80.9,81.25 1 0
github.com/GoMudEngine/GoMud/internal/mobcommands/kick.go:81.25,83.5 1 0
github.com/GoMudEngine/GoMud/internal/mobcommands/kick.go:84.4,87.5 1 0
github.com/GoMudEngine/GoMud/internal/mobcommands/kick.go:89.8,90.24 1 0
github.com/GoMudEngine/GoMud/internal/mobcommands/kick.go:90.24,92.4 1 0
github.com/GoMudEngine/GoMud/internal/mobcommands/kick.go:93.3,96.4 1 0
github.com/GoMudEngine/GoMud/internal/mobcommands/kick.go:100.2,101.16 2 0
github.com/GoMudEngine/GoMud/internal/mobcommands/kick.go:101.16,103.3 1 0
github.com/GoMudEngine/GoMud/internal/mobcommands/kick.go:104.2,105.22 2 0
github.com/GoMudEngine/GoMud/internal/mobcommands/kick.go:105.22,107.3 1 0
github.com/GoMudEngine/GoMud/internal/mobcommands/kick.go:108.2,111.32 2 0
github.com/GoMudEngine/GoMud/internal/mobcommands/kick.go:111.32,113.3 1 0
github.com/GoMudEngine/GoMud/internal/mobcommands/kick.go:115.2,115.18 1 0
github.com/GoMudEngine/GoMud/internal/mobcommands/look.go:13.71,16.41 2 1
github.com/GoMudEngine/GoMud/internal/mobcommands/look.go:16.41,19.3 2 1
github.com/GoMudEngine/GoMud/internal/mobcommands/look.go:21.2,24.19 2 1
github.com/GoMudEngine/GoMud/internal/mobcommands/look.go:24.19,25.25 1 1
github.com/GoMudEngine/GoMud/internal/mobcommands/look.go:25.25,27.4 1 0
github.com/GoMudEngine/GoMud/internal/mobcommands/look.go:29.2,29.19 1 1
github.com/GoMudEngine/GoMud/internal/mobcommands/look.go:29.19,30.26 1 1
github.com/GoMudEngine/GoMud/internal/mobcommands/look.go:30.26,32.4 1 0
github.com/GoMudEngine/GoMud/internal/mobcommands/look.go:35.2,37.22 2 1
github.com/GoMudEngine/GoMud/internal/mobcommands/look.go:37.22,39.33 1 1
github.com/GoMudEngine/GoMud/internal/mobcommands/look.go:39.33,46.4 2 1
github.com/GoMudEngine/GoMud/internal/mobcommands/look.go:47.3,49.19 2 1
github.com/GoMudEngine/GoMud/internal/mobcommands/look.go:56.2,57.20 2 1
github.com/GoMudEngine/GoMud/internal/mobcommands/look.go:57.20,60.31 2 1
github.com/GoMudEngine/GoMud/internal/mobcommands/look.go:60.31,62.4 1 0
github.com/GoMudEngine/GoMud/internal/mobcommands/look.go:64.3,64.18 1 1
github.com/GoMudEngine/GoMud/internal/mobcommands/look.go:64.18,66.4 1 1
github.com/GoMudEngine/GoMud/internal/mobcommands/look.go:68.3,70.19 2 1
github.com/GoMudEngine/GoMud/internal/mobcommands/look.go:76.2,76.68 1 1
github.com/GoMudEngine/GoMud/internal/mobcommands/look.go:76.68,78.18 1 0
github.com/GoMudEngine/GoMud/internal/mobcommands/look.go:78.18,82.4 1 0
github.com/GoMudEngine/GoMud/internal/mobcommands/look.go:84.3,84.19 1 0
github.com/GoMudEngine/GoMud/internal/mobcommands/look.go:91.2,93.31 2 1
github.com/GoMudEngine/GoMud/internal/mobcommands/look.go:93.31,95.19 1 1
github.com/GoMudEngine/GoMud/internal/mobcommands/look.go:95.19,99.19 2 1
github.com/GoMudEngine/GoMud/internal/mobcommands/look.go:99.19,107.5 2 1
github.com/GoMudEngine/GoMud/internal/mobcommands/look.go:109.9,109.23 1 0
github.com/GoMudEngine/GoMud/internal/mobcommands/look.go:109.23,113.19 2 0
github.com/GoMudEngine/GoMud/internal/mobcommands/look.go:113.19,118.5 2 0
github.com/GoMudEngine/GoMud/internal/mobcommands/look.go:122.3,122.19 1 1
github.com/GoMudEngine/GoMud/internal/mobcommands/look.go:129.2,129.64 1 0
github.com/GoMudEngine/GoMud/internal/mobcommands/look.go:129.64,131.18 1 0
github.com/GoMudEngine/GoMud/internal/mobcommands/look.go:131.18,135.4 1 0
github.com/GoMudEngine/GoMud/internal/mobcommands/look.go:137.3,137.19 1 0
github.com/GoMudEngine/GoMud/internal/mobcommands/look.go:143.2,144.24 2 0
github.com/GoMudEngine/GoMud/internal/mobcommands/look.go:144.24,146.18 1 0
github.com/GoMudEngine/GoMud/internal/mobcommands/look.go:146.18,148.4 1 0
github.com/GoMudEngine/GoMud/internal/mobcommands/look.go:150.3,150.19 1 0
github.com/GoMudEngine/GoMud/internal/mobcommands/look.go:156.2,157.19 2 0
github.com/GoMudEngine/GoMud/internal/mobcommands/look.go:157.19,159.62 1 0
github.com/GoMudEngine/GoMud/internal/mobcommands/look.go:159.62,165.4 2 0
github.com/GoMudEngine/GoMud/internal/mobcommands/look.go:168.2,168.18 1 0
github.com/GoMudEngine/GoMud/internal/mobcommands/look.go:171.59,175.31 2 1
github.com/GoMudEngine/GoMud/internal/mobcommands/look.go:175.31,177.3 1 0
github.com/GoMudEngine/GoMud/internal/mobcommands/look.go:180.2,180.25 1 1
github.com/GoMudEngine/GoMud/internal/mobcommands/look.go:180.25,182.3 1 1
github.com/GoMudEngine/GoMud/internal/mobcommands/look.go:184.2,184.17 1 1
github.com/GoMudEngine/GoMud/internal/mobcommands/look.go:184.17,187.25 2 1
github.com/GoMudEngine/GoMud/internal/mobcommands/look.go:187.25,191.4 1 0
github.com/GoMudEngine/GoMud/internal/mobcommands/look.go:191.9,195.4 1 1
github.com/GoMudEngine/GoMud/internal/mobcommands/lookforaid.go:11.77,14.16 2 1
github.com/GoMudEngine/GoMud/internal/mobcommands/lookforaid.go:14.16,16.3 1 1
github.com/GoMudEngine/GoMud/internal/mobcommands/lookforaid.go:18.2,18.61 1 0
github.com/GoMudEngine/GoMud/internal/mobcommands/lookforaid.go:18.61,21.18 2 0
github.com/GoMudEngine/GoMud/internal/mobcommands/lookforaid.go:21.18,22.12 1 0
github.com/GoMudEngine/GoMud/internal/mobcommands/lookforaid.go:25.3,25.40 1 0
github.com/GoMudEngine/GoMud/internal/mobcommands/lookforaid.go:25.40,27.12 2 0
github.com/GoMudEngine/GoMud/internal/mobcommands/lookforaid.go:32.2,32.18 1 0
github.com/GoMudEngine/GoMud/internal/mobcommands/lookfortrouble.go:18.81,21.32 1 1
github.com/GoMudEngine/GoMud/internal/mobcommands/lookfortrouble.go:21.32,23.3 1 0
github.com/GoMudEngine/GoMud/internal/mobcommands/lookfortrouble.go:26.2,34.16 5 1
github.com/GoMudEngine/GoMud/internal/mobcommands/lookfortrouble.go:34.16,38.41 2 1
github.com/GoMudEngine/GoMud/internal/mobcommands/lookfortrouble.go:38.41,41.19 2 1
github.com/GoMudEngine/GoMud/internal/mobcommands/lookfortrouble.go:41.19,42.13 1 0
github.com/GoMudEngine/GoMud/internal/mobcommands/lookfortrouble.go:45.4,46.23 2 1
github.com/GoMudEngine/GoMud/internal/mobcommands/lookfortrouble.go:46.23,48.13 2 1
github.com/GoMudEngine/GoMud/internal/mobcommands/lookfortrouble.go:53.4,55.33 2 0
github.com/GoMudEngine/GoMud/internal/mobcommands/lookfortrouble.go:55.33,57.5 1 0
github.com/GoMudEngine/GoMud/internal/mobcommands/lookfortrouble.go:57.10,57.55 1 0
github.com/GoMudEngine/GoMud/internal/mobcommands/lookfortrouble.go:57.55,59.5 1 0
github.com/GoMudEngine/GoMud/internal/mobcommands/lookfortrouble.go:61.4,62.52 2 0
github.com/GoMudEngine/GoMud/internal/mobcommands/lookfortrouble.go:62.52,64.5 1 0
github.com/GoMudEngine/GoMud/internal/mobcommands/lookfortrouble.go:67.4,67.90 1 0
github.com/GoMudEngine/GoMud/internal/mobcommands/lookfortrouble.go:67.90,68.34 1 0
github.com/GoMudEngine/GoMud/internal/mobcommands/lookfortrouble.go:68.34,69.26 1 0
github.com/GoMudEngine/GoMud/internal/mobcommands/lookfortrouble.go:69.26,71.22 2 0
github.com/GoMudEngine/GoMud/internal/mobcommands/lookfortrouble.go:71.22,73.8 1 0
github.com/GoMudEngine/GoMud/internal/mobcommands/lookfortrouble.go:74.7,74.12 1 0
github.com/GoMudEngine/GoMud/internal/mobcommands/lookfortrouble.go:79.4,79.19 1 0
github.com/GoMudEngine/GoMud/internal/mobcommands/lookfortrouble.go:79.19,83.20 2 0
github.com/GoMudEngine/GoMud/internal/mobcommands/lookfortrouble.go:83.20,84.35 1 0
github.com/GoMudEngine/GoMud/internal/mobcommands/lookfortrouble.go:84.35,86.7 1 0
github.com/GoMudEngine/GoMud/internal/mobcommands/lookfortrouble.go:88.5,88.13 1 0
github.com/GoMudEngine/GoMud/internal/mobcommands/lookfortrouble.go:92.4,92.39 1 0
github.com/GoMudEngine/GoMud/internal/mobcommands/lookfortrouble.go:92.39,96.20 2 0
github.com/GoMudEngine/GoMud/internal/mobcommands/lookfortrouble.go:96.20,97.35 1 0
github.com/GoMudEngine/GoMud/internal/mobcommands/lookfortrouble.go:97.35,99.7 1 0
github.com/GoMudEngine/GoMud/internal/mobcommands/lookfortrouble.go:101.5,101.13 1 0
github.com/GoMudEngine/GoMud/internal/mobcommands/lookfortrouble.go:105.4,105.41 1 0
github.com/GoMudEngine/GoMud/internal/mobcommands/lookfortrouble.go:105.41,107.44 1 0
github.com/GoMudEngine/GoMud/internal/mobcommands/lookfortrouble.go:107.44,111.21 2 0
github.com/GoMudEngine/GoMud/internal/mobcommands/lookfortrouble.go:111.21,112.36 1 0
github.com/GoMudEngine/GoMud/internal/mobcommands/lookfortrouble.go:112.36,114.8 1 0
github.com/GoMudEngine/GoMud/internal/mobcommands/lookfortrouble.go:116.6,116.11 1 0
github.com/GoMudEngine/GoMud/internal/mobcommands/lookfortrouble.go:122.3,122.56 1 1
github.com/GoMudEngine/GoMud/internal/mobcommands/lookfortrouble.go:122.56,123.47 1 1
github.com/GoMudEngine/GoMud/internal/mobcommands/lookfortrouble.go:123.47,124.13 1 1
github.com/GoMudEngine/GoMud/internal/mobcommands/lookfortrouble.go:127.4,128.26 2 1
github.com/GoMudEngine/GoMud/internal/mobcommands/lookfortrouble.go:128.26,129.13 1 0
github.com/GoMudEngine/GoMud/internal/mobcommands/lookfortrouble.go:132.4,134.68 2 1
github.com/GoMudEngine/GoMud/internal/mobcommands/lookfortrouble.go:134.68,136.13 2 0
github.com/GoMudEngine/GoMud/internal/mobcommands/lookfortrouble.go:139.4,139.41 1 1
github.com/GoMudEngine/GoMud/internal/mobcommands/lookfortrouble.go:139.41,140.45 1 0
github.com/GoMudEngine/GoMud/internal/mobcommands/lookfortrouble.go:140.45,141.46 1 0
github.com/GoMudEngine/GoMud/internal/mobcommands/lookfortrouble.go:141.46,143.12 2 0
github.com/GoMudEngine/GoMud/internal/mobcommands/lookfortrouble.go:151.2,157.29 5 1
github.com/GoMudEngine/GoMud/internal/mobcommands/lookfortrouble.go:157.29,159.24 2 0
github.com/GoMudEngine/GoMud/internal/mobcommands/lookfortrouble.go:159.24,161.4 1 0
github.com/GoMudEngine/GoMud/internal/mobcommands/lookfortrouble.go:161.9,163.4 1 0
github.com/GoMudEngine/GoMud/internal/mobcommands/lookfortrouble.go:166.2,166.22 1 1
github.com/GoMudEngine/GoMud/internal/mobcommands/lookfortrouble.go:166.22,168.3 1 0
github.com/GoMudEngine/GoMud/internal/mobcommands/lookfortrouble.go:168.8,168.36 1 1
github.com/GoMudEngine/GoMud/internal/mobcommands/lookfortrouble.go:168.36,170.3 1 0
github.com/GoMudEngine/GoMud/internal/mobcommands/lookfortrouble.go:170.8,172.21 1 1
github.com/GoMudEngine/GoMud/internal/mobcommands/lookfortrouble.go:172.21,173.32 1 1
github.com/GoMudEngine/GoMud/internal/mobcommands/lookfortrouble.go:173.32,175.5 1 1
github.com/GoMudEngine/GoMud/internal/mobcommands/lookfortrouble.go:179.2,179.18 1 1
github.com/GoMudEngine/GoMud/internal/mobcommands/mobcommands.go:74.35,77.34 2 1
github.com/GoMudEngine/GoMud/internal/mobcommands/mobcommands.go:77.34,79.3 1 1
github.com/GoMudEngine/GoMud/internal/mobcommands/mobcommands.go:81.2,81.15 1 1
github.com/GoMudEngine/GoMud/internal/mobcommands/mobcommands.go:84.67,94.16 6 1
github.com/GoMudEngine/GoMud/internal/mobcommands/mobcommands.go:94.16,96.3 1 1
github.com/GoMudEngine/GoMud/internal/mobcommands/mobcommands.go:98.2,99.17 2 1
github.com/GoMudEngine/GoMud/internal/mobcommands/mobcommands.go:99.17,101.3 1 0
github.com/GoMudEngine/GoMud/internal/mobcommands/mobcommands.go:103.2,116.58 2 1
github.com/GoMudEngine/GoMud/internal/mobcommands/mobcommands.go:116.58,119.35 1 0
github.com/GoMudEngine/GoMud/internal/mobcommands/mobcommands.go:119.35,124.21 3 0
github.com/GoMudEngine/GoMud/internal/mobcommands/mobcommands.go:124.21,126.5 1 0
github.com/GoMudEngine/GoMud/internal/mobcommands/mobcommands.go:126.10,128.5 1 0
github.com/GoMudEngine/GoMud/internal/mobcommands/mobcommands.go:129.9,131.4 1 0
github.com/GoMudEngine/GoMud/internal/mobcommands/mobcommands.go:134.2,134.41 1 1
github.com/GoMudEngine/GoMud/internal/mobcommands/mobcommands.go:134.41,135.48 1 1
github.com/GoMudEngine/GoMud/internal/mobcommands/mobcommands.go:135.48,138.4 1 0
github.com/GoMudEngine/GoMud/internal/mobcommands/mobcommands.go:140.3,141.16 2 1
github.com/GoMudEngine/GoMud/internal/mobcommands/mobcommands.go:141.16,143.4 1 1
github.com/GoMudEngine/GoMud/internal/mobcommands/mobcommands.go:145.3,146.22 2 1
github.com/GoMudEngine/GoMud/internal/mobcommands/mobcommands.go:150.2,150.18 1 1
github.com/GoMudEngine/GoMud/internal/mobcommands/mobcommands.go:150.18,152.16 2 1
github.com/GoMudEngine/GoMud/internal/mobcommands/mobcommands.go:152.16,154.4 1 1
github.com/GoMudEngine/GoMud/internal/mobcommands/mobcommands.go:156.3,156.53 1 1
github.com/GoMudEngine/GoMud/internal/mobcommands/mobcommands.go:156.53,158.4 1 0
github.com/GoMudEngine/GoMud/internal/mobcommands/mobcommands.go:158.9,158.21 1 1
github.com/GoMudEngine/GoMud/internal/mobcommands/mobcommands.go:158.21,160.4 1 0
github.com/GoMudEngine/GoMud/internal/mobcommands/mobcommands.go:163.2,163.44 1 1
github.com/GoMudEngine/GoMud/internal/mobcommands/mobcommands.go:163.44,166.3 2 0
github.com/GoMudEngine/GoMud/internal/mobcommands/mobcommands.go:168.2,168.19 1 1
github.com/GoMudEngine/GoMud/internal/mobcommands/mobcommands.go:172.80,177.2 1 1
github.com/GoMudEngine/GoMud/internal/mobcommands/noop.go:9.71,11.2 1 1
github.com/GoMudEngine/GoMud/internal/mobcommands/pathto.go:14.73,17.20 1 1
github.com/GoMudEngine/GoMud/internal/mobcommands/pathto.go:17.20,19.53 2 0
github.com/GoMudEngine/GoMud/internal/mobcommands/pathto.go:19.53,25.4 2 0
github.com/GoMudEngine/GoMud/internal/mobcommands/pathto.go:28.2,30.78 2 1
github.com/GoMudEngine/GoMud/internal/mobcommands/pathto.go:30.78,32.26 1 1
github.com/GoMudEngine/GoMud/internal/mobcommands/pathto.go:32.26,34.12 2 0
github.com/GoMudEngine/GoMud/internal/mobcommands/pathto.go:37.3,37.60 1 1
github.com/GoMudEngine/GoMud/internal/mobcommands/pathto.go:37.60,39.4 1 1
github.com/GoMudEngine/GoMud/internal/mobcommands/pathto.go:42.2,42.64 1 1
github.com/GoMudEngine/GoMud/internal/mobcommands/pathto.go:42.64,44.3 1 1
github.com/GoMudEngine/GoMud/internal/mobcommands/pathto.go:46.2,47.16 2 1
github.com/GoMudEngine/GoMud/internal/mobcommands/pathto.go:47.16,48.21 1 0
github.com/GoMudEngine/GoMud/internal/mobcommands/pathto.go:48.21,51.4 2 0
github.com/GoMudEngine/GoMud/internal/mobcommands/pathto.go:52.3,52.20 1 0
github.com/GoMudEngine/GoMud/internal/mobcommands/pathto.go:55.2,55.38 1 1
github.com/GoMudEngine/GoMud/internal/mobcommands/pathto.go:55.38,59.3 3 0
github.com/GoMudEngine/GoMud/internal/mobcommands/pathto.go:61.2,64.27 2 1
github.com/GoMudEngine/GoMud/internal/mobcommands/pathto.go:64.27,66.3 1 1
github.com/GoMudEngine/GoMud/internal/mobcommands/pathto.go:68.2,70.18 2 1
github.com/GoMudEngine/GoMud/internal/mobcommands/portal.go:16.73,19.16 1 1
github.com/GoMudEngine/GoMud/internal/mobcommands/portal.go:19.16,20.55 1 0
github.com/GoMudEngine/GoMud/internal/mobcommands/portal.go:20.55,22.4 1 0
github.com/GoMudEngine/GoMud/internal/mobcommands/portal.go:25.2,31.16 3 1
github.com/GoMudEngine/GoMud/internal/mobcommands/portal.go:31.16,33.17 2 1
github.com/GoMudEngine/GoMud/internal/mobcommands/portal.go:33.17,35.4 1 0
github.com/GoMudEngine/GoMud/internal/mobcommands/portal.go:36.3,36.12 1 1
github.com/GoMudEngine/GoMud/internal/mobcommands/portal.go:40.2,40.20 1 1
github.com/GoMudEngine/GoMud/internal/mobcommands/portal.go:40.20,46.15 3 0
github.com/GoMudEngine/GoMud/internal/mobcommands/portal.go:46.15,52.4 2 0
github.com/GoMudEngine/GoMud/internal/mobcommands/portal.go:53.3,53.38 1 0
github.com/GoMudEngine/GoMud/internal/mobcommands/portal.go:57.2,57.20 1 1
github.com/GoMudEngine/GoMud/internal/mobcommands/portal.go:57.20,59.3 1 0
github.com/GoMudEngine/GoMud/internal/mobcommands/portal.go:61.2,61.48 1 1
github.com/GoMudEngine/GoMud/internal/mobcommands/portal.go:61.48,63.3 1 0
github.com/GoMudEngine/GoMud/internal/mobcommands/portal.go:66.2,67.23 2 1
github.com/GoMudEngine/GoMud/internal/mobcommands/portal.go:67.23,69.3 1 0
github.com/GoMudEngine/GoMud/internal/mobcommands/portal.go:74.2,83.58 3 1
github.com/GoMudEngine/GoMud/internal/mobcommands/portal.go:83.58,85.3 1 0
github.com/GoMudEngine/GoMud/internal/mobcommands/portal.go:87.2,99.18 5 1
github.com/GoMudEngine/GoMud/internal/mobcommands/put.go:16.70,20.19 2 1
github.com/GoMudEngine/GoMud/internal/mobcommands/put.go:20.19,22.3 1 0
github.com/GoMudEngine/GoMud/internal/mobcommands/put.go:24.2,26.38 3 1
github.com/GoMudEngine/GoMud/internal/mobcommands/put.go:26.38,27.26 1 1
github.com/GoMudEngine/GoMud/internal/mobcommands/put.go:27.26,29.4 1 1
github.com/GoMudEngine/GoMud/internal/mobcommands/put.go:30.3,33.26 3 1
github.com/GoMudEngine/GoMud/internal/mobcommands/put.go:33.26,35.9 2 0
github.com/GoMudEngine/GoMud/internal/mobcommands/put.go:39.2,39.25 1 1
github.com/GoMudEngine/GoMud/internal/mobcommands/put.go:39.25,41.3 1 1
github.com/GoMudEngine/GoMud/internal/mobcommands/put.go:43.2,45.19 2 0
github.com/GoMudEngine/GoMud/internal/mobcommands/put.go:45.19,47.3 1 0
github.com/GoMudEngine/GoMud/internal/mobcommands/put.go:49.2,53.41 4 0
github.com/GoMudEngine/GoMud/internal/mobcommands/put.go:53.41,57.18 3 0
github.com/GoMudEngine/GoMud/internal/mobcommands/put.go:57.18,59.4 1 0
github.com/GoMudEngine/GoMud/internal/mobcommands/put.go:61.8,64.34 2 0
github.com/GoMudEngine/GoMud/internal/mobcommands/put.go:64.34,66.4 1 0
github.com/GoMudEngine/GoMud/internal/mobcommands/put.go:69.2,69.32 1 0
github.com/GoMudEngine/GoMud/internal/mobcommands/put.go:69.32,71.3 1 0
github.com/GoMudEngine/GoMud/internal/mobcommands/put.go:73.2,73.17 1 0
github.com/GoMudEngine/GoMud/internal/mobcommands/put.go:73.17,76.3 2 0
github.com/GoMudEngine/GoMud/internal/mobcommands/put.go:78.2,78.15 1 0
github.com/GoMudEngine/GoMud/internal/mobcommands/put.go:78.15,91.79 5 0
github.com/GoMudEngine/GoMud/internal/mobcommands/put.go:91.79,97.39 3 0
github.com/GoMudEngine/GoMud/internal/mobcommands/put.go:97.39,98.72 1 0
github.com/GoMudEngine/GoMud/internal/mobcommands/put.go:98.72,101.11 2 0
github.com/GoMudEngine/GoMud/internal/mobcommands/put.go:105.4,107.33 3 0
github.com/GoMudEngine/GoMud/internal/mobcommands/put.go:111.2,113.18 2 0
github.com/GoMudEngine/GoMud/internal/mobcommands/remove.go:13.73,15.48 1 1
github.com/GoMudEngine/GoMud/internal/mobcommands/remove.go:15.48,18.3 2 0
github.com/GoMudEngine/GoMud/internal/mobcommands/remove.go:20.2,20.19 1 1
github.com/GoMudEngine/GoMud/internal/mobcommands/remove.go:20.19,22.62 2 1
github.com/GoMudEngine/GoMud/internal/mobcommands/remove.go:22.62,25.4 2 0
github.com/GoMudEngine/GoMud/internal/mobcommands/remove.go:27.3,32.19 2 1
github.com/GoMudEngine/GoMud/internal/mobcommands/remove.go:36.2,38.35 2 1
github.com/GoMudEngine/GoMud/internal/mobcommands/remove.go:38.35,40.46 1 0
github.com/GoMudEngine/GoMud/internal/mobcommands/remove.go:40.46,49.4 3 0
github.com/GoMudEngine/GoMud/internal/mobcommands/remove.go:51.3,56.5 2 0
github.com/GoMudEngine/GoMud/internal/mobcommands/remove.go:60.2,60.18 1 1
github.com/GoMudEngine/GoMud/internal/mobcommands/say.go:13.70,16.25 1 1
github.com/GoMudEngine/GoMud/internal/mobcommands/say.go:16.25,19.3 1 0
github.com/GoMudEngine/GoMud/internal/mobcommands/say.go:22.2,26.16 3 1
github.com/GoMudEngine/GoMud/internal/mobcommands/say.go:26.16,28.3 1 0
github.com/GoMudEngine/GoMud/internal/mobcommands/say.go:28.8,30.3 1 1
github.com/GoMudEngine/GoMud/internal/mobcommands/say.go:32.2,41.18 3 1
github.com/GoMudEngine/GoMud/internal/mobcommands/sayto.go:15.72,18.25 1 1
github.com/GoMudEngine/GoMud/internal/mobcommands/sayto.go:18.25,20.3 1 0
github.com/GoMudEngine/GoMud/internal/mobcommands/sayto.go:22.2,23.19 2 1
github.com/GoMudEngine/GoMud/internal/mobcommands/sayto.go:23.19,25.3 1 1
github.com/GoMudEngine/GoMud/internal/mobcommands/sayto.go:27.2,28.18 2 1
github.com/GoMudEngine/GoMud/internal/mobcommands/sayto.go:28.18,35.17 4 1
github.com/GoMudEngine/GoMud/internal/mobcommands/sayto.go:35.17,46.4 2 0
github.com/GoMudEngine/GoMud/internal/mobcommands/sayto.go:46.9,56.4 3 1
github.com/GoMudEngine/GoMud/internal/mobcommands/sayto.go:57.8,57.30 1 1
github.com/GoMudEngine/GoMud/internal/mobcommands/sayto.go:57.30,64.18 4 0
github.com/GoMudEngine/GoMud/internal/mobcommands/sayto.go:64.18,74.4 2 0
github.com/GoMudEngine/GoMud/internal/mobcommands/sayto.go:77.2,77.18 1 1
github.com/GoMudEngine/GoMud/internal/mobcommands/sayto.go:80.76,83.25 1 1
github.com/GoMudEngine/GoMud/internal/mobcommands/sayto.go:83.25,85.3 1 0
github.com/GoMudEngine/GoMud/internal/mobcommands/sayto.go:87.2,88.19 2 1
github.com/GoMudEngine/GoMud/internal/mobcommands/sayto.go:88.19,90.3 1 0
github.com/GoMudEngine/GoMud/internal/mobcommands/sayto.go:92.2,93.18 2 1
github.com/GoMudEngine/GoMud/internal/mobcommands/sayto.go:93.18,100.17 4 1
github.com/GoMudEngine/GoMud/internal/mobcommands/sayto.go:100.17,102.4 1 0
github.com/GoMudEngine/GoMud/internal/mobcommands/sayto.go:102.9,104.4 1 1
github.com/GoMudEngine/GoMud/internal/mobcommands/sayto.go:106.3,112.5 1 1
github.com/GoMudEngine/GoMud/internal/mobcommands/sayto.go:115.2,115.18 1 1
github.com/GoMudEngine/GoMud/internal/mobcommands/sayto.go:118.74,121.25 1 1
github.com/GoMudEngine/GoMud/internal/mobcommands/sayto.go:121.25,123.3 1 0
github.com/GoMudEngine/GoMud/internal/mobcommands/sayto.go:125.2,126.19 2 1
github.com/GoMudEngine/GoMud/internal/mobcommands/sayto.go:126.19,128.3 1 0
github.com/GoMudEngine/GoMud/internal/mobcommands/sayto.go:130.2,131.18 2 1
github.com/GoMudEngine/GoMud/internal/mobcommands/sayto.go:131.18,138.17 4 1
github.com/GoMudEngine/GoMud/internal/mobcommands/sayto.go:138.17,140.4 1 0
github.com/GoMudEngine/GoMud/internal/mobcommands/sayto.go:140.9,143.4 2 1
github.com/GoMudEngine/GoMud/internal/mobcommands/sayto.go:144.8,144.30 1 0
github.com/GoMudEngine/GoMud/internal/mobcommands/sayto.go:144.30,151.18 4 0
github.com/GoMudEngine/GoMud/internal/mobcommands/sayto.go:151.18,153.4 1 0
github.com/GoMudEngine/GoMud/internal/mobcommands/sayto.go:156.2,156.18 1 1
github.com/GoMudEngine/GoMud/internal/mobcommands/shoot.go:16.72,18.72 1 1
github.com/GoMudEngine/GoMud/internal/mobcommands/shoot.go:18.72,20.3 1 1
github.com/GoMudEngine/GoMud/internal/mobcommands/shoot.go:22.2,29.19 4 0
github.com/GoMudEngine/GoMud/internal/mobcommands/shoot.go:29.19,31.3 1 0
github.com/GoMudEngine/GoMud/internal/mobcommands/shoot.go:33.2,39.20 4 0
github.com/GoMudEngine/GoMud/internal/mobcommands/shoot.go:39.20,42.31 2 0
github.com/GoMudEngine/GoMud/internal/mobcommands/shoot.go:42.31,44.4 1 0
github.com/GoMudEngine/GoMud/internal/mobcommands/shoot.go:46.3,46.72 1 0
github.com/GoMudEngine/GoMud/internal/mobcommands/shoot.go:46.72,48.4 1 0
github.com/GoMudEngine/GoMud/internal/mobcommands/shoot.go:49.8,51.3 1 0
github.com/GoMudEngine/GoMud/internal/mobcommands/shoot.go:53.2,53.53 1 0
github.com/GoMudEngine/GoMud/internal/mobcommands/shoot.go:53.53,55.3 1 0
github.com/GoMudEngine/GoMud/internal/mobcommands/shoot.go:57.2,67.29 2 0
github.com/GoMudEngine/GoMud/internal/mobcommands/shoot.go:67.29,71.15 2 0
github.com/GoMudEngine/GoMud/internal/mobcommands/shoot.go:71.15,73.45 1 0
github.com/GoMudEngine/GoMud/internal/mobcommands/shoot.go:73.45,75.5 1 0
github.com/GoMudEngine/GoMud/internal/mobcommands/shoot.go:77.4,79.19 2 0
github.com/GoMudEngine/GoMud/internal/mobcommands/shoot.go:79.19,83.5 1 0
github.com/GoMudEngine/GoMud/internal/mobcommands/shoot.go:87.8,87.31 1 0
github.com/GoMudEngine/GoMud/internal/mobcommands/shoot.go:87.31,91.15 2 0
github.com/GoMudEngine/GoMud/internal/mobcommands/shoot.go:91.15,95.19 2 0
github.com/GoMudEngine/GoMud/internal/mobcommands/shoot.go:95.19,101.5 1 0
github.com/GoMudEngine/GoMud/internal/mobcommands/shoot.go:107.2,107.18 1 0
github.com/GoMudEngine/GoMud/internal/mobcommands/shout.go:12.72,19.16 3 1
github.com/GoMudEngine/GoMud/internal/mobcommands/shout.go:19.16,21.3 1 0
github.com/GoMudEngine/GoMud/internal/mobcommands/shout.go:21.8,23.3 1 1
github.com/GoMudEngine/GoMud/internal/mobcommands/shout.go:25.2,25.38 1 1
github.com/GoMudEngine/GoMud/internal/mobcommands/shout.go:25.38,26.69 1 1
github.com/GoMudEngine/GoMud/internal/mobcommands/shout.go:26.69,27.73 1 1
github.com/GoMudEngine/GoMud/internal/mobcommands/shout.go:27.73,29.5 1 1
github.com/GoMudEngine/GoMud/internal/mobcommands/shout.go:33.2,33.18 1 1
github.com/GoMudEngine/GoMud/internal/mobcommands/show.go:15.71,21.19 3 1
github.com/GoMudEngine/GoMud/internal/mobcommands/show.go:21.19,23.3 1 1
github.com/GoMudEngine/GoMud/internal/mobcommands/show.go:25.2,35.12 7 0
github.com/GoMudEngine/GoMud/internal/mobcommands/show.go:35.12,37.3 1 0
github.com/GoMudEngine/GoMud/internal/mobcommands/show.go:39.2,41.18 2 0
github.com/GoMudEngine/GoMud/internal/mobcommands/show.go:41.18,48.26 3 0
github.com/GoMudEngine/GoMud/internal/mobcommands/show.go:48.26,64.4 3 0
github.com/GoMudEngine/GoMud/internal/mobcommands/show.go:66.3,66.19 1 0
github.com/GoMudEngine/GoMud/internal/mobcommands/show.go:73.2,73.15 1 0
github.com/GoMudEngine/GoMud/internal/mobcommands/show.go:73.15,79.23 3 0
github.com/GoMudEngine/GoMud/internal/mobcommands/show.go:79.23,81.27 1 0
github.com/GoMudEngine/GoMud/internal/mobcommands/show.go:81.27,87.5 1 0
github.com/GoMudEngine/GoMud/internal/mobcommands/show.go:91.3,91.19 1 0
github.com/GoMudEngine/GoMud/internal/mobcommands/show.go:94.2,94.18 1 0
github.com/GoMudEngine/GoMud/internal/mobcommands/sneak.go:9.72,13.16 2 1
github.com/GoMudEngine/GoMud/internal/mobcommands/sneak.go:13.16,15.3 1 0
github.com/GoMudEngine/GoMud/internal/mobcommands/sneak.go:17.2,19.18 2 1
github.com/GoMudEngine/GoMud/internal/mobcommands/submit.go:14.73,17.32 1 1
github.com/GoMudEngine/GoMud/internal/mobcommands/submit.go:17.32,19.3 1 1
github.com/GoMudEngine/GoMud/internal/mobcommands/submit.go:22.2,22.65 1 1
github.com/GoMudEngine/GoMud/internal/mobcommands/submit.go:22.65,24.3 1 1
github.com/GoMudEngine/GoMud/internal/mobcommands/submit.go:27.2,27.72 1 1
github.com/GoMudEngine/GoMud/internal/mobcommands/submit.go:27.72,29.3 1 1
github.com/GoMudEngine/GoMud/internal/mobcommands/submit.go:32.2,33.101 2 0
github.com/GoMudEngine/GoMud/internal/mobcommands/submit.go:33.101,35.3 1 0
github.com/GoMudEngine/GoMud/internal/mobcommands/submit.go:38.2,45.21 6 0
github.com/GoMudEngine/GoMud/internal/mobcommands/submit.go:45.21,47.23 2 0
github.com/GoMudEngine/GoMud/internal/mobcommands/submit.go:47.23,49.4 1 0
github.com/GoMudEngine/GoMud/internal/mobcommands/submit.go:50.3,50.40 1 0
github.com/GoMudEngine/GoMud/internal/mobcommands/submit.go:51.8,51.31 1 0
github.com/GoMudEngine/GoMud/internal/mobcommands/submit.go:51.31,53.24 2 0
github.com/GoMudEngine/GoMud/internal/mobcommands/submit.go:53.24,55.4 1 0
github.com/GoMudEngine/GoMud/internal/mobcommands/submit.go:56.3,56.41 1 0
github.com/GoMudEngine/GoMud/internal/mobcommands/submit.go:57.8,59.3 1 0
github.com/GoMudEngine/GoMud/internal/mobcommands/submit.go:62.2,63.22 2 0
github.com/GoMudEngine/GoMud/internal/mobcommands/submit.go:63.22,65.3 1 0
github.com/GoMudEngine/GoMud/internal/mobcommands/submit.go:65.8,67.3 1 0
github.com/GoMudEngine/GoMud/internal/mobcommands/submit.go:70.2,70.20 1 0
github.com/GoMudEngine/GoMud/internal/mobcommands/submit.go:70.20,74.24 2 0
github.com/GoMudEngine/GoMud/internal/mobcommands/submit.go:74.24,76.28 2 0
github.com/GoMudEngine/GoMud/internal/mobcommands/submit.go:76.28,78.5 1 0
github.com/GoMudEngine/GoMud/internal/mobcommands/submit.go:83.3,83.23 1 0
github.com/GoMudEngine/GoMud/internal/mobcommands/submit.go:83.23,85.4 1 0
github.com/GoMudEngine/GoMud/internal/mobcommands/submit.go:85.9,87.4 1 0
github.com/GoMudEngine/GoMud/internal/mobcommands/submit.go:89.3,89.24 1 0
github.com/GoMudEngine/GoMud/internal/mobcommands/submit.go:89.24,91.25 1 0
github.com/GoMudEngine/GoMud/internal/mobcommands/submit.go:91.25,94.5 2 0
github.com/GoMudEngine/GoMud/internal/mobcommands/submit.go:96.4,103.24 3 0
github.com/GoMudEngine/GoMud/internal/mobcommands/submit.go:103.24,105.5 1 0
github.com/GoMudEngine/GoMud/internal/mobcommands/submit.go:105.10,107.5 1 0
github.com/GoMudEngine/GoMud/internal/mobcommands/submit.go:109.9,112.18 2 0
github.com/GoMudEngine/GoMud/internal/mobcommands/submit.go:112.18,114.5 1 0
github.com/GoMudEngine/GoMud/internal/mobcommands/submit.go:117.4,118.24 2 0
github.com/GoMudEngine/GoMud/internal/mobcommands/submit.go:118.24,120.5 1 0
github.com/GoMudEngine/GoMud/internal/mobcommands/submit.go:120.10,120.32 1 0
github.com/GoMudEngine/GoMud/internal/mobcommands/submit.go:120.32,122.5 1 0
github.com/GoMudEngine/GoMud/internal/mobcommands/submit.go:124.4,124.25 1 0
github.com/GoMudEngine/GoMud/internal/mobcommands/submit.go:124.25,127.5 2 0
github.com/GoMudEngine/GoMud/internal/mobcommands/submit.go:129.4,132.5 1 0
github.com/GoMudEngine/GoMud/internal/mobcommands/submit.go:134.8,136.23 1 0
github.com/GoMudEngine/GoMud/internal/mobcommands/submit.go:136.23,138.4 1 0
github.com/GoMudEngine/GoMud/internal/mobcommands/submit.go:138.9,140.4 1 0
github.com/GoMudEngine/GoMud/internal/mobcommands/submit.go:142.3,142.24 1 0
github.com/GoMudEngine/GoMud/internal/mobcommands/submit.go:142.24,145.4 2 0
github.com/GoMudEngine/GoMud/internal/mobcommands/submit.go:147.3,150.4 1 0
github.com/GoMudEngine/GoMud/internal/mobcommands/submit.go:154.2,154.32 1 0
github.com/GoMudEngine/GoMud/internal/mobcommands/submit.go:154.32,156.3 1 0
github.com/GoMudEngine/GoMud/internal/mobcommands/submit.go:158.2,158.18 1 0
github.com/GoMudEngine/GoMud/internal/mobcommands/suicide.go:19.74,23.72 2 1
github.com/GoMudEngine/GoMud/internal/mobcommands/suicide.go:23.72,32.3 4 0
github.com/GoMudEngine/GoMud/internal/mobcommands/suicide.go:35.2,40.69 3 1
github.com/GoMudEngine/GoMud/internal/mobcommands/suicide.go:40.69,41.74 1 0
github.com/GoMudEngine/GoMud/internal/mobcommands/suicide.go:41.74,43.4 1 0
github.com/GoMudEngine/GoMud/internal/mobcommands/suicide.go:47.2,47.22 1 1
github.com/GoMudEngine/GoMud/internal/mobcommands/suicide.go:47.22,56.52 3 0
github.com/GoMudEngine/GoMud/internal/mobcommands/suicide.go:56.52,58.4 1 0
github.com/GoMudEngine/GoMud/internal/mobcommands/suicide.go:61.3,63.19 2 0
github.com/GoMudEngine/GoMud/internal/mobcommands/suicide.go:67.2,73.21 2 1
github.com/GoMudEngine/GoMud/internal/mobcommands/suicide.go:73.21,74.35 1 0
github.com/GoMudEngine/GoMud/internal/mobcommands/suicide.go:74.35,75.76 1 0
github.com/GoMudEngine/GoMud/internal/mobcommands/suicide.go:75.76,77.5 1 0
github.com/GoMudEngine/GoMud/internal/mobcommands/suicide.go:81.2,92.41 2 1
github.com/GoMudEngine/GoMud/internal/mobcommands/suicide.go:92.41,96.47 2 0
github.com/GoMudEngine/GoMud/internal/mobcommands/suicide.go:96.47,97.51 1 0
github.com/GoMudEngine/GoMud/internal/mobcommands/suicide.go:97.51,99.36 1 0
github.com/GoMudEngine/GoMud/internal/mobcommands/suicide.go:99.36,100.62 1 0
github.com/GoMudEngine/GoMud/internal/mobcommands/suicide.go:100.62,102.7 1 0
github.com/GoMudEngine/GoMud/internal/mobcommands/suicide.go:105.5,107.41 2 0
github.com/GoMudEngine/GoMud/internal/mobcommands/suicide.go:107.41,110.60 2 0
github.com/GoMudEngine/GoMud/internal/mobcommands/suicide.go:110.60,112.7 1 0
github.com/GoMudEngine/GoMud/internal/mobcommands/suicide.go:116.5,117.24 2 0
github.com/GoMudEngine/GoMud/internal/mobcommands/suicide.go:117.24,119.6 1 0
github.com/GoMudEngine/GoMud/internal/mobcommands/suicide.go:120.5,121.25 2 0
github.com/GoMudEngine/GoMud/internal/mobcommands/suicide.go:121.25,123.6 1 0
github.com/GoMudEngine/GoMud/internal/mobcommands/suicide.go:125.5,127.39 2 0
github.com/GoMudEngine/GoMud/internal/mobcommands/suicide.go:127.39,128.83 1 0
github.com/GoMudEngine/GoMud/internal/mobcommands/suicide.go:128.83,131.28 2 0
github.com/GoMudEngine/GoMud/internal/mobcommands/suicide.go:131.28,133.30 2 0
github.com/GoMudEngine/GoMud/internal/mobcommands/suicide.go:133.30,135.9 1 0
github.com/GoMudEngine/GoMud/internal/mobcommands/suicide.go:135.14,137.9 1 0
github.com/GoMudEngine/GoMud/internal/mobcommands/suicide.go:150.2,151.46 2 1
github.com/GoMudEngine/GoMud/internal/mobcommands/suicide.go:151.46,153.38 2 0
github.com/GoMudEngine/GoMud/internal/mobcommands/suicide.go:153.38,154.44 1 0
github.com/GoMudEngine/GoMud/internal/mobcommands/suicide.go:154.44,155.38 1 0
github.com/GoMudEngine/GoMud/internal/mobcommands/suicide.go:155.38,156.14 1 0
github.com/GoMudEngine/GoMud/internal/mobcommands/suicide.go:158.5,159.57 2 0
github.com/GoMudEngine/GoMud/internal/mobcommands/suicide.go:159.57,160.42 1 0
github.com/GoMudEngine/GoMud/internal/mobcommands/suicide.go:160.42,162.61 2 0
github.com/GoMudEngine/GoMud/internal/mobcommands/suicide.go:162.61,164.8 1 0
github.com/GoMudEngine/GoMud/internal/mobcommands/suicide.go:171.2,171.49 1 1
github.com/GoMudEngine/GoMud/internal/mobcommands/suicide.go:171.49,174.44 1 1
github.com/GoMudEngine/GoMud/internal/mobcommands/suicide.go:174.44,178.4 3 0
github.com/GoMudEngine/GoMud/internal/mobcommands/suicide.go:180.3,182.37 2 1
github.com/GoMudEngine/GoMud/internal/mobcommands/suicide.go:182.37,188.34 3 0
github.com/GoMudEngine/GoMud/internal/mobcommands/suicide.go:188.34,189.13 1 0
github.com/GoMudEngine/GoMud/internal/mobcommands/suicide.go:192.4,194.29 3 0
github.com/GoMudEngine/GoMud/internal/mobcommands/suicide.go:197.3,197.29 1 1
github.com/GoMudEngine/GoMud/internal/mobcommands/suicide.go:197.29,201.4 3 0
github.com/GoMudEngine/GoMud/internal/mobcommands/suicide.go:206.2,212.51 3 1
github.com/GoMudEngine/GoMud/internal/mobcommands/suicide.go:212.51,214.3 1 1
github.com/GoMudEngine/GoMud/internal/mobcommands/suicide.go:217.2,221.33 3 1
github.com/GoMudEngine/GoMud/internal/mobcommands/suicide.go:221.33,227.3 1 0
github.com/GoMudEngine/GoMud/internal/mobcommands/suicide.go:229.2,229.18 1 1
github.com/GoMudEngine/GoMud/internal/mobcommands/throw.go:16.72,20.19 2 1
github.com/GoMudEngine/GoMud/internal/mobcommands/throw.go:20.19,22.3 1 0
github.com/GoMudEngine/GoMud/internal/mobcommands/throw.go:24.2,30.9 5 1
github.com/GoMudEngine/GoMud/internal/mobcommands/throw.go:30.9,32.3 1 1
github.com/GoMudEngine/GoMud/internal/mobcommands/throw.go:35.2,38.20 2 0
github.com/GoMudEngine/GoMud/internal/mobcommands/throw.go:38.20,40.75 1 0
github.com/GoMudEngine/GoMud/internal/mobcommands/throw.go:40.75,42.22 2 0
github.com/GoMudEngine/GoMud/internal/mobcommands/throw.go:42.22,44.5 1 0
github.com/GoMudEngine/GoMud/internal/mobcommands/throw.go:48.2,48.20 1 0
github.com/GoMudEngine/GoMud/internal/mobcommands/throw.go:48.20,51.31 2 0
github.com/GoMudEngine/GoMud/internal/mobcommands/throw.go:51.31,53.4 1 0
github.com/GoMudEngine/GoMud/internal/mobcommands/throw.go:55.3,60.30 4 0
github.com/GoMudEngine/GoMud/internal/mobcommands/throw.go:60.30,62.4 1 0
github.com/GoMudEngine/GoMud/internal/mobcommands/throw.go:62.9,64.4 1 0
github.com/GoMudEngine/GoMud/internal/mobcommands/throw.go:66.3,85.19 6 0
github.com/GoMudEngine/GoMud/internal/mobcommands/throw.go:90.2,90.29 1 0
github.com/GoMudEngine/GoMud/internal/mobcommands/throw.go:90.29,93.40 2 0
github.com/GoMudEngine/GoMud/internal/mobcommands/throw.go:93.40,95.4 1 0
github.com/GoMudEngine/GoMud/internal/mobcommands/throw.go:97.3,101.26 4 0
github.com/GoMudEngine/GoMud/internal/mobcommands/throw.go:101.26,104.4 2 0
github.com/GoMudEngine/GoMud/internal/mobcommands/throw.go:104.9,104.51 1 0
github.com/GoMudEngine/GoMud/internal/mobcommands/throw.go:104.51,107.4 2 0
github.com/GoMudEngine/GoMud/internal/mobcommands/throw.go:109.3,109.20 1 0
github.com/GoMudEngine/GoMud/internal/mobcommands/throw.go:109.20,117.31 4 0
github.com/GoMudEngine/GoMud/internal/mobcommands/throw.go:117.31,119.5 1 0
github.com/GoMudEngine/GoMud/internal/mobcommands/throw.go:119.10,121.5 1 0
github.com/GoMudEngine/GoMud/internal/mobcommands/throw.go:123.4,142.20 7 0
github.com/GoMudEngine/GoMud/internal/mobcommands/throw.go:147.2,147.19 1 0
github.com/GoMudEngine/GoMud/internal/mobcommands/trip.go:16.71,19.32 1 1
github.com/GoMudEngine/GoMud/internal/mobcommands/trip.go:19.32,21.3 1 1
github.com/GoMudEngine/GoMud/internal/mobcommands/trip.go:24.2,25.101 2 1
github.com/GoMudEngine/GoMud/internal/mobcommands/trip.go:25.101,27.3 1 1
github.com/GoMudEngine/GoMud/internal/mobcommands/trip.go:30.2,38.21 7 0
github.com/GoMudEngine/GoMud/internal/mobcommands/trip.go:38.21,40.23 2 0
github.com/GoMudEngine/GoMud/internal/mobcommands/trip.go:40.23,42.4 1 0
github.com/GoMudEngine/GoMud/internal/mobcommands/trip.go:43.3,44.34 2 0
github.com/GoMudEngine/GoMud/internal/mobcommands/trip.go:45.8,45.31 1 0
github.com/GoMudEngine/GoMud/internal/mobcommands/trip.go:45.31,47.24 2 0
github.com/GoMudEngine/GoMud/internal/mobcommands/trip.go:47.24,49.4 1 0
github.com/GoMudEngine/GoMud/internal/mobcommands/trip.go:50.3,51.34 2 0
github.com/GoMudEngine/GoMud/internal/mobcommands/trip.go:52.8,54.3 1 0
github.com/GoMudEngine/GoMud/internal/mobcommands/trip.go:57.2,71.16 2 0
github.com/GoMudEngine/GoMud/internal/mobcommands/trip.go:71.16,72.25 1 0
github.com/GoMudEngine/GoMud/internal/mobcommands/trip.go:72.25,73.25 1 0
github.com/GoMudEngine/GoMud/internal/mobcommands/trip.go:73.25,75.5 1 0
github.com/GoMudEngine/GoMud/internal/mobcommands/trip.go:76.4,79.5 1 0
github.com/GoMudEngine/GoMud/internal/mobcommands/trip.go:80.9,81.25 1 0
github.com/GoMudEngine/GoMud/internal/mobcommands/trip.go:81.25,83.5 1 0
github.com/GoMudEngine/GoMud/internal/mobcommands/trip.go:84.4,87.5 1 0
github.com/GoMudEngine/GoMud/internal/mobcommands/trip.go:89.8,90.24 1 0
github.com/GoMudEngine/GoMud/internal/mobcommands/trip.go:90.24,92.4 1 0
github.com/GoMudEngine/GoMud/internal/mobcommands/trip.go:93.3,96.4 1 0
github.com/GoMudEngine/GoMud/internal/mobcommands/trip.go:100.2,101.16 2 0
github.com/GoMudEngine/GoMud/internal/mobcommands/trip.go:101.16,103.3 1 0
github.com/GoMudEngine/GoMud/internal/mobcommands/trip.go:104.2,105.22 2 0
github.com/GoMudEngine/GoMud/internal/mobcommands/trip.go:105.22,107.3 1 0
github.com/GoMudEngine/GoMud/internal/mobcommands/trip.go:108.2,111.32 2 0
github.com/GoMudEngine/GoMud/internal/mobcommands/trip.go:111.32,113.3 1 0
github.com/GoMudEngine/GoMud/internal/mobcommands/trip.go:115.2,115.18 1 0
github.com/GoMudEngine/GoMud/internal/mobcommands/wander.go:11.73,13.31 1 1
github.com/GoMudEngine/GoMud/internal/mobcommands/wander.go:13.31,15.3 1 1
github.com/GoMudEngine/GoMud/internal/mobcommands/wander.go:18.2,18.44 1 1
github.com/GoMudEngine/GoMud/internal/mobcommands/wander.go:18.44,19.25 1 1
github.com/GoMudEngine/GoMud/internal/mobcommands/wander.go:19.25,20.39 1 1
github.com/GoMudEngine/GoMud/internal/mobcommands/wander.go:20.39,25.5 2 1
github.com/GoMudEngine/GoMud/internal/mobcommands/wander.go:30.2,30.24 1 1
github.com/GoMudEngine/GoMud/internal/mobcommands/wander.go:30.24,32.3 1 1
github.com/GoMudEngine/GoMud/internal/mobcommands/wander.go:34.2,38.20 3 1
github.com/GoMudEngine/GoMud/internal/mobcommands/wander.go:38.20,39.42 1 1
github.com/GoMudEngine/GoMud/internal/mobcommands/wander.go:39.42,41.52 2 1
github.com/GoMudEngine/GoMud/internal/mobcommands/wander.go:41.52,43.5 1 0
github.com/GoMudEngine/GoMud/internal/mobcommands/wander.go:48.2,48.23 1 1
github.com/GoMudEngine/GoMud/internal/mobcommands/wander.go:48.23,49.42 1 0
github.com/GoMudEngine/GoMud/internal/mobcommands/wander.go:49.42,51.31 2 0
github.com/GoMudEngine/GoMud/internal/mobcommands/wander.go:51.31,53.5 1 0
github.com/GoMudEngine/GoMud/internal/mobcommands/wander.go:57.2,57.62 1 1
github.com/GoMudEngine/GoMud/internal/mobcommands/wander.go:57.62,58.44 1 1
github.com/GoMudEngine/GoMud/internal/mobcommands/wander.go:58.44,59.53 1 1
github.com/GoMudEngine/GoMud/internal/mobcommands/wander.go:59.53,64.5 2 1
github.com/GoMudEngine/GoMud/internal/mobcommands/wander.go:69.2,69.18 1 1
