mode: set
github.com/GoMudEngine/GoMud/internal/users/inbox.go:22.34,28.14 3 1
github.com/GoMudEngine/GoMud/internal/users/inbox.go:28.14,31.3 2 0
github.com/GoMudEngine/GoMud/internal/users/inbox.go:33.2,33.35 1 1
github.com/GoMudEngine/GoMud/internal/users/inbox.go:36.33,38.25 2 1
github.com/GoMudEngine/GoMud/internal/users/inbox.go:38.25,39.15 1 1
github.com/GoMudEngine/GoMud/internal/users/inbox.go:39.15,41.4 1 1
github.com/GoMudEngine/GoMud/internal/users/inbox.go:43.2,43.11 1 1
github.com/GoMudEngine/GoMud/internal/users/inbox.go:45.35,47.25 2 1
github.com/GoMudEngine/GoMud/internal/users/inbox.go:47.25,48.16 1 1
github.com/GoMudEngine/GoMud/internal/users/inbox.go:48.16,50.4 1 1
github.com/GoMudEngine/GoMud/internal/users/inbox.go:52.2,52.11 1 1
github.com/GoMudEngine/GoMud/internal/users/inbox.go:55.25,57.2 1 1
github.com/GoMudEngine/GoMud/internal/users/inbox.go:59.38,62.2 2 0
github.com/GoMudEngine/GoMud/internal/users/index.go:54.32,57.18 3 0
github.com/GoMudEngine/GoMud/internal/users/index.go:57.18,60.3 2 0
github.com/GoMudEngine/GoMud/internal/users/index.go:61.2,61.12 1 0
github.com/GoMudEngine/GoMud/internal/users/index.go:64.37,67.2 2 1
github.com/GoMudEngine/GoMud/internal/users/index.go:69.32,70.18 1 1
github.com/GoMudEngine/GoMud/internal/users/index.go:70.18,72.3 1 1
github.com/GoMudEngine/GoMud/internal/users/index.go:76.38,81.16 3 1
github.com/GoMudEngine/GoMud/internal/users/index.go:81.16,83.3 1 0
github.com/GoMudEngine/GoMud/internal/users/index.go:84.2,95.16 4 1
github.com/GoMudEngine/GoMud/internal/users/index.go:95.16,97.3 1 0
github.com/GoMudEngine/GoMud/internal/users/index.go:98.2,98.48 1 1
github.com/GoMudEngine/GoMud/internal/users/index.go:98.48,100.3 1 0
github.com/GoMudEngine/GoMud/internal/users/index.go:102.2,102.12 1 1
github.com/GoMudEngine/GoMud/internal/users/index.go:106.39,110.46 1 0
github.com/GoMudEngine/GoMud/internal/users/index.go:110.46,112.59 1 0
github.com/GoMudEngine/GoMud/internal/users/index.go:112.60,114.4 0 0
github.com/GoMudEngine/GoMud/internal/users/index.go:115.3,115.14 1 0
github.com/GoMudEngine/GoMud/internal/users/index.go:118.2,118.12 1 0
github.com/GoMudEngine/GoMud/internal/users/index.go:121.51,123.2 1 0
github.com/GoMudEngine/GoMud/internal/users/index.go:125.46,127.2 1 0
github.com/GoMudEngine/GoMud/internal/users/index.go:129.48,132.16 2 0
github.com/GoMudEngine/GoMud/internal/users/index.go:132.16,134.3 1 0
github.com/GoMudEngine/GoMud/internal/users/index.go:135.2,137.56 2 0
github.com/GoMudEngine/GoMud/internal/users/index.go:137.56,139.57 2 0
github.com/GoMudEngine/GoMud/internal/users/index.go:139.57,141.4 1 0
github.com/GoMudEngine/GoMud/internal/users/index.go:143.3,144.70 2 0
github.com/GoMudEngine/GoMud/internal/users/index.go:144.70,146.4 1 0
github.com/GoMudEngine/GoMud/internal/users/index.go:148.3,149.70 2 0
github.com/GoMudEngine/GoMud/internal/users/index.go:149.70,151.4 1 0
github.com/GoMudEngine/GoMud/internal/users/index.go:153.3,153.38 1 0
github.com/GoMudEngine/GoMud/internal/users/index.go:153.38,155.4 1 0
github.com/GoMudEngine/GoMud/internal/users/index.go:161.69,162.24 1 1
github.com/GoMudEngine/GoMud/internal/users/index.go:162.24,164.3 1 0
github.com/GoMudEngine/GoMud/internal/users/index.go:166.2,167.16 2 1
github.com/GoMudEngine/GoMud/internal/users/index.go:167.16,169.3 1 0
github.com/GoMudEngine/GoMud/internal/users/index.go:170.2,174.56 3 1
github.com/GoMudEngine/GoMud/internal/users/index.go:174.56,176.57 2 1
github.com/GoMudEngine/GoMud/internal/users/index.go:176.57,178.4 1 0
github.com/GoMudEngine/GoMud/internal/users/index.go:180.3,181.70 2 1
github.com/GoMudEngine/GoMud/internal/users/index.go:181.70,183.4 1 0
github.com/GoMudEngine/GoMud/internal/users/index.go:185.3,186.70 2 1
github.com/GoMudEngine/GoMud/internal/users/index.go:186.70,188.4 1 0
github.com/GoMudEngine/GoMud/internal/users/index.go:190.3,191.41 2 1
github.com/GoMudEngine/GoMud/internal/users/index.go:191.41,193.4 1 0
github.com/GoMudEngine/GoMud/internal/users/index.go:194.3,194.39 1 1
github.com/GoMudEngine/GoMud/internal/users/index.go:194.39,196.4 1 0
github.com/GoMudEngine/GoMud/internal/users/index.go:199.3,199.60 1 1
github.com/GoMudEngine/GoMud/internal/users/index.go:199.60,200.12 1 1
github.com/GoMudEngine/GoMud/internal/users/index.go:202.3,203.38 2 1
github.com/GoMudEngine/GoMud/internal/users/index.go:203.38,204.37 1 1
github.com/GoMudEngine/GoMud/internal/users/index.go:204.37,206.10 2 1
github.com/GoMudEngine/GoMud/internal/users/index.go:209.3,209.12 1 1
github.com/GoMudEngine/GoMud/internal/users/index.go:209.12,211.4 1 1
github.com/GoMudEngine/GoMud/internal/users/index.go:213.2,213.17 1 1
github.com/GoMudEngine/GoMud/internal/users/index.go:218.65,220.16 2 1
github.com/GoMudEngine/GoMud/internal/users/index.go:220.16,222.3 1 0
github.com/GoMudEngine/GoMud/internal/users/index.go:223.2,225.56 2 1
github.com/GoMudEngine/GoMud/internal/users/index.go:225.56,227.57 2 1
github.com/GoMudEngine/GoMud/internal/users/index.go:227.57,229.4 1 0
github.com/GoMudEngine/GoMud/internal/users/index.go:231.3,232.70 2 1
github.com/GoMudEngine/GoMud/internal/users/index.go:232.70,234.4 1 0
github.com/GoMudEngine/GoMud/internal/users/index.go:236.3,237.73 2 1
github.com/GoMudEngine/GoMud/internal/users/index.go:237.73,239.4 1 0
github.com/GoMudEngine/GoMud/internal/users/index.go:241.3,242.41 2 1
github.com/GoMudEngine/GoMud/internal/users/index.go:242.41,244.4 1 0
github.com/GoMudEngine/GoMud/internal/users/index.go:245.3,245.39 1 1
github.com/GoMudEngine/GoMud/internal/users/index.go:245.39,247.4 1 0
github.com/GoMudEngine/GoMud/internal/users/index.go:249.3,249.26 1 1
github.com/GoMudEngine/GoMud/internal/users/index.go:249.26,252.4 2 1
github.com/GoMudEngine/GoMud/internal/users/index.go:254.2,254.18 1 1
github.com/GoMudEngine/GoMud/internal/users/index.go:257.59,260.16 2 0
github.com/GoMudEngine/GoMud/internal/users/index.go:260.16,262.3 1 0
github.com/GoMudEngine/GoMud/internal/users/index.go:263.2,266.16 3 0
github.com/GoMudEngine/GoMud/internal/users/index.go:266.16,268.3 1 0
github.com/GoMudEngine/GoMud/internal/users/index.go:270.2,275.13 5 0
github.com/GoMudEngine/GoMud/internal/users/index.go:279.66,291.16 5 1
github.com/GoMudEngine/GoMud/internal/users/index.go:291.16,293.3 1 0
github.com/GoMudEngine/GoMud/internal/users/index.go:294.2,296.49 2 1
github.com/GoMudEngine/GoMud/internal/users/index.go:296.49,298.3 1 0
github.com/GoMudEngine/GoMud/internal/users/index.go:299.2,299.58 1 1
github.com/GoMudEngine/GoMud/internal/users/index.go:299.58,301.3 1 0
github.com/GoMudEngine/GoMud/internal/users/index.go:302.2,302.79 1 1
github.com/GoMudEngine/GoMud/internal/users/index.go:302.79,304.3 1 0
github.com/GoMudEngine/GoMud/internal/users/index.go:305.2,305.66 1 1
github.com/GoMudEngine/GoMud/internal/users/index.go:305.66,307.3 1 0
github.com/GoMudEngine/GoMud/internal/users/index.go:309.2,309.32 1 1
github.com/GoMudEngine/GoMud/internal/users/index.go:309.32,311.3 1 1
github.com/GoMudEngine/GoMud/internal/users/index.go:313.2,316.16 3 1
github.com/GoMudEngine/GoMud/internal/users/index.go:316.16,318.3 1 0
github.com/GoMudEngine/GoMud/internal/users/index.go:319.2,319.51 1 1
github.com/GoMudEngine/GoMud/internal/users/index.go:319.51,321.3 1 0
github.com/GoMudEngine/GoMud/internal/users/index.go:322.2,322.51 1 1
github.com/GoMudEngine/GoMud/internal/users/index.go:322.51,324.3 1 0
github.com/GoMudEngine/GoMud/internal/users/index.go:325.2,325.12 1 1
github.com/GoMudEngine/GoMud/internal/users/index.go:330.63,333.16 2 1
github.com/GoMudEngine/GoMud/internal/users/index.go:333.16,335.3 1 0
github.com/GoMudEngine/GoMud/internal/users/index.go:336.2,343.56 5 1
github.com/GoMudEngine/GoMud/internal/users/index.go:343.56,345.57 2 1
github.com/GoMudEngine/GoMud/internal/users/index.go:345.57,347.4 1 0
github.com/GoMudEngine/GoMud/internal/users/index.go:349.3,350.63 2 1
github.com/GoMudEngine/GoMud/internal/users/index.go:350.63,352.4 1 0
github.com/GoMudEngine/GoMud/internal/users/index.go:353.3,353.74 1 1
github.com/GoMudEngine/GoMud/internal/users/index.go:353.74,355.4 1 0
github.com/GoMudEngine/GoMud/internal/users/index.go:356.3,357.41 2 1
github.com/GoMudEngine/GoMud/internal/users/index.go:357.41,359.4 1 0
github.com/GoMudEngine/GoMud/internal/users/index.go:360.3,360.39 1 1
github.com/GoMudEngine/GoMud/internal/users/index.go:360.39,362.4 1 0
github.com/GoMudEngine/GoMud/internal/users/index.go:364.3,365.45 2 1
github.com/GoMudEngine/GoMud/internal/users/index.go:365.45,367.12 2 1
github.com/GoMudEngine/GoMud/internal/users/index.go:369.3,369.33 1 1
github.com/GoMudEngine/GoMud/internal/users/index.go:372.2,372.18 1 1
github.com/GoMudEngine/GoMud/internal/users/index.go:372.18,374.3 1 1
github.com/GoMudEngine/GoMud/internal/users/index.go:376.2,378.40 2 1
github.com/GoMudEngine/GoMud/internal/users/index.go:383.49,385.51 2 1
github.com/GoMudEngine/GoMud/internal/users/index.go:385.51,387.3 1 0
github.com/GoMudEngine/GoMud/internal/users/index.go:388.2,389.60 2 1
github.com/GoMudEngine/GoMud/internal/users/index.go:393.68,396.16 3 1
github.com/GoMudEngine/GoMud/internal/users/index.go:396.16,398.3 1 0
github.com/GoMudEngine/GoMud/internal/users/index.go:399.2,399.33 1 1
github.com/GoMudEngine/GoMud/internal/users/index.go:399.33,401.3 1 0
github.com/GoMudEngine/GoMud/internal/users/index.go:402.2,402.20 1 1
github.com/GoMudEngine/GoMud/internal/users/index.go:406.75,408.16 2 1
github.com/GoMudEngine/GoMud/internal/users/index.go:408.16,410.3 1 0
github.com/GoMudEngine/GoMud/internal/users/index.go:411.2,414.16 3 1
github.com/GoMudEngine/GoMud/internal/users/index.go:414.16,416.3 1 0
github.com/GoMudEngine/GoMud/internal/users/index.go:417.2,417.48 1 1
github.com/GoMudEngine/GoMud/internal/users/index.go:417.48,419.3 1 0
github.com/GoMudEngine/GoMud/internal/users/index.go:421.2,421.30 1 1
github.com/GoMudEngine/GoMud/internal/users/index.go:421.30,422.53 1 1
github.com/GoMudEngine/GoMud/internal/users/index.go:422.53,424.4 1 0
github.com/GoMudEngine/GoMud/internal/users/index.go:425.3,425.74 1 1
github.com/GoMudEngine/GoMud/internal/users/index.go:425.74,427.4 1 0
github.com/GoMudEngine/GoMud/internal/users/index.go:428.3,428.67 1 1
github.com/GoMudEngine/GoMud/internal/users/index.go:428.67,430.4 1 0
github.com/GoMudEngine/GoMud/internal/users/index.go:432.2,432.12 1 1
github.com/GoMudEngine/GoMud/internal/users/memory.go:5.52,15.2 6 1
github.com/GoMudEngine/GoMud/internal/users/memory.go:17.13,19.2 1 1
github.com/GoMudEngine/GoMud/internal/users/migration.go:21.25,25.2 1 0
github.com/GoMudEngine/GoMud/internal/users/migration.go:27.36,31.46 2 0
github.com/GoMudEngine/GoMud/internal/users/migration.go:31.46,42.45 7 0
github.com/GoMudEngine/GoMud/internal/users/migration.go:42.45,45.4 2 0
github.com/GoMudEngine/GoMud/internal/users/migration.go:47.3,47.24 1 0
github.com/GoMudEngine/GoMud/internal/users/migration.go:47.24,49.18 2 0
github.com/GoMudEngine/GoMud/internal/users/migration.go:49.18,52.5 2 0
github.com/GoMudEngine/GoMud/internal/users/migration.go:55.3,64.45 7 0
github.com/GoMudEngine/GoMud/internal/users/migration.go:64.45,67.4 2 0
github.com/GoMudEngine/GoMud/internal/users/migration.go:69.3,69.24 1 0
github.com/GoMudEngine/GoMud/internal/users/migration.go:69.24,71.18 2 0
github.com/GoMudEngine/GoMud/internal/users/migration.go:71.18,74.5 2 0
github.com/GoMudEngine/GoMud/internal/users/migration.go:77.3,77.14 1 0
github.com/GoMudEngine/GoMud/internal/users/migration.go:80.2,80.20 1 0
github.com/GoMudEngine/GoMud/internal/users/storage.go:9.43,11.2 1 1
github.com/GoMudEngine/GoMud/internal/users/storage.go:13.64,15.20 1 1
github.com/GoMudEngine/GoMud/internal/users/storage.go:15.20,17.3 1 1
github.com/GoMudEngine/GoMud/internal/users/storage.go:19.2,21.27 2 1
github.com/GoMudEngine/GoMud/internal/users/storage.go:21.27,23.3 1 0
github.com/GoMudEngine/GoMud/internal/users/storage.go:25.2,25.32 1 1
github.com/GoMudEngine/GoMud/internal/users/storage.go:25.32,27.3 1 0
github.com/GoMudEngine/GoMud/internal/users/storage.go:29.2,29.28 1 1
github.com/GoMudEngine/GoMud/internal/users/storage.go:32.46,33.18 1 1
github.com/GoMudEngine/GoMud/internal/users/storage.go:33.18,35.3 1 1
github.com/GoMudEngine/GoMud/internal/users/storage.go:36.2,37.13 2 1
github.com/GoMudEngine/GoMud/internal/users/storage.go:40.49,41.41 1 1
github.com/GoMudEngine/GoMud/internal/users/storage.go:41.41,42.27 1 1
github.com/GoMudEngine/GoMud/internal/users/storage.go:42.27,45.4 2 1
github.com/GoMudEngine/GoMud/internal/users/storage.go:47.2,47.14 1 1
github.com/GoMudEngine/GoMud/internal/users/userlog.go:23.52,25.26 1 1
github.com/GoMudEngine/GoMud/internal/users/userlog.go:25.26,27.3 1 0
github.com/GoMudEngine/GoMud/internal/users/userlog.go:29.2,29.26 1 1
github.com/GoMudEngine/GoMud/internal/users/userlog.go:29.26,31.34 1 1
github.com/GoMudEngine/GoMud/internal/users/userlog.go:31.34,37.4 3 1
github.com/GoMudEngine/GoMud/internal/users/userlog.go:37.9,43.4 3 0
github.com/GoMudEngine/GoMud/internal/users/userlog.go:47.2,54.29 2 1
github.com/GoMudEngine/GoMud/internal/users/userlog.go:58.57,59.24 1 1
github.com/GoMudEngine/GoMud/internal/users/userlog.go:59.24,60.16 1 1
github.com/GoMudEngine/GoMud/internal/users/userlog.go:60.16,62.4 1 1
github.com/GoMudEngine/GoMud/internal/users/userrecord.go:61.65,80.24 3 0
github.com/GoMudEngine/GoMud/internal/users/userrecord.go:80.24,82.3 1 0
github.com/GoMudEngine/GoMud/internal/users/userrecord.go:84.2,84.10 1 0
github.com/GoMudEngine/GoMud/internal/users/userrecord.go:87.66,89.2 1 0
github.com/GoMudEngine/GoMud/internal/users/userrecord.go:91.57,93.25 1 1
github.com/GoMudEngine/GoMud/internal/users/userrecord.go:93.25,95.3 1 1
github.com/GoMudEngine/GoMud/internal/users/userrecord.go:97.2,97.36 1 1
github.com/GoMudEngine/GoMud/internal/users/userrecord.go:97.36,99.3 1 0
github.com/GoMudEngine/GoMud/internal/users/userrecord.go:102.2,102.36 1 1
github.com/GoMudEngine/GoMud/internal/users/userrecord.go:102.36,104.3 1 0
github.com/GoMudEngine/GoMud/internal/users/userrecord.go:106.2,106.14 1 1
github.com/GoMudEngine/GoMud/internal/users/userrecord.go:109.108,111.22 1 1
github.com/GoMudEngine/GoMud/internal/users/userrecord.go:111.22,113.3 1 1
github.com/GoMudEngine/GoMud/internal/users/userrecord.go:115.2,116.22 2 1
github.com/GoMudEngine/GoMud/internal/users/userrecord.go:116.22,118.3 1 1
github.com/GoMudEngine/GoMud/internal/users/userrecord.go:120.2,120.18 1 1
github.com/GoMudEngine/GoMud/internal/users/userrecord.go:120.18,123.3 2 1
github.com/GoMudEngine/GoMud/internal/users/userrecord.go:125.2,125.22 1 1
github.com/GoMudEngine/GoMud/internal/users/userrecord.go:125.22,127.3 1 1
github.com/GoMudEngine/GoMud/internal/users/userrecord.go:129.2,129.23 1 1
github.com/GoMudEngine/GoMud/internal/users/userrecord.go:129.23,131.3 1 0
github.com/GoMudEngine/GoMud/internal/users/userrecord.go:133.2,135.18 2 1
github.com/GoMudEngine/GoMud/internal/users/userrecord.go:138.59,140.22 1 1
github.com/GoMudEngine/GoMud/internal/users/userrecord.go:140.22,143.3 2 1
github.com/GoMudEngine/GoMud/internal/users/userrecord.go:145.2,145.56 1 1
github.com/GoMudEngine/GoMud/internal/users/userrecord.go:145.56,147.3 1 1
github.com/GoMudEngine/GoMud/internal/users/userrecord.go:149.2,149.14 1 1
github.com/GoMudEngine/GoMud/internal/users/userrecord.go:152.43,154.2 1 1
github.com/GoMudEngine/GoMud/internal/users/userrecord.go:156.54,158.2 1 1
github.com/GoMudEngine/GoMud/internal/users/userrecord.go:160.49,162.2 1 1
github.com/GoMudEngine/GoMud/internal/users/userrecord.go:164.37,166.2 1 1
github.com/GoMudEngine/GoMud/internal/users/userrecord.go:168.69,170.27 1 1
github.com/GoMudEngine/GoMud/internal/users/userrecord.go:170.27,172.3 1 1
github.com/GoMudEngine/GoMud/internal/users/userrecord.go:174.2,174.24 1 1
github.com/GoMudEngine/GoMud/internal/users/userrecord.go:174.24,175.19 1 1
github.com/GoMudEngine/GoMud/internal/users/userrecord.go:175.19,177.4 1 1
github.com/GoMudEngine/GoMud/internal/users/userrecord.go:177.9,179.4 1 1
github.com/GoMudEngine/GoMud/internal/users/userrecord.go:180.3,180.22 1 1
github.com/GoMudEngine/GoMud/internal/users/userrecord.go:183.2,183.32 1 1
github.com/GoMudEngine/GoMud/internal/users/userrecord.go:186.54,189.77 2 0
github.com/GoMudEngine/GoMud/internal/users/userrecord.go:189.77,191.58 2 0
github.com/GoMudEngine/GoMud/internal/users/userrecord.go:191.58,193.4 1 0
github.com/GoMudEngine/GoMud/internal/users/userrecord.go:196.2,201.4 1 0
github.com/GoMudEngine/GoMud/internal/users/userrecord.go:205.65,208.71 2 0
github.com/GoMudEngine/GoMud/internal/users/userrecord.go:208.71,210.58 2 0
github.com/GoMudEngine/GoMud/internal/users/userrecord.go:210.58,212.4 1 0
github.com/GoMudEngine/GoMud/internal/users/userrecord.go:215.2,221.4 1 0
github.com/GoMudEngine/GoMud/internal/users/userrecord.go:225.71,228.26 2 0
github.com/GoMudEngine/GoMud/internal/users/userrecord.go:228.26,230.3 1 0
github.com/GoMudEngine/GoMud/internal/users/userrecord.go:232.2,236.4 1 0
github.com/GoMudEngine/GoMud/internal/users/userrecord.go:240.35,242.2 1 1
github.com/GoMudEngine/GoMud/internal/users/userrecord.go:244.37,246.2 1 1
github.com/GoMudEngine/GoMud/internal/users/userrecord.go:248.42,250.2 1 1
github.com/GoMudEngine/GoMud/internal/users/userrecord.go:252.105,255.26 2 0
github.com/GoMudEngine/GoMud/internal/users/userrecord.go:255.26,257.3 1 0
github.com/GoMudEngine/GoMud/internal/users/userrecord.go:259.2,259.59 1 0
github.com/GoMudEngine/GoMud/internal/users/userrecord.go:259.59,261.3 1 0
github.com/GoMudEngine/GoMud/internal/users/userrecord.go:263.2,268.4 1 0
github.com/GoMudEngine/GoMud/internal/users/userrecord.go:272.57,280.2 1 0
github.com/GoMudEngine/GoMud/internal/users/userrecord.go:282.43,289.2 1 0
github.com/GoMudEngine/GoMud/internal/users/userrecord.go:291.55,298.2 1 0
github.com/GoMudEngine/GoMud/internal/users/userrecord.go:300.57,302.28 1 1
github.com/GoMudEngine/GoMud/internal/users/userrecord.go:302.28,304.3 1 0
github.com/GoMudEngine/GoMud/internal/users/userrecord.go:306.2,306.18 1 1
github.com/GoMudEngine/GoMud/internal/users/userrecord.go:306.18,309.3 2 1
github.com/GoMudEngine/GoMud/internal/users/userrecord.go:310.2,310.30 1 1
github.com/GoMudEngine/GoMud/internal/users/userrecord.go:313.50,315.28 1 1
github.com/GoMudEngine/GoMud/internal/users/userrecord.go:315.28,317.3 1 1
github.com/GoMudEngine/GoMud/internal/users/userrecord.go:319.2,319.43 1 1
github.com/GoMudEngine/GoMud/internal/users/userrecord.go:319.43,321.3 1 1
github.com/GoMudEngine/GoMud/internal/users/userrecord.go:322.2,322.12 1 1
github.com/GoMudEngine/GoMud/internal/users/userrecord.go:325.87,327.25 1 1
github.com/GoMudEngine/GoMud/internal/users/userrecord.go:327.25,329.3 1 1
github.com/GoMudEngine/GoMud/internal/users/userrecord.go:331.2,331.27 1 1
github.com/GoMudEngine/GoMud/internal/users/userrecord.go:331.27,333.3 1 1
github.com/GoMudEngine/GoMud/internal/users/userrecord.go:335.2,335.24 1 1
github.com/GoMudEngine/GoMud/internal/users/userrecord.go:335.24,337.3 1 1
github.com/GoMudEngine/GoMud/internal/users/userrecord.go:339.2,341.9 3 0
github.com/GoMudEngine/GoMud/internal/users/userrecord.go:341.9,343.3 1 0
github.com/GoMudEngine/GoMud/internal/users/userrecord.go:345.2,347.42 3 0
github.com/GoMudEngine/GoMud/internal/users/userrecord.go:347.42,351.34 2 0
github.com/GoMudEngine/GoMud/internal/users/userrecord.go:351.34,353.4 1 0
github.com/GoMudEngine/GoMud/internal/users/userrecord.go:355.3,358.45 2 0
github.com/GoMudEngine/GoMud/internal/users/userrecord.go:358.45,361.32 1 0
github.com/GoMudEngine/GoMud/internal/users/userrecord.go:361.32,362.55 1 0
github.com/GoMudEngine/GoMud/internal/users/userrecord.go:362.55,364.6 1 0
github.com/GoMudEngine/GoMud/internal/users/userrecord.go:365.10,365.39 1 0
github.com/GoMudEngine/GoMud/internal/users/userrecord.go:365.39,366.55 1 0
github.com/GoMudEngine/GoMud/internal/users/userrecord.go:366.55,368.6 1 0
github.com/GoMudEngine/GoMud/internal/users/userrecord.go:373.3,373.31 1 0
github.com/GoMudEngine/GoMud/internal/users/userrecord.go:373.31,374.12 1 0
github.com/GoMudEngine/GoMud/internal/users/userrecord.go:377.3,377.44 1 0
github.com/GoMudEngine/GoMud/internal/users/userrecord.go:377.44,379.4 1 0
github.com/GoMudEngine/GoMud/internal/users/userrecord.go:382.2,382.14 1 0
github.com/GoMudEngine/GoMud/internal/users/userrecord.go:385.61,386.28 1 1
github.com/GoMudEngine/GoMud/internal/users/userrecord.go:386.28,388.3 1 0
github.com/GoMudEngine/GoMud/internal/users/userrecord.go:389.2,389.18 1 1
github.com/GoMudEngine/GoMud/internal/users/userrecord.go:389.18,392.3 2 1
github.com/GoMudEngine/GoMud/internal/users/userrecord.go:393.2,393.30 1 1
github.com/GoMudEngine/GoMud/internal/users/userrecord.go:396.54,397.28 1 1
github.com/GoMudEngine/GoMud/internal/users/userrecord.go:397.28,399.3 1 1
github.com/GoMudEngine/GoMud/internal/users/userrecord.go:400.2,400.43 1 1
github.com/GoMudEngine/GoMud/internal/users/userrecord.go:400.43,402.3 1 1
github.com/GoMudEngine/GoMud/internal/users/userrecord.go:403.2,403.12 1 1
github.com/GoMudEngine/GoMud/internal/users/userrecord.go:406.49,408.2 1 1
github.com/GoMudEngine/GoMud/internal/users/userrecord.go:410.35,412.2 0 1
github.com/GoMudEngine/GoMud/internal/users/userrecord.go:420.62,424.2 2 1
github.com/GoMudEngine/GoMud/internal/users/userrecord.go:426.73,429.2 1 1
github.com/GoMudEngine/GoMud/internal/users/userrecord.go:432.74,434.2 1 1
github.com/GoMudEngine/GoMud/internal/users/userrecord.go:436.51,438.41 1 0
github.com/GoMudEngine/GoMud/internal/users/userrecord.go:438.41,440.3 1 0
github.com/GoMudEngine/GoMud/internal/users/userrecord.go:442.2,445.28 2 0
github.com/GoMudEngine/GoMud/internal/users/userrecord.go:445.28,447.3 1 0
github.com/GoMudEngine/GoMud/internal/users/userrecord.go:449.2,449.12 1 0
github.com/GoMudEngine/GoMud/internal/users/userrecord.go:452.40,462.2 7 1
github.com/GoMudEngine/GoMud/internal/users/userrecord.go:464.56,466.41 1 0
github.com/GoMudEngine/GoMud/internal/users/userrecord.go:466.41,468.3 1 0
github.com/GoMudEngine/GoMud/internal/users/userrecord.go:470.2,472.12 2 0
github.com/GoMudEngine/GoMud/internal/users/userrecord.go:475.51,479.92 2 0
github.com/GoMudEngine/GoMud/internal/users/userrecord.go:479.92,481.3 1 0
github.com/GoMudEngine/GoMud/internal/users/userrecord.go:483.2,484.12 2 0
github.com/GoMudEngine/GoMud/internal/users/userrecord.go:487.44,489.2 1 1
github.com/GoMudEngine/GoMud/internal/users/userrecord.go:492.86,494.27 1 0
github.com/GoMudEngine/GoMud/internal/users/userrecord.go:494.27,496.71 1 0
github.com/GoMudEngine/GoMud/internal/users/userrecord.go:496.71,498.4 1 0
github.com/GoMudEngine/GoMud/internal/users/userrecord.go:502.2,504.29 2 0
github.com/GoMudEngine/GoMud/internal/users/userrecord.go:507.49,510.2 1 0
github.com/GoMudEngine/GoMud/internal/users/userrecord.go:512.36,514.2 1 0
github.com/GoMudEngine/GoMud/internal/users/userrecord.go:516.49,530.11 10 0
github.com/GoMudEngine/GoMud/internal/users/userrecord.go:530.11,532.3 1 0
github.com/GoMudEngine/GoMud/internal/users/userrecord.go:532.8,532.18 1 0
github.com/GoMudEngine/GoMud/internal/users/userrecord.go:532.18,534.3 1 0
github.com/GoMudEngine/GoMud/internal/users/userrecord.go:534.8,536.3 1 0
github.com/GoMudEngine/GoMud/internal/users/userrecord.go:538.2,539.66 2 0
github.com/GoMudEngine/GoMud/internal/users/userrecord.go:539.66,541.3 1 0
github.com/GoMudEngine/GoMud/internal/users/userrecord.go:543.2,544.54 2 0
github.com/GoMudEngine/GoMud/internal/users/userrecord.go:544.54,546.3 1 0
github.com/GoMudEngine/GoMud/internal/users/userrecord.go:548.2,557.3 1 0
github.com/GoMudEngine/GoMud/internal/users/userrecord.go:560.35,561.69 1 0
github.com/GoMudEngine/GoMud/internal/users/userrecord.go:561.69,563.37 2 0
github.com/GoMudEngine/GoMud/internal/users/userrecord.go:563.37,565.4 1 0
github.com/GoMudEngine/GoMud/internal/users/userrecord.go:569.59,574.53 3 0
github.com/GoMudEngine/GoMud/internal/users/userrecord.go:574.53,577.3 2 0
github.com/GoMudEngine/GoMud/internal/users/userrecord.go:579.2,580.17 2 0
github.com/GoMudEngine/GoMud/internal/users/userrecord.go:580.17,582.3 1 0
github.com/GoMudEngine/GoMud/internal/users/userrecord.go:584.2,584.17 1 0
github.com/GoMudEngine/GoMud/internal/users/userrecord.go:584.17,586.3 1 0
github.com/GoMudEngine/GoMud/internal/users/userrecord.go:588.2,589.9 2 0
github.com/GoMudEngine/GoMud/internal/users/userrecord.go:589.9,591.3 1 0
github.com/GoMudEngine/GoMud/internal/users/userrecord.go:593.2,596.36 3 0
github.com/GoMudEngine/GoMud/internal/users/userrecord.go:596.36,597.40 1 0
github.com/GoMudEngine/GoMud/internal/users/userrecord.go:597.40,599.4 1 0
github.com/GoMudEngine/GoMud/internal/users/userrecord.go:603.2,620.13 8 0
github.com/GoMudEngine/GoMud/internal/users/userrecord.prompt.go:44.56,45.14 1 0
github.com/GoMudEngine/GoMud/internal/users/userrecord.prompt.go:45.14,47.3 1 0
github.com/GoMudEngine/GoMud/internal/users/userrecord.prompt.go:48.2,48.17 1 0
github.com/GoMudEngine/GoMud/internal/users/userrecord.prompt.go:48.17,50.3 1 0
github.com/GoMudEngine/GoMud/internal/users/userrecord.prompt.go:51.2,51.18 1 0
github.com/GoMudEngine/GoMud/internal/users/userrecord.prompt.go:51.18,53.3 1 0
github.com/GoMudEngine/GoMud/internal/users/userrecord.prompt.go:55.2,56.22 2 0
github.com/GoMudEngine/GoMud/internal/users/userrecord.prompt.go:56.22,58.3 1 0
github.com/GoMudEngine/GoMud/internal/users/userrecord.prompt.go:59.2,59.28 1 0
github.com/GoMudEngine/GoMud/internal/users/userrecord.prompt.go:59.28,61.3 1 0
github.com/GoMudEngine/GoMud/internal/users/userrecord.prompt.go:64.2,65.25 2 0
github.com/GoMudEngine/GoMud/internal/users/userrecord.prompt.go:65.25,67.3 1 0
github.com/GoMudEngine/GoMud/internal/users/userrecord.prompt.go:69.2,70.38 2 0
github.com/GoMudEngine/GoMud/internal/users/userrecord.prompt.go:70.38,72.3 1 0
github.com/GoMudEngine/GoMud/internal/users/userrecord.prompt.go:74.2,75.21 2 0
github.com/GoMudEngine/GoMud/internal/users/userrecord.prompt.go:75.21,77.3 1 0
github.com/GoMudEngine/GoMud/internal/users/userrecord.prompt.go:80.2,82.9 3 0
github.com/GoMudEngine/GoMud/internal/users/userrecord.prompt.go:83.25,84.18 1 0
github.com/GoMudEngine/GoMud/internal/users/userrecord.prompt.go:85.25,86.19 1 0
github.com/GoMudEngine/GoMud/internal/users/userrecord.prompt.go:87.10,88.19 1 0
github.com/GoMudEngine/GoMud/internal/users/userrecord.prompt.go:91.2,95.24 2 0
github.com/GoMudEngine/GoMud/internal/users/userrecord.prompt.go:95.24,98.3 1 0
github.com/GoMudEngine/GoMud/internal/users/userrecord.prompt.go:100.2,100.21 1 0
github.com/GoMudEngine/GoMud/internal/users/userrecord.prompt.go:100.21,103.3 1 0
github.com/GoMudEngine/GoMud/internal/users/userrecord.prompt.go:105.2,105.15 1 0
github.com/GoMudEngine/GoMud/internal/users/userrecord.prompt.go:110.55,112.16 2 0
github.com/GoMudEngine/GoMud/internal/users/userrecord.prompt.go:112.16,114.3 1 0
github.com/GoMudEngine/GoMud/internal/users/userrecord.prompt.go:115.2,115.29 1 0
github.com/GoMudEngine/GoMud/internal/users/userrecord.prompt.go:115.29,117.3 1 0
github.com/GoMudEngine/GoMud/internal/users/userrecord.prompt.go:118.2,118.13 1 0
github.com/GoMudEngine/GoMud/internal/users/userrecord.prompt.go:122.63,123.20 1 0
github.com/GoMudEngine/GoMud/internal/users/userrecord.prompt.go:123.20,125.3 1 0
github.com/GoMudEngine/GoMud/internal/users/userrecord.prompt.go:126.2,126.17 1 0
github.com/GoMudEngine/GoMud/internal/users/userrecord.prompt.go:126.17,128.3 1 0
github.com/GoMudEngine/GoMud/internal/users/userrecord.prompt.go:129.2,130.9 2 0
github.com/GoMudEngine/GoMud/internal/users/userrecord.prompt.go:131.17,132.33 1 0
github.com/GoMudEngine/GoMud/internal/users/userrecord.prompt.go:133.17,134.32 1 0
github.com/GoMudEngine/GoMud/internal/users/userrecord.prompt.go:135.17,136.32 1 0
github.com/GoMudEngine/GoMud/internal/users/userrecord.prompt.go:137.17,138.38 1 0
github.com/GoMudEngine/GoMud/internal/users/userrecord.prompt.go:139.10,140.35 1 0
github.com/GoMudEngine/GoMud/internal/users/userrecord.prompt.go:146.56,149.31 3 0
github.com/GoMudEngine/GoMud/internal/users/userrecord.prompt.go:149.31,151.3 1 0
github.com/GoMudEngine/GoMud/internal/users/userrecord.prompt.go:152.2,152.30 1 0
github.com/GoMudEngine/GoMud/internal/users/userrecord.prompt.go:152.30,154.3 1 0
github.com/GoMudEngine/GoMud/internal/users/userrecord.prompt.go:155.2,156.33 2 0
github.com/GoMudEngine/GoMud/internal/users/userrecord.prompt.go:156.33,158.3 1 0
github.com/GoMudEngine/GoMud/internal/users/userrecord.prompt.go:159.2,161.39 3 0
github.com/GoMudEngine/GoMud/internal/users/userrecord.prompt.go:161.39,163.20 2 0
github.com/GoMudEngine/GoMud/internal/users/userrecord.prompt.go:163.20,165.4 1 0
github.com/GoMudEngine/GoMud/internal/users/userrecord.prompt.go:166.3,166.40 1 0
github.com/GoMudEngine/GoMud/internal/users/userrecord.prompt.go:166.40,168.4 1 0
github.com/GoMudEngine/GoMud/internal/users/userrecord.prompt.go:169.3,169.23 1 0
github.com/GoMudEngine/GoMud/internal/users/userrecord.prompt.go:169.23,171.4 1 0
github.com/GoMudEngine/GoMud/internal/users/userrecord.prompt.go:172.3,172.24 1 0
github.com/GoMudEngine/GoMud/internal/users/userrecord.prompt.go:174.2,174.31 1 0
github.com/GoMudEngine/GoMud/internal/users/userrecord.prompt.go:174.31,176.3 1 0
github.com/GoMudEngine/GoMud/internal/users/userrecord.prompt.go:177.2,179.19 3 0
github.com/GoMudEngine/GoMud/internal/users/userrecord.prompt.go:182.48,186.27 2 0
github.com/GoMudEngine/GoMud/internal/users/userrecord.prompt.go:186.27,188.80 1 0
github.com/GoMudEngine/GoMud/internal/users/userrecord.prompt.go:188.80,190.4 1 0
github.com/GoMudEngine/GoMud/internal/users/userrecord.prompt.go:193.2,194.71 2 0
github.com/GoMudEngine/GoMud/internal/users/userrecord.prompt.go:194.71,196.3 1 0
github.com/GoMudEngine/GoMud/internal/users/userrecord.prompt.go:198.2,198.25 1 0
github.com/GoMudEngine/GoMud/internal/users/userrecord.prompt.go:198.25,200.34 1 0
github.com/GoMudEngine/GoMud/internal/users/userrecord.prompt.go:200.34,202.4 1 0
github.com/GoMudEngine/GoMud/internal/users/userrecord.prompt.go:204.3,207.15 3 0
github.com/GoMudEngine/GoMud/internal/users/userrecord.prompt.go:207.15,209.27 2 0
github.com/GoMudEngine/GoMud/internal/users/userrecord.prompt.go:209.27,212.22 2 0
github.com/GoMudEngine/GoMud/internal/users/userrecord.prompt.go:212.22,214.42 1 0
github.com/GoMudEngine/GoMud/internal/users/userrecord.prompt.go:214.42,216.7 1 0
github.com/GoMudEngine/GoMud/internal/users/userrecord.prompt.go:217.6,217.47 1 0
github.com/GoMudEngine/GoMud/internal/users/userrecord.prompt.go:218.11,220.6 1 0
github.com/GoMudEngine/GoMud/internal/users/userrecord.prompt.go:225.3,225.26 1 0
github.com/GoMudEngine/GoMud/internal/users/userrecord.prompt.go:225.26,227.4 1 0
github.com/GoMudEngine/GoMud/internal/users/userrecord.prompt.go:229.3,229.26 1 0
github.com/GoMudEngine/GoMud/internal/users/userrecord.prompt.go:229.26,230.51 1 0
github.com/GoMudEngine/GoMud/internal/users/userrecord.prompt.go:230.51,232.5 1 0
github.com/GoMudEngine/GoMud/internal/users/userrecord.prompt.go:236.3,236.26 1 0
github.com/GoMudEngine/GoMud/internal/users/userrecord.prompt.go:236.26,238.4 1 0
github.com/GoMudEngine/GoMud/internal/users/userrecord.prompt.go:242.2,243.24 2 0
github.com/GoMudEngine/GoMud/internal/users/userrecord.prompt.go:243.24,245.3 1 0
github.com/GoMudEngine/GoMud/internal/users/userrecord.prompt.go:246.2,246.116 1 0
github.com/GoMudEngine/GoMud/internal/users/userrecord.prompt.go:250.67,260.33 6 0
github.com/GoMudEngine/GoMud/internal/users/userrecord.prompt.go:260.33,261.26 1 0
github.com/GoMudEngine/GoMud/internal/users/userrecord.prompt.go:261.26,263.12 2 0
github.com/GoMudEngine/GoMud/internal/users/userrecord.prompt.go:265.3,265.26 1 0
github.com/GoMudEngine/GoMud/internal/users/userrecord.prompt.go:265.26,267.40 1 0
github.com/GoMudEngine/GoMud/internal/users/userrecord.prompt.go:269.16,270.32 1 0
github.com/GoMudEngine/GoMud/internal/users/userrecord.prompt.go:272.16,273.26 1 0
github.com/GoMudEngine/GoMud/internal/users/userrecord.prompt.go:273.26,275.6 1 0
github.com/GoMudEngine/GoMud/internal/users/userrecord.prompt.go:276.5,276.95 1 0
github.com/GoMudEngine/GoMud/internal/users/userrecord.prompt.go:278.18,279.60 1 0
github.com/GoMudEngine/GoMud/internal/users/userrecord.prompt.go:280.16,281.26 1 0
github.com/GoMudEngine/GoMud/internal/users/userrecord.prompt.go:281.26,283.6 1 0
github.com/GoMudEngine/GoMud/internal/users/userrecord.prompt.go:284.5,284.104 1 0
github.com/GoMudEngine/GoMud/internal/users/userrecord.prompt.go:285.18,286.69 1 0
github.com/GoMudEngine/GoMud/internal/users/userrecord.prompt.go:287.17,288.20 1 0
github.com/GoMudEngine/GoMud/internal/users/userrecord.prompt.go:288.20,290.6 1 0
github.com/GoMudEngine/GoMud/internal/users/userrecord.prompt.go:291.5,291.26 1 0
github.com/GoMudEngine/GoMud/internal/users/userrecord.prompt.go:291.26,293.6 1 0
github.com/GoMudEngine/GoMud/internal/users/userrecord.prompt.go:294.5,294.84 1 0
github.com/GoMudEngine/GoMud/internal/users/userrecord.prompt.go:296.19,297.20 1 0
github.com/GoMudEngine/GoMud/internal/users/userrecord.prompt.go:297.20,299.6 1 0
github.com/GoMudEngine/GoMud/internal/users/userrecord.prompt.go:300.5,301.31 2 0
github.com/GoMudEngine/GoMud/internal/users/userrecord.prompt.go:303.16,304.26 1 0
github.com/GoMudEngine/GoMud/internal/users/userrecord.prompt.go:304.26,306.6 1 0
github.com/GoMudEngine/GoMud/internal/users/userrecord.prompt.go:307.5,307.99 1 0
github.com/GoMudEngine/GoMud/internal/users/userrecord.prompt.go:309.18,310.64 1 0
github.com/GoMudEngine/GoMud/internal/users/userrecord.prompt.go:312.16,313.26 1 0
github.com/GoMudEngine/GoMud/internal/users/userrecord.prompt.go:313.26,315.6 1 0
github.com/GoMudEngine/GoMud/internal/users/userrecord.prompt.go:316.5,316.108 1 0
github.com/GoMudEngine/GoMud/internal/users/userrecord.prompt.go:318.18,319.73 1 0
github.com/GoMudEngine/GoMud/internal/users/userrecord.prompt.go:321.17,322.20 1 0
github.com/GoMudEngine/GoMud/internal/users/userrecord.prompt.go:322.20,324.6 1 0
github.com/GoMudEngine/GoMud/internal/users/userrecord.prompt.go:325.5,325.26 1 0
github.com/GoMudEngine/GoMud/internal/users/userrecord.prompt.go:325.26,327.6 1 0
github.com/GoMudEngine/GoMud/internal/users/userrecord.prompt.go:328.5,328.84 1 0
github.com/GoMudEngine/GoMud/internal/users/userrecord.prompt.go:330.19,331.20 1 0
github.com/GoMudEngine/GoMud/internal/users/userrecord.prompt.go:331.20,333.6 1 0
github.com/GoMudEngine/GoMud/internal/users/userrecord.prompt.go:334.5,335.31 2 0
github.com/GoMudEngine/GoMud/internal/users/userrecord.prompt.go:337.16,339.96 2 0
github.com/GoMudEngine/GoMud/internal/users/userrecord.prompt.go:341.18,342.61 1 0
github.com/GoMudEngine/GoMud/internal/users/userrecord.prompt.go:344.16,346.105 2 0
github.com/GoMudEngine/GoMud/internal/users/userrecord.prompt.go:348.18,349.70 1 0
github.com/GoMudEngine/GoMud/internal/users/userrecord.prompt.go:351.16,353.99 2 0
github.com/GoMudEngine/GoMud/internal/users/userrecord.prompt.go:355.18,356.64 1 0
github.com/GoMudEngine/GoMud/internal/users/userrecord.prompt.go:358.16,360.108 2 0
github.com/GoMudEngine/GoMud/internal/users/userrecord.prompt.go:362.18,363.73 1 0
github.com/GoMudEngine/GoMud/internal/users/userrecord.prompt.go:365.19,367.77 1 0
github.com/GoMudEngine/GoMud/internal/users/userrecord.prompt.go:369.19,371.79 1 0
github.com/GoMudEngine/GoMud/internal/users/userrecord.prompt.go:373.19,375.85 1 0
github.com/GoMudEngine/GoMud/internal/users/userrecord.prompt.go:377.20,378.33 1 0
github.com/GoMudEngine/GoMud/internal/users/userrecord.prompt.go:378.33,379.45 1 0
github.com/GoMudEngine/GoMud/internal/users/userrecord.prompt.go:379.45,380.75 1 0
github.com/GoMudEngine/GoMud/internal/users/userrecord.prompt.go:380.75,382.8 1 0
github.com/GoMudEngine/GoMud/internal/users/userrecord.prompt.go:383.12,383.45 1 0
github.com/GoMudEngine/GoMud/internal/users/userrecord.prompt.go:383.45,384.73 1 0
github.com/GoMudEngine/GoMud/internal/users/userrecord.prompt.go:384.73,386.8 1 0
github.com/GoMudEngine/GoMud/internal/users/userrecord.prompt.go:390.26,391.33 1 0
github.com/GoMudEngine/GoMud/internal/users/userrecord.prompt.go:391.33,393.45 2 0
github.com/GoMudEngine/GoMud/internal/users/userrecord.prompt.go:393.45,394.75 1 0
github.com/GoMudEngine/GoMud/internal/users/userrecord.prompt.go:394.75,396.8 1 0
github.com/GoMudEngine/GoMud/internal/users/userrecord.prompt.go:397.12,397.45 1 0
github.com/GoMudEngine/GoMud/internal/users/userrecord.prompt.go:397.45,398.73 1 0
github.com/GoMudEngine/GoMud/internal/users/userrecord.prompt.go:398.73,400.8 1 0
github.com/GoMudEngine/GoMud/internal/users/userrecord.prompt.go:402.6,402.18 1 0
github.com/GoMudEngine/GoMud/internal/users/userrecord.prompt.go:402.18,405.7 2 0
github.com/GoMudEngine/GoMud/internal/users/userrecord.prompt.go:408.23,409.33 1 0
github.com/GoMudEngine/GoMud/internal/users/userrecord.prompt.go:409.33,411.45 2 0
github.com/GoMudEngine/GoMud/internal/users/userrecord.prompt.go:411.45,412.75 1 0
github.com/GoMudEngine/GoMud/internal/users/userrecord.prompt.go:412.75,414.8 1 0
github.com/GoMudEngine/GoMud/internal/users/userrecord.prompt.go:415.12,415.45 1 0
github.com/GoMudEngine/GoMud/internal/users/userrecord.prompt.go:415.45,416.73 1 0
github.com/GoMudEngine/GoMud/internal/users/userrecord.prompt.go:416.73,418.8 1 0
github.com/GoMudEngine/GoMud/internal/users/userrecord.prompt.go:420.6,420.20 1 0
github.com/GoMudEngine/GoMud/internal/users/userrecord.prompt.go:420.20,423.7 1 0
github.com/GoMudEngine/GoMud/internal/users/userrecord.prompt.go:426.18,427.72 1 0
github.com/GoMudEngine/GoMud/internal/users/userrecord.prompt.go:427.72,428.74 1 0
github.com/GoMudEngine/GoMud/internal/users/userrecord.prompt.go:428.74,430.45 1 0
github.com/GoMudEngine/GoMud/internal/users/userrecord.prompt.go:430.45,431.78 1 0
github.com/GoMudEngine/GoMud/internal/users/userrecord.prompt.go:431.78,440.9 2 0
github.com/GoMudEngine/GoMud/internal/users/userrecord.prompt.go:445.16,446.66 1 0
github.com/GoMudEngine/GoMud/internal/users/userrecord.prompt.go:448.15,450.46 2 0
github.com/GoMudEngine/GoMud/internal/users/userrecord.prompt.go:450.46,452.6 1 0
github.com/GoMudEngine/GoMud/internal/users/userrecord.prompt.go:453.5,453.38 1 0
github.com/GoMudEngine/GoMud/internal/users/userrecord.prompt.go:455.17,457.66 1 0
github.com/GoMudEngine/GoMud/internal/users/userrecord.prompt.go:457.66,460.6 2 0
github.com/GoMudEngine/GoMud/internal/users/userrecord.prompt.go:462.21,463.40 1 0
github.com/GoMudEngine/GoMud/internal/users/userrecord.prompt.go:463.40,466.54 3 0
github.com/GoMudEngine/GoMud/internal/users/userrecord.prompt.go:466.54,468.7 1 0
github.com/GoMudEngine/GoMud/internal/users/userrecord.prompt.go:469.6,471.55 1 0
github.com/GoMudEngine/GoMud/internal/users/userrecord.prompt.go:474.15,475.58 1 0
github.com/GoMudEngine/GoMud/internal/users/userrecord.prompt.go:477.15,478.64 1 0
github.com/GoMudEngine/GoMud/internal/users/userrecord.prompt.go:480.15,481.74 1 0
github.com/GoMudEngine/GoMud/internal/users/userrecord.prompt.go:483.15,484.33 1 0
github.com/GoMudEngine/GoMud/internal/users/userrecord.prompt.go:484.33,486.6 1 0
github.com/GoMudEngine/GoMud/internal/users/userrecord.prompt.go:486.11,488.6 1 0
github.com/GoMudEngine/GoMud/internal/users/userrecord.prompt.go:490.15,492.43 2 0
github.com/GoMudEngine/GoMud/internal/users/userrecord.prompt.go:494.15,496.39 2 0
github.com/GoMudEngine/GoMud/internal/users/userrecord.prompt.go:499.4,500.12 2 0
github.com/GoMudEngine/GoMud/internal/users/userrecord.prompt.go:503.3,503.24 1 0
github.com/GoMudEngine/GoMud/internal/users/userrecord.prompt.go:503.24,505.4 1 0
github.com/GoMudEngine/GoMud/internal/users/userrecord.prompt.go:508.2,508.27 1 0
github.com/GoMudEngine/GoMud/internal/users/users.go:36.36,44.2 1 1
github.com/GoMudEngine/GoMud/internal/users/users.go:46.35,48.46 1 1
github.com/GoMudEngine/GoMud/internal/users/users.go:48.46,50.3 1 1
github.com/GoMudEngine/GoMud/internal/users/users.go:51.2,51.59 1 1
github.com/GoMudEngine/GoMud/internal/users/users.go:51.59,53.3 1 1
github.com/GoMudEngine/GoMud/internal/users/users.go:56.69,59.2 2 1
github.com/GoMudEngine/GoMud/internal/users/users.go:61.68,63.2 1 1
github.com/GoMudEngine/GoMud/internal/users/users.go:67.53,71.70 2 1
github.com/GoMudEngine/GoMud/internal/users/users.go:71.70,72.34 1 1
github.com/GoMudEngine/GoMud/internal/users/users.go:72.34,74.4 1 1
github.com/GoMudEngine/GoMud/internal/users/users.go:77.2,77.21 1 1
github.com/GoMudEngine/GoMud/internal/users/users.go:80.59,81.47 1 1
github.com/GoMudEngine/GoMud/internal/users/users.go:81.47,83.3 1 1
github.com/GoMudEngine/GoMud/internal/users/users.go:84.2,84.10 1 1
github.com/GoMudEngine/GoMud/internal/users/users.go:87.65,90.33 2 1
github.com/GoMudEngine/GoMud/internal/users/users.go:90.33,91.48 1 1
github.com/GoMudEngine/GoMud/internal/users/users.go:91.48,93.4 1 1
github.com/GoMudEngine/GoMud/internal/users/users.go:96.2,96.22 1 1
github.com/GoMudEngine/GoMud/internal/users/users.go:99.40,102.44 2 1
github.com/GoMudEngine/GoMud/internal/users/users.go:102.44,103.24 1 1
github.com/GoMudEngine/GoMud/internal/users/users.go:103.24,105.4 1 1
github.com/GoMudEngine/GoMud/internal/users/users.go:108.2,108.12 1 1
github.com/GoMudEngine/GoMud/internal/users/users.go:111.31,114.41 2 1
github.com/GoMudEngine/GoMud/internal/users/users.go:114.41,116.3 1 1
github.com/GoMudEngine/GoMud/internal/users/users.go:117.2,117.19 1 1
github.com/GoMudEngine/GoMud/internal/users/users.go:120.50,125.41 3 1
github.com/GoMudEngine/GoMud/internal/users/users.go:125.41,127.23 2 1
github.com/GoMudEngine/GoMud/internal/users/users.go:127.23,129.4 1 1
github.com/GoMudEngine/GoMud/internal/users/users.go:130.3,130.40 1 1
github.com/GoMudEngine/GoMud/internal/users/users.go:130.40,132.4 1 1
github.com/GoMudEngine/GoMud/internal/users/users.go:135.2,135.19 1 1
github.com/GoMudEngine/GoMud/internal/users/users.go:138.42,140.47 1 1
github.com/GoMudEngine/GoMud/internal/users/users.go:140.47,142.3 1 1
github.com/GoMudEngine/GoMud/internal/users/users.go:144.2,144.12 1 1
github.com/GoMudEngine/GoMud/internal/users/users.go:147.75,149.61 1 1
github.com/GoMudEngine/GoMud/internal/users/users.go:149.61,151.3 1 1
github.com/GoMudEngine/GoMud/internal/users/users.go:153.2,153.12 1 1
github.com/GoMudEngine/GoMud/internal/users/users.go:157.102,164.60 3 1
github.com/GoMudEngine/GoMud/internal/users/users.go:164.60,167.65 1 1
github.com/GoMudEngine/GoMud/internal/users/users.go:167.65,170.39 1 1
github.com/GoMudEngine/GoMud/internal/users/users.go:170.39,174.61 2 1
github.com/GoMudEngine/GoMud/internal/users/users.go:174.61,176.6 1 1
github.com/GoMudEngine/GoMud/internal/users/users.go:178.5,187.60 7 1
github.com/GoMudEngine/GoMud/internal/users/users.go:187.60,188.44 1 0
github.com/GoMudEngine/GoMud/internal/users/users.go:188.44,190.7 1 0
github.com/GoMudEngine/GoMud/internal/users/users.go:194.5,198.40 3 1
github.com/GoMudEngine/GoMud/internal/users/users.go:204.3,204.89 1 1
github.com/GoMudEngine/GoMud/internal/users/users.go:207.2,223.57 10 1
github.com/GoMudEngine/GoMud/internal/users/users.go:223.57,224.41 1 0
github.com/GoMudEngine/GoMud/internal/users/users.go:224.41,226.4 1 0
github.com/GoMudEngine/GoMud/internal/users/users.go:229.2,229.22 1 1
github.com/GoMudEngine/GoMud/internal/users/users.go:232.32,234.44 1 1
github.com/GoMudEngine/GoMud/internal/users/users.go:234.44,240.48 3 1
github.com/GoMudEngine/GoMud/internal/users/users.go:240.48,241.45 1 0
github.com/GoMudEngine/GoMud/internal/users/users.go:241.45,242.22 1 0
github.com/GoMudEngine/GoMud/internal/users/users.go:242.22,244.6 1 0
github.com/GoMudEngine/GoMud/internal/users/users.go:248.3,248.65 1 1
github.com/GoMudEngine/GoMud/internal/users/users.go:248.65,250.4 1 0
github.com/GoMudEngine/GoMud/internal/users/users.go:252.3,252.70 1 1
github.com/GoMudEngine/GoMud/internal/users/users.go:257.39,259.38 1 0
github.com/GoMudEngine/GoMud/internal/users/users.go:259.38,260.53 1 0
github.com/GoMudEngine/GoMud/internal/users/users.go:260.53,262.4 1 0
github.com/GoMudEngine/GoMud/internal/users/users.go:267.76,271.56 2 1
github.com/GoMudEngine/GoMud/internal/users/users.go:271.56,274.15 1 1
github.com/GoMudEngine/GoMud/internal/users/users.go:274.15,277.4 2 1
github.com/GoMudEngine/GoMud/internal/users/users.go:279.3,284.13 5 1
github.com/GoMudEngine/GoMud/internal/users/users.go:286.2,286.52 1 1
github.com/GoMudEngine/GoMud/internal/users/users.go:290.38,292.49 1 0
github.com/GoMudEngine/GoMud/internal/users/users.go:292.49,294.3 1 0
github.com/GoMudEngine/GoMud/internal/users/users.go:296.2,302.37 5 0
github.com/GoMudEngine/GoMud/internal/users/users.go:302.37,304.3 1 0
github.com/GoMudEngine/GoMud/internal/users/users.go:306.2,311.12 5 0
github.com/GoMudEngine/GoMud/internal/users/users.go:314.77,319.12 3 0
github.com/GoMudEngine/GoMud/internal/users/users.go:319.12,321.3 1 0
github.com/GoMudEngine/GoMud/internal/users/users.go:323.2,326.16 3 0
github.com/GoMudEngine/GoMud/internal/users/users.go:326.16,328.3 1 0
github.com/GoMudEngine/GoMud/internal/users/users.go:330.2,331.72 2 0
github.com/GoMudEngine/GoMud/internal/users/users.go:331.72,333.3 1 0
github.com/GoMudEngine/GoMud/internal/users/users.go:335.2,335.52 1 0
github.com/GoMudEngine/GoMud/internal/users/users.go:335.52,336.61 1 0
github.com/GoMudEngine/GoMud/internal/users/users.go:336.61,338.4 1 0
github.com/GoMudEngine/GoMud/internal/users/users.go:341.2,341.32 1 0
github.com/GoMudEngine/GoMud/internal/users/users.go:341.32,343.3 1 0
github.com/GoMudEngine/GoMud/internal/users/users.go:346.2,348.24 2 0
github.com/GoMudEngine/GoMud/internal/users/users.go:353.62,357.79 2 0
github.com/GoMudEngine/GoMud/internal/users/users.go:357.79,359.17 1 0
github.com/GoMudEngine/GoMud/internal/users/users.go:359.17,361.4 1 0
github.com/GoMudEngine/GoMud/internal/users/users.go:363.3,363.19 1 0
github.com/GoMudEngine/GoMud/internal/users/users.go:363.19,365.4 1 0
github.com/GoMudEngine/GoMud/internal/users/users.go:367.3,367.60 1 0
github.com/GoMudEngine/GoMud/internal/users/users.go:367.60,369.4 1 0
github.com/GoMudEngine/GoMud/internal/users/users.go:371.3,374.28 3 0
github.com/GoMudEngine/GoMud/internal/users/users.go:374.28,377.18 2 0
github.com/GoMudEngine/GoMud/internal/users/users.go:377.18,379.5 1 0
github.com/GoMudEngine/GoMud/internal/users/users.go:381.4,382.18 2 0
github.com/GoMudEngine/GoMud/internal/users/users.go:382.18,384.5 1 0
github.com/GoMudEngine/GoMud/internal/users/users.go:387.4,387.60 1 0
github.com/GoMudEngine/GoMud/internal/users/users.go:387.60,389.5 1 0
github.com/GoMudEngine/GoMud/internal/users/users.go:391.4,391.41 1 0
github.com/GoMudEngine/GoMud/internal/users/users.go:391.41,393.5 1 0
github.com/GoMudEngine/GoMud/internal/users/users.go:395.3,395.13 1 0
github.com/GoMudEngine/GoMud/internal/users/users.go:400.38,404.88 2 0
github.com/GoMudEngine/GoMud/internal/users/users.go:404.88,406.3 1 0
github.com/GoMudEngine/GoMud/internal/users/users.go:408.2,408.38 1 0
github.com/GoMudEngine/GoMud/internal/users/users.go:408.38,409.81 1 0
github.com/GoMudEngine/GoMud/internal/users/users.go:409.81,411.4 1 0
github.com/GoMudEngine/GoMud/internal/users/users.go:414.2,414.69 1 0
github.com/GoMudEngine/GoMud/internal/users/users.go:414.69,416.3 1 0
github.com/GoMudEngine/GoMud/internal/users/users.go:418.2,418.48 1 0
github.com/GoMudEngine/GoMud/internal/users/users.go:418.48,419.39 1 0
github.com/GoMudEngine/GoMud/internal/users/users.go:419.39,421.4 1 0
github.com/GoMudEngine/GoMud/internal/users/users.go:424.2,424.18 1 0
github.com/GoMudEngine/GoMud/internal/users/users.go:424.18,426.3 1 0
github.com/GoMudEngine/GoMud/internal/users/users.go:428.2,428.12 1 0
github.com/GoMudEngine/GoMud/internal/users/users.go:431.40,435.92 2 0
github.com/GoMudEngine/GoMud/internal/users/users.go:435.92,437.3 1 0
github.com/GoMudEngine/GoMud/internal/users/users.go:439.2,439.12 1 0
github.com/GoMudEngine/GoMud/internal/users/users.go:444.85,449.46 3 0
github.com/GoMudEngine/GoMud/internal/users/users.go:449.46,451.54 1 0
github.com/GoMudEngine/GoMud/internal/users/users.go:451.54,455.4 3 0
github.com/GoMudEngine/GoMud/internal/users/users.go:459.3,459.54 1 0
github.com/GoMudEngine/GoMud/internal/users/users.go:459.54,460.48 1 0
github.com/GoMudEngine/GoMud/internal/users/users.go:460.48,464.5 3 0
github.com/GoMudEngine/GoMud/internal/users/users.go:467.3,467.14 1 0
github.com/GoMudEngine/GoMud/internal/users/users.go:470.2,470.35 1 0
github.com/GoMudEngine/GoMud/internal/users/users.go:473.55,480.15 5 1
github.com/GoMudEngine/GoMud/internal/users/users.go:480.15,482.3 1 1
github.com/GoMudEngine/GoMud/internal/users/users.go:484.2,485.16 2 1
github.com/GoMudEngine/GoMud/internal/users/users.go:485.16,487.3 1 0
github.com/GoMudEngine/GoMud/internal/users/users.go:489.2,494.17 4 1
github.com/GoMudEngine/GoMud/internal/users/users.go:494.17,496.3 1 0
github.com/GoMudEngine/GoMud/internal/users/users.go:498.2,499.16 2 1
github.com/GoMudEngine/GoMud/internal/users/users.go:499.16,501.3 1 1
github.com/GoMudEngine/GoMud/internal/users/users.go:502.2,503.17 2 0
github.com/GoMudEngine/GoMud/internal/users/users.go:503.17,505.3 1 0
github.com/GoMudEngine/GoMud/internal/users/users.go:507.2,507.17 1 0
github.com/GoMudEngine/GoMud/internal/users/users.go:507.17,511.55 1 0
github.com/GoMudEngine/GoMud/internal/users/users.go:511.55,513.4 1 0
github.com/GoMudEngine/GoMud/internal/users/users.go:514.3,514.19 1 0
github.com/GoMudEngine/GoMud/internal/users/users.go:517.2,519.12 2 0
github.com/GoMudEngine/GoMud/internal/users/users.go:522.28,529.18 3 0
github.com/GoMudEngine/GoMud/internal/users/users.go:529.18,533.3 1 0
github.com/GoMudEngine/GoMud/internal/users/users.go:533.8,536.47 1 0
github.com/GoMudEngine/GoMud/internal/users/users.go:536.47,538.32 1 0
github.com/GoMudEngine/GoMud/internal/users/users.go:538.32,540.5 1 0
github.com/GoMudEngine/GoMud/internal/users/users.go:542.4,542.15 1 0
github.com/GoMudEngine/GoMud/internal/users/users.go:546.3,546.41 1 0
github.com/GoMudEngine/GoMud/internal/users/users.go:546.41,547.32 1 0
github.com/GoMudEngine/GoMud/internal/users/users.go:547.32,549.5 1 0
github.com/GoMudEngine/GoMud/internal/users/users.go:555.2,557.22 2 0
github.com/GoMudEngine/GoMud/internal/users/users.go:560.31,562.40 1 0
github.com/GoMudEngine/GoMud/internal/users/users.go:562.40,563.59 1 0
github.com/GoMudEngine/GoMud/internal/users/users.go:563.59,565.4 1 0
github.com/GoMudEngine/GoMud/internal/users/users.go:568.2,571.14 3 0
github.com/GoMudEngine/GoMud/internal/users/users.go:574.38,578.2 3 0
