mode: set
github.com/GoMudEngine/GoMud/internal/buffs/buffs.go:22.45,23.17 1 1
github.com/GoMudEngine/GoMud/internal/buffs/buffs.go:23.17,25.3 1 0
github.com/GoMudEngine/GoMud/internal/buffs/buffs.go:26.2,26.56 1 1
github.com/GoMudEngine/GoMud/internal/buffs/buffs.go:26.56,28.3 1 1
github.com/GoMudEngine/GoMud/internal/buffs/buffs.go:29.2,29.10 1 0
github.com/GoMudEngine/GoMud/internal/buffs/buffs.go:32.31,34.2 1 1
github.com/GoMudEngine/GoMud/internal/buffs/buffs.go:43.18,49.2 1 1
github.com/GoMudEngine/GoMud/internal/buffs/buffs.go:51.49,52.25 1 1
github.com/GoMudEngine/GoMud/internal/buffs/buffs.go:52.25,54.3 1 1
github.com/GoMudEngine/GoMud/internal/buffs/buffs.go:55.2,55.23 1 1
github.com/GoMudEngine/GoMud/internal/buffs/buffs.go:55.23,57.3 1 1
github.com/GoMudEngine/GoMud/internal/buffs/buffs.go:59.2,59.85 1 1
github.com/GoMudEngine/GoMud/internal/buffs/buffs.go:59.85,64.31 3 1
github.com/GoMudEngine/GoMud/internal/buffs/buffs.go:64.31,67.20 3 1
github.com/GoMudEngine/GoMud/internal/buffs/buffs.go:67.20,69.13 2 0
github.com/GoMudEngine/GoMud/internal/buffs/buffs.go:71.4,71.37 1 1
github.com/GoMudEngine/GoMud/internal/buffs/buffs.go:71.37,72.41 1 1
github.com/GoMudEngine/GoMud/internal/buffs/buffs.go:72.41,74.6 1 1
github.com/GoMudEngine/GoMud/internal/buffs/buffs.go:75.5,75.57 1 1
github.com/GoMudEngine/GoMud/internal/buffs/buffs.go:81.47,83.28 2 1
github.com/GoMudEngine/GoMud/internal/buffs/buffs.go:83.28,85.3 1 1
github.com/GoMudEngine/GoMud/internal/buffs/buffs.go:86.2,86.16 1 1
github.com/GoMudEngine/GoMud/internal/buffs/buffs.go:89.31,90.45 1 0
github.com/GoMudEngine/GoMud/internal/buffs/buffs.go:90.45,92.3 1 0
github.com/GoMudEngine/GoMud/internal/buffs/buffs.go:93.2,93.11 1 0
github.com/GoMudEngine/GoMud/internal/buffs/buffs.go:96.46,97.41 1 1
github.com/GoMudEngine/GoMud/internal/buffs/buffs.go:97.41,100.3 2 1
github.com/GoMudEngine/GoMud/internal/buffs/buffs.go:101.2,101.14 1 1
github.com/GoMudEngine/GoMud/internal/buffs/buffs.go:104.47,105.39 1 1
github.com/GoMudEngine/GoMud/internal/buffs/buffs.go:105.39,107.3 1 1
github.com/GoMudEngine/GoMud/internal/buffs/buffs.go:108.2,108.10 1 1
github.com/GoMudEngine/GoMud/internal/buffs/buffs.go:111.56,113.43 2 1
github.com/GoMudEngine/GoMud/internal/buffs/buffs.go:113.43,115.3 1 1
github.com/GoMudEngine/GoMud/internal/buffs/buffs.go:116.2,116.16 1 1
github.com/GoMudEngine/GoMud/internal/buffs/buffs.go:119.57,121.19 1 1
github.com/GoMudEngine/GoMud/internal/buffs/buffs.go:121.19,122.41 1 1
github.com/GoMudEngine/GoMud/internal/buffs/buffs.go:122.41,124.4 1 1
github.com/GoMudEngine/GoMud/internal/buffs/buffs.go:127.2,128.32 2 1
github.com/GoMudEngine/GoMud/internal/buffs/buffs.go:128.32,130.33 2 1
github.com/GoMudEngine/GoMud/internal/buffs/buffs.go:130.33,132.19 1 1
github.com/GoMudEngine/GoMud/internal/buffs/buffs.go:132.19,133.13 1 0
github.com/GoMudEngine/GoMud/internal/buffs/buffs.go:135.4,135.36 1 1
github.com/GoMudEngine/GoMud/internal/buffs/buffs.go:135.36,139.15 2 1
github.com/GoMudEngine/GoMud/internal/buffs/buffs.go:139.15,141.23 1 1
github.com/GoMudEngine/GoMud/internal/buffs/buffs.go:141.23,143.7 1 0
github.com/GoMudEngine/GoMud/internal/buffs/buffs.go:143.12,146.7 2 1
github.com/GoMudEngine/GoMud/internal/buffs/buffs.go:147.6,147.11 1 1
github.com/GoMudEngine/GoMud/internal/buffs/buffs.go:151.5,151.17 1 1
github.com/GoMudEngine/GoMud/internal/buffs/buffs.go:158.2,158.14 1 1
github.com/GoMudEngine/GoMud/internal/buffs/buffs.go:161.43,162.37 1 1
github.com/GoMudEngine/GoMud/internal/buffs/buffs.go:162.37,164.3 1 1
github.com/GoMudEngine/GoMud/internal/buffs/buffs.go:165.2,165.14 1 1
github.com/GoMudEngine/GoMud/internal/buffs/buffs.go:168.38,169.39 1 1
github.com/GoMudEngine/GoMud/internal/buffs/buffs.go:169.39,171.3 1 1
github.com/GoMudEngine/GoMud/internal/buffs/buffs.go:174.61,175.54 1 1
github.com/GoMudEngine/GoMud/internal/buffs/buffs.go:175.54,184.18 2 1
github.com/GoMudEngine/GoMud/internal/buffs/buffs.go:184.18,187.4 2 1
github.com/GoMudEngine/GoMud/internal/buffs/buffs.go:189.3,189.40 1 1
github.com/GoMudEngine/GoMud/internal/buffs/buffs.go:189.40,193.4 3 1
github.com/GoMudEngine/GoMud/internal/buffs/buffs.go:195.3,198.39 4 1
github.com/GoMudEngine/GoMud/internal/buffs/buffs.go:198.39,199.40 1 1
github.com/GoMudEngine/GoMud/internal/buffs/buffs.go:199.40,201.5 1 1
github.com/GoMudEngine/GoMud/internal/buffs/buffs.go:202.4,202.62 1 1
github.com/GoMudEngine/GoMud/internal/buffs/buffs.go:205.3,205.14 1 1
github.com/GoMudEngine/GoMud/internal/buffs/buffs.go:208.2,208.14 1 1
github.com/GoMudEngine/GoMud/internal/buffs/buffs.go:212.66,214.30 1 1
github.com/GoMudEngine/GoMud/internal/buffs/buffs.go:214.30,218.22 1 1
github.com/GoMudEngine/GoMud/internal/buffs/buffs.go:218.22,219.30 1 1
github.com/GoMudEngine/GoMud/internal/buffs/buffs.go:219.30,220.23 1 1
github.com/GoMudEngine/GoMud/internal/buffs/buffs.go:220.23,221.14 1 1
github.com/GoMudEngine/GoMud/internal/buffs/buffs.go:226.3,226.57 1 1
github.com/GoMudEngine/GoMud/internal/buffs/buffs.go:226.57,230.26 1 1
github.com/GoMudEngine/GoMud/internal/buffs/buffs.go:230.26,232.51 2 1
github.com/GoMudEngine/GoMud/internal/buffs/buffs.go:232.51,235.49 2 1
github.com/GoMudEngine/GoMud/internal/buffs/buffs.go:235.49,237.7 1 1
github.com/GoMudEngine/GoMud/internal/buffs/buffs.go:237.12,240.7 1 1
github.com/GoMudEngine/GoMud/internal/buffs/buffs.go:242.5,242.21 1 1
github.com/GoMudEngine/GoMud/internal/buffs/buffs.go:249.2,249.23 1 1
github.com/GoMudEngine/GoMud/internal/buffs/buffs.go:252.50,254.28 2 0
github.com/GoMudEngine/GoMud/internal/buffs/buffs.go:254.28,255.19 1 0
github.com/GoMudEngine/GoMud/internal/buffs/buffs.go:255.19,257.23 1 0
github.com/GoMudEngine/GoMud/internal/buffs/buffs.go:257.23,258.31 1 0
github.com/GoMudEngine/GoMud/internal/buffs/buffs.go:258.31,259.24 1 0
github.com/GoMudEngine/GoMud/internal/buffs/buffs.go:259.24,260.15 1 0
github.com/GoMudEngine/GoMud/internal/buffs/buffs.go:262.6,262.36 1 0
github.com/GoMudEngine/GoMud/internal/buffs/buffs.go:264.10,266.5 1 0
github.com/GoMudEngine/GoMud/internal/buffs/buffs.go:270.2,270.17 1 0
github.com/GoMudEngine/GoMud/internal/buffs/buffs.go:273.48,275.23 1 1
github.com/GoMudEngine/GoMud/internal/buffs/buffs.go:275.23,277.3 1 0
github.com/GoMudEngine/GoMud/internal/buffs/buffs.go:279.2,281.41 3 1
github.com/GoMudEngine/GoMud/internal/buffs/buffs.go:281.41,289.22 4 1
github.com/GoMudEngine/GoMud/internal/buffs/buffs.go:289.22,291.4 1 0
github.com/GoMudEngine/GoMud/internal/buffs/buffs.go:291.9,294.19 1 1
github.com/GoMudEngine/GoMud/internal/buffs/buffs.go:294.19,296.5 1 1
github.com/GoMudEngine/GoMud/internal/buffs/buffs.go:299.3,299.12 1 1
github.com/GoMudEngine/GoMud/internal/buffs/buffs.go:299.12,304.4 3 1
github.com/GoMudEngine/GoMud/internal/buffs/buffs.go:308.2,308.14 1 1
github.com/GoMudEngine/GoMud/internal/buffs/buffs.go:308.14,310.3 1 1
github.com/GoMudEngine/GoMud/internal/buffs/buffs.go:312.2,312.20 1 1
github.com/GoMudEngine/GoMud/internal/buffs/buffs.go:315.81,320.2 2 1
github.com/GoMudEngine/GoMud/internal/buffs/buffspec.go:100.35,103.31 2 1
github.com/GoMudEngine/GoMud/internal/buffs/buffspec.go:103.31,105.3 1 1
github.com/GoMudEngine/GoMud/internal/buffs/buffspec.go:107.2,111.24 4 1
github.com/GoMudEngine/GoMud/internal/buffs/buffspec.go:111.24,113.3 1 1
github.com/GoMudEngine/GoMud/internal/buffs/buffspec.go:115.2,115.12 1 1
github.com/GoMudEngine/GoMud/internal/buffs/buffspec.go:118.65,119.14 1 1
github.com/GoMudEngine/GoMud/internal/buffs/buffspec.go:119.14,121.3 1 1
github.com/GoMudEngine/GoMud/internal/buffs/buffspec.go:122.2,122.30 1 1
github.com/GoMudEngine/GoMud/internal/buffs/buffspec.go:136.40,137.16 1 1
github.com/GoMudEngine/GoMud/internal/buffs/buffspec.go:137.16,139.3 1 1
github.com/GoMudEngine/GoMud/internal/buffs/buffspec.go:141.2,141.35 1 1
github.com/GoMudEngine/GoMud/internal/buffs/buffspec.go:141.35,143.3 1 1
github.com/GoMudEngine/GoMud/internal/buffs/buffspec.go:145.2,145.12 1 1
github.com/GoMudEngine/GoMud/internal/buffs/buffspec.go:148.28,151.29 2 1
github.com/GoMudEngine/GoMud/internal/buffs/buffspec.go:151.29,153.3 1 1
github.com/GoMudEngine/GoMud/internal/buffs/buffspec.go:155.2,155.16 1 1
github.com/GoMudEngine/GoMud/internal/buffs/buffspec.go:159.43,165.29 3 1
github.com/GoMudEngine/GoMud/internal/buffs/buffspec.go:165.29,166.63 1 1
github.com/GoMudEngine/GoMud/internal/buffs/buffspec.go:166.63,168.4 1 1
github.com/GoMudEngine/GoMud/internal/buffs/buffspec.go:168.9,168.77 1 1
github.com/GoMudEngine/GoMud/internal/buffs/buffspec.go:168.77,170.4 1 1
github.com/GoMudEngine/GoMud/internal/buffs/buffspec.go:173.2,173.16 1 1
github.com/GoMudEngine/GoMud/internal/buffs/buffspec.go:177.29,179.2 1 1
github.com/GoMudEngine/GoMud/internal/buffs/buffspec.go:182.37,185.19 1 0
github.com/GoMudEngine/GoMud/internal/buffs/buffspec.go:185.19,187.3 1 0
github.com/GoMudEngine/GoMud/internal/buffs/buffspec.go:189.2,191.24 2 0
github.com/GoMudEngine/GoMud/internal/buffs/buffspec.go:191.24,193.3 1 0
github.com/GoMudEngine/GoMud/internal/buffs/buffspec.go:194.2,194.25 1 0
github.com/GoMudEngine/GoMud/internal/buffs/buffspec.go:194.25,196.3 1 0
github.com/GoMudEngine/GoMud/internal/buffs/buffspec.go:197.2,197.12 1 0
github.com/GoMudEngine/GoMud/internal/buffs/buffspec.go:200.38,203.2 2 1
github.com/GoMudEngine/GoMud/internal/buffs/buffspec.go:205.38,207.2 1 1
github.com/GoMudEngine/GoMud/internal/buffs/buffspec.go:209.39,213.47 2 0
github.com/GoMudEngine/GoMud/internal/buffs/buffspec.go:213.47,214.56 1 0
github.com/GoMudEngine/GoMud/internal/buffs/buffspec.go:214.56,216.4 1 0
github.com/GoMudEngine/GoMud/internal/buffs/buffspec.go:219.2,219.11 1 0
github.com/GoMudEngine/GoMud/internal/buffs/buffspec.go:222.43,234.2 4 0
github.com/GoMudEngine/GoMud/internal/buffs/buffspec.go:237.22,243.16 4 0
github.com/GoMudEngine/GoMud/internal/buffs/buffspec.go:243.16,244.49 1 0
github.com/GoMudEngine/GoMud/internal/buffs/buffspec.go:247.2,249.101 2 0
