mode: set
github.com/GoMudEngine/GoMud/internal/templates/layout.go:13.94,14.24 1 1
github.com/GoMudEngine/GoMud/internal/templates/layout.go:14.24,16.3 1 1
github.com/GoMudEngine/GoMud/internal/templates/layout.go:18.2,20.33 3 1
github.com/GoMudEngine/GoMud/internal/templates/layout.go:20.33,22.29 1 1
github.com/GoMudEngine/GoMud/internal/templates/layout.go:22.29,25.4 2 1
github.com/GoMudEngine/GoMud/internal/templates/layout.go:27.3,31.17 3 1
github.com/GoMudEngine/GoMud/internal/templates/layout.go:31.17,33.4 1 1
github.com/GoMudEngine/GoMud/internal/templates/layout.go:35.3,38.17 2 1
github.com/GoMudEngine/GoMud/internal/templates/layout.go:38.17,40.4 1 1
github.com/GoMudEngine/GoMud/internal/templates/layout.go:42.3,44.23 2 1
github.com/GoMudEngine/GoMud/internal/templates/layout.go:47.2,47.15 1 1
github.com/GoMudEngine/GoMud/internal/templates/templates.go:49.56,51.2 1 0
github.com/GoMudEngine/GoMud/internal/templates/templates.go:64.34,66.2 1 1
github.com/GoMudEngine/GoMud/internal/templates/templates.go:68.50,70.32 1 1
github.com/GoMudEngine/GoMud/internal/templates/templates.go:70.32,71.44 1 1
github.com/GoMudEngine/GoMud/internal/templates/templates.go:71.44,73.4 1 0
github.com/GoMudEngine/GoMud/internal/templates/templates.go:76.2,76.15 1 1
github.com/GoMudEngine/GoMud/internal/templates/templates.go:79.31,83.32 2 0
github.com/GoMudEngine/GoMud/internal/templates/templates.go:83.32,84.46 1 0
github.com/GoMudEngine/GoMud/internal/templates/templates.go:84.46,87.4 2 0
github.com/GoMudEngine/GoMud/internal/templates/templates.go:91.2,94.19 3 0
github.com/GoMudEngine/GoMud/internal/templates/templates.go:98.33,100.2 1 0
github.com/GoMudEngine/GoMud/internal/templates/templates.go:113.43,115.2 1 1
github.com/GoMudEngine/GoMud/internal/templates/templates.go:117.40,121.2 3 1
github.com/GoMudEngine/GoMud/internal/templates/templates.go:123.78,131.39 5 1
github.com/GoMudEngine/GoMud/internal/templates/templates.go:131.40,133.3 0 1
github.com/GoMudEngine/GoMud/internal/templates/templates.go:135.2,136.30 2 1
github.com/GoMudEngine/GoMud/internal/templates/templates.go:136.30,138.3 1 1
github.com/GoMudEngine/GoMud/internal/templates/templates.go:140.2,141.18 2 1
github.com/GoMudEngine/GoMud/internal/templates/templates.go:141.18,145.17 2 1
github.com/GoMudEngine/GoMud/internal/templates/templates.go:145.17,146.54 1 1
github.com/GoMudEngine/GoMud/internal/templates/templates.go:146.54,148.5 1 1
github.com/GoMudEngine/GoMud/internal/templates/templates.go:149.9,149.47 1 1
github.com/GoMudEngine/GoMud/internal/templates/templates.go:149.47,151.4 1 1
github.com/GoMudEngine/GoMud/internal/templates/templates.go:153.3,153.42 1 1
github.com/GoMudEngine/GoMud/internal/templates/templates.go:156.2,163.28 3 1
github.com/GoMudEngine/GoMud/internal/templates/templates.go:163.28,170.3 1 1
github.com/GoMudEngine/GoMud/internal/templates/templates.go:172.2,187.41 3 1
github.com/GoMudEngine/GoMud/internal/templates/templates.go:187.41,189.59 1 1
github.com/GoMudEngine/GoMud/internal/templates/templates.go:189.59,192.18 2 0
github.com/GoMudEngine/GoMud/internal/templates/templates.go:192.18,195.5 2 0
github.com/GoMudEngine/GoMud/internal/templates/templates.go:197.4,198.18 2 0
github.com/GoMudEngine/GoMud/internal/templates/templates.go:198.18,201.5 2 0
github.com/GoMudEngine/GoMud/internal/templates/templates.go:204.4,204.21 1 0
github.com/GoMudEngine/GoMud/internal/templates/templates.go:204.21,206.5 1 0
github.com/GoMudEngine/GoMud/internal/templates/templates.go:208.4,208.33 1 0
github.com/GoMudEngine/GoMud/internal/templates/templates.go:208.33,210.5 1 0
github.com/GoMudEngine/GoMud/internal/templates/templates.go:211.4,211.28 1 0
github.com/GoMudEngine/GoMud/internal/templates/templates.go:218.3,222.17 3 1
github.com/GoMudEngine/GoMud/internal/templates/templates.go:222.17,223.12 1 1
github.com/GoMudEngine/GoMud/internal/templates/templates.go:227.3,228.17 2 1
github.com/GoMudEngine/GoMud/internal/templates/templates.go:228.17,231.4 2 0
github.com/GoMudEngine/GoMud/internal/templates/templates.go:235.3,236.17 2 1
github.com/GoMudEngine/GoMud/internal/templates/templates.go:236.17,239.4 2 0
github.com/GoMudEngine/GoMud/internal/templates/templates.go:241.3,241.29 1 1
github.com/GoMudEngine/GoMud/internal/templates/templates.go:241.29,245.21 2 1
github.com/GoMudEngine/GoMud/internal/templates/templates.go:245.21,247.5 1 0
github.com/GoMudEngine/GoMud/internal/templates/templates.go:248.4,248.27 1 1
github.com/GoMudEngine/GoMud/internal/templates/templates.go:252.3,252.20 1 1
github.com/GoMudEngine/GoMud/internal/templates/templates.go:252.20,254.4 1 0
github.com/GoMudEngine/GoMud/internal/templates/templates.go:256.3,256.32 1 1
github.com/GoMudEngine/GoMud/internal/templates/templates.go:256.32,258.4 1 1
github.com/GoMudEngine/GoMud/internal/templates/templates.go:259.3,259.27 1 1
github.com/GoMudEngine/GoMud/internal/templates/templates.go:265.2,266.41 2 1
github.com/GoMudEngine/GoMud/internal/templates/templates.go:266.41,268.3 1 1
github.com/GoMudEngine/GoMud/internal/templates/templates.go:269.2,270.150 2 1
github.com/GoMudEngine/GoMud/internal/templates/templates.go:273.80,279.39 3 1
github.com/GoMudEngine/GoMud/internal/templates/templates.go:279.40,281.3 0 1
github.com/GoMudEngine/GoMud/internal/templates/templates.go:283.2,283.33 1 1
github.com/GoMudEngine/GoMud/internal/templates/templates.go:283.33,284.15 1 1
github.com/GoMudEngine/GoMud/internal/templates/templates.go:285.22,286.77 1 0
github.com/GoMudEngine/GoMud/internal/templates/templates.go:287.21,288.78 1 0
github.com/GoMudEngine/GoMud/internal/templates/templates.go:289.22,290.24 1 1
github.com/GoMudEngine/GoMud/internal/templates/templates.go:295.2,296.16 2 1
github.com/GoMudEngine/GoMud/internal/templates/templates.go:296.16,298.3 1 1
github.com/GoMudEngine/GoMud/internal/templates/templates.go:301.2,303.16 3 1
github.com/GoMudEngine/GoMud/internal/templates/templates.go:303.16,306.3 2 1
github.com/GoMudEngine/GoMud/internal/templates/templates.go:309.2,309.19 1 1
github.com/GoMudEngine/GoMud/internal/templates/templates.go:309.19,311.3 1 1
github.com/GoMudEngine/GoMud/internal/templates/templates.go:313.2,313.26 1 1
github.com/GoMudEngine/GoMud/internal/templates/templates.go:330.57,334.18 3 1
github.com/GoMudEngine/GoMud/internal/templates/templates.go:334.18,336.3 1 1
github.com/GoMudEngine/GoMud/internal/templates/templates.go:338.2,338.16 1 1
github.com/GoMudEngine/GoMud/internal/templates/templates.go:341.60,345.18 3 1
github.com/GoMudEngine/GoMud/internal/templates/templates.go:345.18,347.3 1 1
github.com/GoMudEngine/GoMud/internal/templates/templates.go:349.2,349.26 1 1
github.com/GoMudEngine/GoMud/internal/templates/templates.go:349.26,351.29 2 0
github.com/GoMudEngine/GoMud/internal/templates/templates.go:351.29,353.4 1 0
github.com/GoMudEngine/GoMud/internal/templates/templates.go:354.3,354.74 1 0
github.com/GoMudEngine/GoMud/internal/templates/templates.go:356.2,356.16 1 1
github.com/GoMudEngine/GoMud/internal/templates/templates.go:359.102,379.32 7 1
github.com/GoMudEngine/GoMud/internal/templates/templates.go:379.32,381.35 2 1
github.com/GoMudEngine/GoMud/internal/templates/templates.go:381.35,383.4 1 1
github.com/GoMudEngine/GoMud/internal/templates/templates.go:384.3,384.35 1 1
github.com/GoMudEngine/GoMud/internal/templates/templates.go:388.2,388.29 1 1
github.com/GoMudEngine/GoMud/internal/templates/templates.go:388.29,392.26 3 1
github.com/GoMudEngine/GoMud/internal/templates/templates.go:392.26,393.41 1 0
github.com/GoMudEngine/GoMud/internal/templates/templates.go:393.41,395.5 1 0
github.com/GoMudEngine/GoMud/internal/templates/templates.go:396.4,396.32 1 0
github.com/GoMudEngine/GoMud/internal/templates/templates.go:399.3,399.33 1 1
github.com/GoMudEngine/GoMud/internal/templates/templates.go:399.33,401.36 2 1
github.com/GoMudEngine/GoMud/internal/templates/templates.go:401.36,403.5 1 1
github.com/GoMudEngine/GoMud/internal/templates/templates.go:404.4,404.33 1 1
github.com/GoMudEngine/GoMud/internal/templates/templates.go:408.2,408.30 1 1
github.com/GoMudEngine/GoMud/internal/templates/templates.go:408.30,410.45 2 0
github.com/GoMudEngine/GoMud/internal/templates/templates.go:410.45,415.32 2 0
github.com/GoMudEngine/GoMud/internal/templates/templates.go:415.32,417.47 1 0
github.com/GoMudEngine/GoMud/internal/templates/templates.go:417.47,419.6 1 0
github.com/GoMudEngine/GoMud/internal/templates/templates.go:427.2,427.14 1 1
github.com/GoMudEngine/GoMud/internal/templates/templates.go:430.37,434.39 3 0
github.com/GoMudEngine/GoMud/internal/templates/templates.go:434.39,436.3 1 0
github.com/GoMudEngine/GoMud/internal/templates/templates.go:438.2,438.37 1 0
github.com/GoMudEngine/GoMud/internal/templates/templates.go:438.37,440.3 1 0
github.com/GoMudEngine/GoMud/internal/templates/templates.go:442.2,442.37 1 0
github.com/GoMudEngine/GoMud/internal/templates/templates.go:442.37,444.3 1 0
github.com/GoMudEngine/GoMud/internal/templates/templates.go:446.2,446.36 1 0
github.com/GoMudEngine/GoMud/internal/templates/templates.go:446.36,448.3 1 0
github.com/GoMudEngine/GoMud/internal/templates/templates.go:450.2,450.30 1 0
github.com/GoMudEngine/GoMud/internal/templates/templates.go:455.51,460.59 2 0
github.com/GoMudEngine/GoMud/internal/templates/templates.go:460.59,462.3 1 0
github.com/GoMudEngine/GoMud/internal/templates/templates.go:464.2,470.130 5 0
github.com/GoMudEngine/GoMud/internal/templates/templates.go:470.130,472.3 1 0
github.com/GoMudEngine/GoMud/internal/templates/templates.go:474.2,475.26 2 0
github.com/GoMudEngine/GoMud/internal/templates/templates.go:475.26,476.51 1 0
github.com/GoMudEngine/GoMud/internal/templates/templates.go:476.51,479.51 2 0
github.com/GoMudEngine/GoMud/internal/templates/templates.go:479.51,480.13 1 0
github.com/GoMudEngine/GoMud/internal/templates/templates.go:483.4,483.42 1 0
github.com/GoMudEngine/GoMud/internal/templates/templates.go:483.42,484.59 1 0
github.com/GoMudEngine/GoMud/internal/templates/templates.go:484.59,485.14 1 0
github.com/GoMudEngine/GoMud/internal/templates/templates.go:487.5,487.40 1 0
github.com/GoMudEngine/GoMud/internal/templates/templates.go:487.40,488.57 1 0
github.com/GoMudEngine/GoMud/internal/templates/templates.go:488.57,490.7 1 0
github.com/GoMudEngine/GoMud/internal/templates/templates.go:497.2,497.89 1 0
github.com/GoMudEngine/GoMud/internal/templates/templatesfunctions.go:31.36,31.53 1 0
github.com/GoMudEngine/GoMud/internal/templates/templatesfunctions.go:32.36,32.53 1 0
github.com/GoMudEngine/GoMud/internal/templates/templatesfunctions.go:33.36,33.52 1 0
github.com/GoMudEngine/GoMud/internal/templates/templatesfunctions.go:34.38,34.65 1 0
github.com/GoMudEngine/GoMud/internal/templates/templatesfunctions.go:35.40,36.19 1 0
github.com/GoMudEngine/GoMud/internal/templates/templatesfunctions.go:36.19,38.5 1 0
github.com/GoMudEngine/GoMud/internal/templates/templatesfunctions.go:39.4,39.23 1 0
github.com/GoMudEngine/GoMud/internal/templates/templatesfunctions.go:41.49,42.17 1 1
github.com/GoMudEngine/GoMud/internal/templates/templatesfunctions.go:42.17,44.5 1 0
github.com/GoMudEngine/GoMud/internal/templates/templatesfunctions.go:45.4,45.38 1 1
github.com/GoMudEngine/GoMud/internal/templates/templatesfunctions.go:47.42,48.26 1 0
github.com/GoMudEngine/GoMud/internal/templates/templatesfunctions.go:48.26,50.5 1 0
github.com/GoMudEngine/GoMud/internal/templates/templatesfunctions.go:51.4,51.16 1 0
github.com/GoMudEngine/GoMud/internal/templates/templatesfunctions.go:53.42,54.26 1 1
github.com/GoMudEngine/GoMud/internal/templates/templatesfunctions.go:54.26,56.5 1 1
github.com/GoMudEngine/GoMud/internal/templates/templatesfunctions.go:57.4,57.16 1 1
github.com/GoMudEngine/GoMud/internal/templates/templatesfunctions.go:59.43,60.26 1 0
github.com/GoMudEngine/GoMud/internal/templates/templatesfunctions.go:60.26,62.5 1 0
github.com/GoMudEngine/GoMud/internal/templates/templatesfunctions.go:63.4,63.16 1 0
github.com/GoMudEngine/GoMud/internal/templates/templatesfunctions.go:65.60,66.26 1 0
github.com/GoMudEngine/GoMud/internal/templates/templatesfunctions.go:66.26,68.5 1 0
github.com/GoMudEngine/GoMud/internal/templates/templatesfunctions.go:69.4,69.16 1 0
github.com/GoMudEngine/GoMud/internal/templates/templatesfunctions.go:71.49,72.19 1 0
github.com/GoMudEngine/GoMud/internal/templates/templatesfunctions.go:72.19,74.5 1 0
github.com/GoMudEngine/GoMud/internal/templates/templatesfunctions.go:75.4,76.24 2 0
github.com/GoMudEngine/GoMud/internal/templates/templatesfunctions.go:78.38,80.4 1 1
github.com/GoMudEngine/GoMud/internal/templates/templatesfunctions.go:81.49,84.21 3 0
github.com/GoMudEngine/GoMud/internal/templates/templatesfunctions.go:84.21,87.5 2 0
github.com/GoMudEngine/GoMud/internal/templates/templatesfunctions.go:88.4,88.15 1 0
github.com/GoMudEngine/GoMud/internal/templates/templatesfunctions.go:90.49,93.21 3 0
github.com/GoMudEngine/GoMud/internal/templates/templatesfunctions.go:93.21,96.5 2 0
github.com/GoMudEngine/GoMud/internal/templates/templatesfunctions.go:97.4,97.15 1 0
github.com/GoMudEngine/GoMud/internal/templates/templatesfunctions.go:99.60,102.4 2 0
github.com/GoMudEngine/GoMud/internal/templates/templatesfunctions.go:103.46,104.46 1 0
github.com/GoMudEngine/GoMud/internal/templates/templatesfunctions.go:104.46,106.5 1 0
github.com/GoMudEngine/GoMud/internal/templates/templatesfunctions.go:107.4,107.20 1 0
github.com/GoMudEngine/GoMud/internal/templates/templatesfunctions.go:113.38,113.54 1 0
github.com/GoMudEngine/GoMud/internal/templates/templatesfunctions.go:114.46,114.80 1 0
github.com/GoMudEngine/GoMud/internal/templates/templatesfunctions.go:119.39,121.23 2 0
github.com/GoMudEngine/GoMud/internal/templates/templatesfunctions.go:121.23,123.5 1 0
github.com/GoMudEngine/GoMud/internal/templates/templatesfunctions.go:124.4,124.24 1 0
github.com/GoMudEngine/GoMud/internal/templates/templatesfunctions.go:126.43,128.23 2 0
github.com/GoMudEngine/GoMud/internal/templates/templatesfunctions.go:128.23,130.5 1 0
github.com/GoMudEngine/GoMud/internal/templates/templatesfunctions.go:132.4,132.65 1 0
github.com/GoMudEngine/GoMud/internal/templates/templatesfunctions.go:132.65,134.5 1 0
github.com/GoMudEngine/GoMud/internal/templates/templatesfunctions.go:136.4,137.34 2 0
github.com/GoMudEngine/GoMud/internal/templates/templatesfunctions.go:137.34,139.5 1 0
github.com/GoMudEngine/GoMud/internal/templates/templatesfunctions.go:139.10,141.5 1 0
github.com/GoMudEngine/GoMud/internal/templates/templatesfunctions.go:142.4,142.88 1 0
github.com/GoMudEngine/GoMud/internal/templates/templatesfunctions.go:144.46,147.4 2 0
github.com/GoMudEngine/GoMud/internal/templates/templatesfunctions.go:148.56,152.4 2 0
github.com/GoMudEngine/GoMud/internal/templates/templatesfunctions.go:153.43,154.45 1 1
github.com/GoMudEngine/GoMud/internal/templates/templatesfunctions.go:154.45,156.5 1 0
github.com/GoMudEngine/GoMud/internal/templates/templatesfunctions.go:157.4,157.79 1 1
github.com/GoMudEngine/GoMud/internal/templates/templatesfunctions.go:159.40,162.4 1 0
github.com/GoMudEngine/GoMud/internal/templates/templatesfunctions.go:163.35,165.24 2 0
github.com/GoMudEngine/GoMud/internal/templates/templatesfunctions.go:165.24,167.5 1 0
github.com/GoMudEngine/GoMud/internal/templates/templatesfunctions.go:168.4,168.19 1 0
github.com/GoMudEngine/GoMud/internal/templates/templatesfunctions.go:170.59,172.22 2 0
github.com/GoMudEngine/GoMud/internal/templates/templatesfunctions.go:172.22,174.5 1 0
github.com/GoMudEngine/GoMud/internal/templates/templatesfunctions.go:175.4,176.123 2 0
github.com/GoMudEngine/GoMud/internal/templates/templatesfunctions.go:178.57,181.22 2 0
github.com/GoMudEngine/GoMud/internal/templates/templatesfunctions.go:181.22,183.5 1 0
github.com/GoMudEngine/GoMud/internal/templates/templatesfunctions.go:185.4,186.119 2 0
github.com/GoMudEngine/GoMud/internal/templates/templatesfunctions.go:188.82,190.30 2 0
github.com/GoMudEngine/GoMud/internal/templates/templatesfunctions.go:190.30,192.5 1 0
github.com/GoMudEngine/GoMud/internal/templates/templatesfunctions.go:194.4,194.24 1 0
github.com/GoMudEngine/GoMud/internal/templates/templatesfunctions.go:194.24,196.5 1 0
github.com/GoMudEngine/GoMud/internal/templates/templatesfunctions.go:196.10,196.33 1 0
github.com/GoMudEngine/GoMud/internal/templates/templatesfunctions.go:196.33,198.5 1 0
github.com/GoMudEngine/GoMud/internal/templates/templatesfunctions.go:199.4,199.54 1 0
github.com/GoMudEngine/GoMud/internal/templates/templatesfunctions.go:201.29,203.4 1 0
github.com/GoMudEngine/GoMud/internal/templates/templatesfunctions.go:204.35,206.4 1 1
github.com/GoMudEngine/GoMud/internal/templates/templatesfunctions.go:207.35,209.4 1 1
github.com/GoMudEngine/GoMud/internal/templates/templatesfunctions.go:214.41,215.11 1 0
github.com/GoMudEngine/GoMud/internal/templates/templatesfunctions.go:216.21,217.20 1 0
github.com/GoMudEngine/GoMud/internal/templates/templatesfunctions.go:218.21,219.18 1 0
github.com/GoMudEngine/GoMud/internal/templates/templatesfunctions.go:220.21,221.27 1 0
github.com/GoMudEngine/GoMud/internal/templates/templatesfunctions.go:222.22,223.21 1 0
github.com/GoMudEngine/GoMud/internal/templates/templatesfunctions.go:224.22,225.27 1 0
github.com/GoMudEngine/GoMud/internal/templates/templatesfunctions.go:226.22,227.25 1 0
github.com/GoMudEngine/GoMud/internal/templates/templatesfunctions.go:228.22,229.27 1 0
github.com/GoMudEngine/GoMud/internal/templates/templatesfunctions.go:230.22,231.26 1 0
github.com/GoMudEngine/GoMud/internal/templates/templatesfunctions.go:232.12,233.21 1 0
github.com/GoMudEngine/GoMud/internal/templates/templatesfunctions.go:238.67,239.16 1 0
github.com/GoMudEngine/GoMud/internal/templates/templatesfunctions.go:239.16,241.5 1 0
github.com/GoMudEngine/GoMud/internal/templates/templatesfunctions.go:242.4,244.11 3 0
github.com/GoMudEngine/GoMud/internal/templates/templatesfunctions.go:245.19,246.37 1 0
github.com/GoMudEngine/GoMud/internal/templates/templatesfunctions.go:247.19,248.32 1 0
github.com/GoMudEngine/GoMud/internal/templates/templatesfunctions.go:249.19,250.40 1 0
github.com/GoMudEngine/GoMud/internal/templates/templatesfunctions.go:251.19,252.38 1 0
github.com/GoMudEngine/GoMud/internal/templates/templatesfunctions.go:253.12,254.35 1 0
github.com/GoMudEngine/GoMud/internal/templates/templatesfunctions.go:256.4,257.47 2 0
github.com/GoMudEngine/GoMud/internal/templates/templatesfunctions.go:257.47,259.5 1 0
github.com/GoMudEngine/GoMud/internal/templates/templatesfunctions.go:260.4,260.17 1 0
github.com/GoMudEngine/GoMud/internal/templates/templatesfunctions.go:262.42,263.11 1 0
github.com/GoMudEngine/GoMud/internal/templates/templatesfunctions.go:264.20,265.18 1 0
github.com/GoMudEngine/GoMud/internal/templates/templatesfunctions.go:266.20,267.18 1 0
github.com/GoMudEngine/GoMud/internal/templates/templatesfunctions.go:268.20,269.19 1 0
github.com/GoMudEngine/GoMud/internal/templates/templatesfunctions.go:270.20,271.20 1 0
github.com/GoMudEngine/GoMud/internal/templates/templatesfunctions.go:272.20,273.19 1 0
github.com/GoMudEngine/GoMud/internal/templates/templatesfunctions.go:274.12,275.19 1 0
github.com/GoMudEngine/GoMud/internal/templates/templatesfunctions.go:278.49,280.11 2 0
github.com/GoMudEngine/GoMud/internal/templates/templatesfunctions.go:281.22,282.18 1 0
github.com/GoMudEngine/GoMud/internal/templates/templatesfunctions.go:283.22,284.18 1 0
github.com/GoMudEngine/GoMud/internal/templates/templatesfunctions.go:285.22,286.19 1 0
github.com/GoMudEngine/GoMud/internal/templates/templatesfunctions.go:287.22,288.22 1 0
github.com/GoMudEngine/GoMud/internal/templates/templatesfunctions.go:289.22,290.20 1 0
github.com/GoMudEngine/GoMud/internal/templates/templatesfunctions.go:291.22,292.19 1 0
github.com/GoMudEngine/GoMud/internal/templates/templatesfunctions.go:293.12,294.23 1 0
github.com/GoMudEngine/GoMud/internal/templates/templatesfunctions.go:297.43,298.17 1 0
github.com/GoMudEngine/GoMud/internal/templates/templatesfunctions.go:299.11,300.19 1 0
github.com/GoMudEngine/GoMud/internal/templates/templatesfunctions.go:301.11,302.22 1 0
github.com/GoMudEngine/GoMud/internal/templates/templatesfunctions.go:303.11,304.19 1 0
github.com/GoMudEngine/GoMud/internal/templates/templatesfunctions.go:305.12,306.21 1 0
github.com/GoMudEngine/GoMud/internal/templates/templatesfunctions.go:310.39,311.11 1 0
github.com/GoMudEngine/GoMud/internal/templates/templatesfunctions.go:312.20,313.21 1 0
github.com/GoMudEngine/GoMud/internal/templates/templatesfunctions.go:314.20,315.20 1 0
github.com/GoMudEngine/GoMud/internal/templates/templatesfunctions.go:316.20,317.24 1 0
github.com/GoMudEngine/GoMud/internal/templates/templatesfunctions.go:318.21,319.24 1 0
github.com/GoMudEngine/GoMud/internal/templates/templatesfunctions.go:320.21,321.19 1 0
github.com/GoMudEngine/GoMud/internal/templates/templatesfunctions.go:322.21,323.20 1 0
github.com/GoMudEngine/GoMud/internal/templates/templatesfunctions.go:324.12,325.20 1 0
github.com/GoMudEngine/GoMud/internal/templates/templatesfunctions.go:328.46,329.11 1 0
github.com/GoMudEngine/GoMud/internal/templates/templatesfunctions.go:330.21,331.42 1 0
github.com/GoMudEngine/GoMud/internal/templates/templatesfunctions.go:332.21,333.47 1 0
github.com/GoMudEngine/GoMud/internal/templates/templatesfunctions.go:334.22,335.53 1 0
github.com/GoMudEngine/GoMud/internal/templates/templatesfunctions.go:336.22,337.44 1 0
github.com/GoMudEngine/GoMud/internal/templates/templatesfunctions.go:338.12,339.54 1 0
github.com/GoMudEngine/GoMud/internal/templates/templatesfunctions.go:349.46,351.2 1 0
github.com/GoMudEngine/GoMud/internal/templates/templatesfunctions.go:359.59,363.25 3 1
github.com/GoMudEngine/GoMud/internal/templates/templatesfunctions.go:363.25,365.26 2 1
github.com/GoMudEngine/GoMud/internal/templates/templatesfunctions.go:365.26,367.4 1 1
github.com/GoMudEngine/GoMud/internal/templates/templatesfunctions.go:370.2,372.33 2 1
github.com/GoMudEngine/GoMud/internal/templates/templatesfunctions.go:372.33,374.3 1 1
github.com/GoMudEngine/GoMud/internal/templates/templatesfunctions.go:375.2,376.23 2 1
github.com/GoMudEngine/GoMud/internal/templates/templatesfunctions.go:376.23,378.3 1 0
github.com/GoMudEngine/GoMud/internal/templates/templatesfunctions.go:379.2,379.60 1 1
github.com/GoMudEngine/GoMud/internal/templates/templatesfunctions.go:388.60,392.25 3 1
github.com/GoMudEngine/GoMud/internal/templates/templatesfunctions.go:392.25,394.26 2 1
github.com/GoMudEngine/GoMud/internal/templates/templatesfunctions.go:394.26,396.4 1 1
github.com/GoMudEngine/GoMud/internal/templates/templatesfunctions.go:399.2,401.33 2 1
github.com/GoMudEngine/GoMud/internal/templates/templatesfunctions.go:401.33,403.3 1 1
github.com/GoMudEngine/GoMud/internal/templates/templatesfunctions.go:404.2,405.23 2 1
github.com/GoMudEngine/GoMud/internal/templates/templatesfunctions.go:405.23,407.3 1 0
github.com/GoMudEngine/GoMud/internal/templates/templatesfunctions.go:408.2,408.60 1 1
github.com/GoMudEngine/GoMud/internal/templates/templatesfunctions.go:411.58,416.23 3 1
github.com/GoMudEngine/GoMud/internal/templates/templatesfunctions.go:416.23,418.3 1 1
github.com/GoMudEngine/GoMud/internal/templates/templatesfunctions.go:421.2,427.50 4 1
github.com/GoMudEngine/GoMud/internal/templates/templatesfunctions.go:427.50,429.3 1 1
github.com/GoMudEngine/GoMud/internal/templates/templatesfunctions.go:434.2,436.15 2 1
github.com/GoMudEngine/GoMud/internal/templates/templatesfunctions.go:445.55,449.25 3 1
github.com/GoMudEngine/GoMud/internal/templates/templatesfunctions.go:449.25,451.26 2 1
github.com/GoMudEngine/GoMud/internal/templates/templatesfunctions.go:451.26,453.4 1 1
github.com/GoMudEngine/GoMud/internal/templates/templatesfunctions.go:456.2,458.33 2 1
github.com/GoMudEngine/GoMud/internal/templates/templatesfunctions.go:458.33,460.3 1 1
github.com/GoMudEngine/GoMud/internal/templates/templatesfunctions.go:461.2,463.17 3 1
github.com/GoMudEngine/GoMud/internal/templates/templatesfunctions.go:463.17,465.3 1 0
github.com/GoMudEngine/GoMud/internal/templates/templatesfunctions.go:466.2,466.31 1 1
github.com/GoMudEngine/GoMud/internal/templates/templatesfunctions.go:466.31,468.3 1 0
github.com/GoMudEngine/GoMud/internal/templates/templatesfunctions.go:469.2,469.105 1 1
github.com/GoMudEngine/GoMud/internal/templates/templatesfunctions.go:472.63,474.28 2 0
github.com/GoMudEngine/GoMud/internal/templates/templatesfunctions.go:474.28,475.22 1 0
github.com/GoMudEngine/GoMud/internal/templates/templatesfunctions.go:475.22,477.4 1 0
github.com/GoMudEngine/GoMud/internal/templates/templatesfunctions.go:479.2,479.17 1 0
github.com/GoMudEngine/GoMud/internal/templates/templatesfunctions.go:482.29,484.2 1 0
github.com/GoMudEngine/GoMud/internal/templates/templatesfunctions.go:486.24,487.12 1 0
github.com/GoMudEngine/GoMud/internal/templates/templatesfunctions.go:487.12,489.3 1 0
github.com/GoMudEngine/GoMud/internal/templates/templatesfunctions.go:490.2,490.22 1 0
github.com/GoMudEngine/GoMud/internal/templates/templatesfunctions.go:493.35,495.2 1 0
github.com/GoMudEngine/GoMud/internal/templates/templatesfunctions.go:497.40,499.2 1 0
github.com/GoMudEngine/GoMud/internal/templates/templatesfunctions.go:501.58,503.15 2 1
github.com/GoMudEngine/GoMud/internal/templates/templatesfunctions.go:503.15,505.3 1 1
github.com/GoMudEngine/GoMud/internal/templates/templatesfunctions.go:506.2,506.22 1 1
github.com/GoMudEngine/GoMud/internal/templates/templatesfunctions.go:506.22,508.3 1 1
github.com/GoMudEngine/GoMud/internal/templates/templatesfunctions.go:509.2,509.12 1 1
github.com/GoMudEngine/GoMud/internal/templates/templatesfunctions.go:512.41,519.14 6 1
github.com/GoMudEngine/GoMud/internal/templates/templatesfunctions.go:519.14,520.16 1 0
github.com/GoMudEngine/GoMud/internal/templates/templatesfunctions.go:520.16,522.4 1 0
github.com/GoMudEngine/GoMud/internal/templates/templatesfunctions.go:522.9,524.4 1 0
github.com/GoMudEngine/GoMud/internal/templates/templatesfunctions.go:526.2,526.27 1 1
github.com/GoMudEngine/GoMud/internal/templates/templatesfunctions.go:526.27,527.17 1 0
github.com/GoMudEngine/GoMud/internal/templates/templatesfunctions.go:527.17,529.4 1 0
github.com/GoMudEngine/GoMud/internal/templates/templatesfunctions.go:529.9,531.4 1 0
github.com/GoMudEngine/GoMud/internal/templates/templatesfunctions.go:533.2,533.42 1 1
github.com/GoMudEngine/GoMud/internal/templates/templatesfunctions.go:533.42,534.19 1 0
github.com/GoMudEngine/GoMud/internal/templates/templatesfunctions.go:534.19,536.4 1 0
github.com/GoMudEngine/GoMud/internal/templates/templatesfunctions.go:536.9,538.4 1 0
github.com/GoMudEngine/GoMud/internal/templates/templatesfunctions.go:541.2,541.17 1 1
github.com/GoMudEngine/GoMud/internal/templates/templatesfunctions.go:541.17,542.19 1 1
github.com/GoMudEngine/GoMud/internal/templates/templatesfunctions.go:542.19,544.4 1 0
github.com/GoMudEngine/GoMud/internal/templates/templatesfunctions.go:544.9,546.4 1 1
github.com/GoMudEngine/GoMud/internal/templates/templatesfunctions.go:549.2,549.18 1 1
github.com/GoMudEngine/GoMud/internal/templates/templatesfunctions.go:549.18,551.3 1 0
github.com/GoMudEngine/GoMud/internal/templates/templatesfunctions.go:553.2,553.34 1 1
github.com/GoMudEngine/GoMud/internal/templates/templatesfunctions.go:556.38,558.37 2 0
github.com/GoMudEngine/GoMud/internal/templates/templatesfunctions.go:558.37,560.3 1 0
github.com/GoMudEngine/GoMud/internal/templates/templatesfunctions.go:562.2,562.10 1 0
